Component: ARM Compiler 5.06 update 5 (build 528) Tool: armlink [4d35e2]

==============================================================================

Section Cross References

    startup_stm32f103xb.o(STACK) refers (Special) to heapauxi.o(.text) for __use_two_region_memory
    startup_stm32f103xb.o(HEAP) refers (Special) to heapauxi.o(.text) for __use_two_region_memory
    startup_stm32f103xb.o(RESET) refers (Special) to heapauxi.o(.text) for __use_two_region_memory
    startup_stm32f103xb.o(RESET) refers to startup_stm32f103xb.o(STACK) for __initial_sp
    startup_stm32f103xb.o(RESET) refers to startup_stm32f103xb.o(.text) for Reset_Handler
    startup_stm32f103xb.o(RESET) refers to stm32f1xx_it.o(i.NMI_Handler) for NMI_Handler
    startup_stm32f103xb.o(RESET) refers to stm32f1xx_it.o(i.HardFault_Handler) for HardFault_Handler
    startup_stm32f103xb.o(RESET) refers to stm32f1xx_it.o(i.MemManage_Handler) for MemManage_Handler
    startup_stm32f103xb.o(RESET) refers to stm32f1xx_it.o(i.BusFault_Handler) for BusFault_Handler
    startup_stm32f103xb.o(RESET) refers to stm32f1xx_it.o(i.UsageFault_Handler) for UsageFault_Handler
    startup_stm32f103xb.o(RESET) refers to port.o(.emb_text) for SVC_Handler
    startup_stm32f103xb.o(RESET) refers to stm32f1xx_it.o(i.DebugMon_Handler) for DebugMon_Handler
    startup_stm32f103xb.o(RESET) refers to port.o(i.SysTick_Handler) for SysTick_Handler
    startup_stm32f103xb.o(RESET) refers to stm32f1xx_it.o(i.TIM1_UP_IRQHandler) for TIM1_UP_IRQHandler
    startup_stm32f103xb.o(RESET) refers to stm32f1xx_it.o(i.USART2_IRQHandler) for USART2_IRQHandler
    startup_stm32f103xb.o(.text) refers (Special) to heapauxi.o(.text) for __use_two_region_memory
    startup_stm32f103xb.o(.text) refers to system_stm32f1xx.o(i.SystemInit) for SystemInit
    startup_stm32f103xb.o(.text) refers to __main.o(!!!main) for __main
    startup_stm32f103xb.o(.text) refers to startup_stm32f103xb.o(HEAP) for Heap_Mem
    startup_stm32f103xb.o(.text) refers to startup_stm32f103xb.o(STACK) for Stack_Mem
    pid.o(i.PID_incremental_PID_calculation) refers to faddsub_clz.o(x$fpl$fsub) for __aeabi_fsub
    pid.o(i.PID_incremental_PID_calculation) refers to fleqf.o(x$fpl$fleqf) for __aeabi_cfcmple
    pid.o(i.PID_incremental_PID_calculation) refers to fmul.o(x$fpl$fmul) for __aeabi_fmul
    pid.o(i.PID_incremental_PID_calculation) refers to scalbnf.o(x$fpl$scalbnf) for __ARM_scalbnf
    pid.o(i.PID_incremental_PID_calculation) refers to faddsub_clz.o(x$fpl$fadd) for __aeabi_fadd
    pid.o(i.PID_incremental_PID_calculation) refers to frleqf.o(x$fpl$frleqf) for __aeabi_cfrcmple
    pid.o(i.PID_position_PID_calculation_by_error) refers to fleqf.o(x$fpl$fleqf) for __aeabi_cfcmple
    pid.o(i.PID_position_PID_calculation_by_error) refers to faddsub_clz.o(x$fpl$fadd) for __aeabi_fadd
    pid.o(i.PID_position_PID_calculation_by_error) refers to faddsub_clz.o(x$fpl$fsub) for __aeabi_fsub
    pid.o(i.PID_position_PID_calculation_by_error) refers to fmul.o(x$fpl$fmul) for __aeabi_fmul
    pid.o(i.PID_position_PID_calculation_by_error) refers to frleqf.o(x$fpl$frleqf) for __aeabi_cfrcmple
    vofa.o(i.HAL_UART_RxCpltCallback) refers to vofa.o(i.Vofa_Handle_Receive) for Vofa_Handle_Receive
    vofa.o(i.HAL_UART_RxCpltCallback) refers to vofa.o(i.StartUartReceiveIT) for StartUartReceiveIT
    vofa.o(i.HAL_UART_RxCpltCallback) refers to usart.o(.bss) for huart2
    vofa.o(i.HAL_UART_RxCpltCallback) refers to vofa.o(.data) for .data
    vofa.o(i.StartUartReceiveIT) refers to stm32f1xx_hal_uart.o(i.HAL_UART_Receive_IT) for HAL_UART_Receive_IT
    vofa.o(i.StartUartReceiveIT) refers to vofa.o(.data) for .data
    vofa.o(i.StartUartReceiveIT) refers to usart.o(.bss) for huart2
    vofa.o(i.Vofa_Handle_Receive) refers to vofa.o(.data) for .data
    vofa.o(i.Vofa_SendFloat) refers to stm32f1xx_hal_uart.o(i.HAL_UART_Transmit) for HAL_UART_Transmit
    vofa.o(i.Vofa_SendFloat) refers to usart.o(.bss) for huart2
    vofa.o(i.Vofa_Tail) refers to stm32f1xx_hal_uart.o(i.HAL_UART_Transmit) for HAL_UART_Transmit
    vofa.o(i.Vofa_Tail) refers to usart.o(.bss) for huart2
    oled.o(i.OLED_Clear) refers to oled.o(i.OLED_SetCursor) for OLED_SetCursor
    oled.o(i.OLED_Clear) refers to oled.o(i.OLED_WriteData) for OLED_WriteData
    oled.o(i.OLED_I2C_Init) refers to stm32f1xx_hal_gpio.o(i.HAL_GPIO_WritePin) for HAL_GPIO_WritePin
    oled.o(i.OLED_I2C_SendByte) refers to stm32f1xx_hal_gpio.o(i.HAL_GPIO_WritePin) for HAL_GPIO_WritePin
    oled.o(i.OLED_I2C_Start) refers to stm32f1xx_hal_gpio.o(i.HAL_GPIO_WritePin) for HAL_GPIO_WritePin
    oled.o(i.OLED_I2C_Stop) refers to stm32f1xx_hal_gpio.o(i.HAL_GPIO_WritePin) for HAL_GPIO_WritePin
    oled.o(i.OLED_Init) refers to oled.o(i.OLED_I2C_Init) for OLED_I2C_Init
    oled.o(i.OLED_Init) refers to oled.o(i.OLED_WriteCommand) for OLED_WriteCommand
    oled.o(i.OLED_Init) refers to oled.o(i.OLED_Clear) for OLED_Clear
[...]
    __rt_lib_init_rand_1                     0x08000163   Thumb Code     0  libinit2.o(.ARM.Collect$$libinit$$0000000E)
    __rt_lib_init_return                     0x08000163   Thumb Code     0  libinit2.o(.ARM.Collect$$libinit$$00000033)
    __rt_lib_init_signal_1                   0x08000163   Thumb Code     0  libinit2.o(.ARM.Collect$$libinit$$0000001D)
    __rt_lib_init_stdio_1                    0x08000163   Thumb Code     0  libinit2.o(.ARM.Collect$$libinit$$00000025)
    __rt_lib_init_user_alloc_1               0x08000163   Thumb Code     0  libinit2.o(.ARM.Collect$$libinit$$0000000C)
    __rt_lib_shutdown                        0x08000165   Thumb Code     0  libshutdown.o(.ARM.Collect$$libshutdown$$00000000)
    __rt_lib_shutdown_cpp_1                  0x08000167   Thumb Code     0  libshutdown2.o(.ARM.Collect$$libshutdown$$00000002)
    __rt_lib_shutdown_fp_trap_1              0x08000167   Thumb Code     0  libshutdown2.o(.ARM.Collect$$libshutdown$$00000007)
    __rt_lib_shutdown_heap_1                 0x08000167   Thumb Code     0  libshutdown2.o(.ARM.Collect$$libshutdown$$0000000F)
    __rt_lib_shutdown_return                 0x08000167   Thumb Code     0  libshutdown2.o(.ARM.Collect$$libshutdown$$00000010)
    __rt_lib_shutdown_signal_1               0x08000167   Thumb Code     0  libshutdown2.o(.ARM.Collect$$libshutdown$$0000000A)
    __rt_lib_shutdown_stdio_1                0x08000167   Thumb Code     0  libshutdown2.o(.ARM.Collect$$libshutdown$$00000004)
    __rt_lib_shutdown_user_alloc_1           0x08000167   Thumb Code     0  libshutdown2.o(.ARM.Collect$$libshutdown$$0000000C)
    __rt_entry                               0x08000169   Thumb Code     0  __rtentry.o(.ARM.Collect$$rtentry$$00000000)
    __rt_entry_presh_1                       0x08000169   Thumb Code     0  __rtentry2.o(.ARM.Collect$$rtentry$$00000002)
    __rt_entry_sh                            0x08000169   Thumb Code     0  __rtentry4.o(.ARM.Collect$$rtentry$$00000004)
    __rt_entry_li                            0x0800016f   Thumb Code     0  __rtentry2.o(.ARM.Collect$$rtentry$$0000000A)
    __rt_entry_postsh_1                      0x0800016f   Thumb Code     0  __rtentry2.o(.ARM.Collect$$rtentry$$00000009)
    __rt_entry_main                          0x08000173   Thumb Code     0  __rtentry2.o(.ARM.Collect$$rtentry$$0000000D)
    __rt_entry_postli_1                      0x08000173   Thumb Code     0  __rtentry2.o(.ARM.Collect$$rtentry$$0000000C)
    __rt_exit                                0x0800017b   Thumb Code     0  rtexit.o(.ARM.Collect$$rtexit$$00000000)
    __rt_exit_ls                             0x0800017d   Thumb Code     0  rtexit2.o(.ARM.Collect$$rtexit$$00000003)
    __rt_exit_prels_1                        0x0800017d   Thumb Code     0  rtexit2.o(.ARM.Collect$$rtexit$$00000002)
    __rt_exit_exit                           0x08000181   Thumb Code     0  rtexit2.o(.ARM.Collect$$rtexit$$00000004)
    SVC_Handler                              0x08000189   Thumb Code    32  port.o(.emb_text)
    __asm___6_port_c_39a90d8d__prvStartFirstTask 0x080001ad   Thumb Code    28  port.o(.emb_text)
    PendSV_Handler                           0x080001cd   Thumb Code    72  port.o(.emb_text)
    vPortGetIPSR                             0x08000219   Thumb Code     6  port.o(.emb_text)
    Reset_Handler                            0x08000221   Thumb Code     8  startup_stm32f103xb.o(.text)
    ADC1_2_IRQHandler                        0x0800023b   Thumb Code     0  startup_stm32f103xb.o(.text)
    CAN1_RX1_IRQHandler                      0x0800023b   Thumb Code     0  startup_stm32f103xb.o(.text)
    CAN1_SCE_IRQHandler                      0x0800023b   Thumb Code     0  startup_stm32f103xb.o(.text)
    DMA1_Channel1_IRQHandler                 0x0800023b   Thumb Code     0  startup_stm32f103xb.o(.text)
    DMA1_Channel2_IRQHandler                 0x0800023b   Thumb Code     0  startup_stm32f103xb.o(.text)
    DMA1_Channel3_IRQHandler                 0x0800023b   Thumb Code     0  startup_stm32f103xb.o(.text)
    DMA1_Channel4_IRQHandler                 0x0800023b   Thumb Code     0  startup_stm32f103xb.o(.text)
    DMA1_Channel5_IRQHandler                 0x0800023b   Thumb Code     0  startup_stm32f103xb.o(.text)
    DMA1_Channel6_IRQHandler                 0x0800023b   Thumb Code     0  startup_stm32f103xb.o(.text)
    DMA1_Channel7_IRQHandler                 0x0800023b   Thumb Code     0  startup_stm32f103xb.o(.text)
    EXTI0_IRQHandler                         0x0800023b   Thumb Code     0  startup_stm32f103xb.o(.text)
    EXTI15_10_IRQHandler                     0x0800023b   Thumb Code     0  startup_stm32f103xb.o(.text)
    EXTI1_IRQHandler                         0x0800023b   Thumb Code     0  startup_stm32f103xb.o(.text)
    EXTI2_IRQHandler                         0x0800023b   Thumb Code     0  startup_stm32f103xb.o(.text)
    EXTI3_IRQHandler                         0x0800023b   Thumb Code     0  startup_stm32f103xb.o(.text)
    EXTI4_IRQHandler                         0x0800023b   Thumb Code     0  startup_stm32f103xb.o(.text)
    EXTI9_5_IRQHandler                       0x0800023b   Thumb Code     0  startup_stm32f103xb.o(.text)
    FLASH_IRQHandler                         0x0800023b   Thumb Code     0  startup_stm32f103xb.o(.text)
    I2C1_ER_IRQHandler                       0x0800023b   Thumb Code     0  startup_stm32f103xb.o(.text)
    I2C1_EV_IRQHandler                       0x0800023b   Thumb Code     0  startup_stm32f103xb.o(.text)
    I2C2_ER_IRQHandler                       0x0800023b   Thumb Code     0  startup_stm32f103xb.o(.text)
    I2C2_EV_IRQHandler                       0x0800023b   Thumb Code     0  startup_stm32f103xb.o(.text)
    PVD_IRQHandler                           0x0800023b   Thumb Code     0  startup_stm32f103xb.o(.text)
    RCC_IRQHandler                           0x0800023b   Thumb Code     0  startup_stm32f103xb.o(.text)
    RTC_Alarm_IRQHandler                     0x0800023b   Thumb Code     0  startup_stm32f103xb.o(.text)
    RTC_IRQHandler                           0x0800023b   Thumb Code     0  startup_stm32f103xb.o(.text)
    SPI1_IRQHandler                          0x0800023b   Thumb Code     0  startup_stm32f103xb.o(.text)
    SPI2_IRQHandler                          0x0800023b   Thumb Code     0  startup_stm32f103xb.o(.text)
    TAMPER_IRQHandler                        0x0800023b   Thumb Code     0  startup_stm32f103xb.o(.text)
    TIM1_BRK_IRQHandler                      0x0800023b   Thumb Code     0  startup_stm32f103xb.o(.text)
    TIM1_CC_IRQHandler                       0x0800023b   Thumb Code     0  startup_stm32f103xb.o(.text)
    TIM1_TRG_COM_IRQHandler                  0x0800023b   Thumb Code     0  startup_stm32f103xb.o(.text)
    TIM2_IRQHandler                          0x0800023b   Thumb Code     0  startup_stm32f103xb.o(.text)
    TIM3_IRQHandler                          0x0800023b   Thumb Code     0  startup_stm32f103xb.o(.text)
    TIM4_IRQHandler                          0x0800023b   Thumb Code     0  startup_stm32f103xb.o(.text)
    USART1_IRQHandler                        0x0800023b   Thumb Code     0  startup_stm32f103xb.o(.text)
    USART3_IRQHandler                        0x0800023b   Thumb Code     0  startup_stm32f103xb.o(.text)
    USBWakeUp_IRQHandler                     0x0800023b   Thumb Code     0  startup_stm32f103xb.o(.text)
    USB_HP_CAN1_TX_IRQHandler                0x0800023b   Thumb Code     0  startup_stm32f103xb.o(.text)
    USB_LP_CAN1_RX0_IRQHandler               0x0800023b   Thumb Code     0  startup_stm32f103xb.o(.text)
    WWDG_IRQHandler                          0x0800023b   Thumb Code     0  startup_stm32f103xb.o(.text)
    __user_initial_stackheap                 0x0800023d   Thumb Code     0  startup_stm32f103xb.o(.text)
    __aeabi_ldivmod                          0x08000261   Thumb Code     0  llsdiv.o(.text)
    _ll_sdiv                                 0x08000261   Thumb Code    72  llsdiv.o(.text)
    memcmp                                   0x080002a9   Thumb Code    88  memcmp.o(.text)
    __aeabi_memcpy                           0x08000301   Thumb Code     0  rt_memcpy_v6.o(.text)
    __rt_memcpy                              0x08000301   Thumb Code   138  rt_memcpy_v6.o(.text)
    _memcpy_lastbytes                        0x08000367   Thumb Code     0  rt_memcpy_v6.o(.text)
    __aeabi_memcpy4                          0x0800038b   Thumb Code     0  rt_memcpy_w.o(.text)
    __aeabi_memcpy8                          0x0800038b   Thumb Code     0  rt_memcpy_w.o(.text)
    __rt_memcpy_w                            0x0800038b   Thumb Code   100  rt_memcpy_w.o(.text)
    _memcpy_lastbytes_aligned                0x080003d3   Thumb Code     0  rt_memcpy_w.o(.text)
    __aeabi_memset                           0x080003ef   Thumb Code    16  aeabi_memset.o(.text)
    __aeabi_memclr4                          0x080003ff   Thumb Code     0  rt_memclr_w.o(.text)
    __aeabi_memclr8                          0x080003ff   Thumb Code     0  rt_memclr_w.o(.text)
    __rt_memclr_w                            0x080003ff   Thumb Code    78  rt_memclr_w.o(.text)
    _memset_w                                0x08000403   Thumb Code     0  rt_memclr_w.o(.text)
    __use_two_region_memory                  0x0800044d   Thumb Code     2  heapauxi.o(.text)
    __rt_heap_escrow$2region                 0x0800044f   Thumb Code     2  heapauxi.o(.text)
    __rt_heap_expand$2region                 0x08000451   Thumb Code     2  heapauxi.o(.text)
    __aeabi_uldivmod                         0x08000453   Thumb Code     0  lludivv7m.o(.text)
    _ll_udiv                                 0x08000453   Thumb Code   238  lludivv7m.o(.text)
    __read_errno                             0x08000541   Thumb Code    10  _rserrno.o(.text)
    __set_errno                              0x0800054b   Thumb Code    12  _rserrno.o(.text)
    __aeabi_memclr                           0x08000557   Thumb Code     0  rt_memclr.o(.text)
    __rt_memclr                              0x08000557   Thumb Code    68  rt_memclr.o(.text)
    _memset                                  0x0800055b   Thumb Code     0  rt_memclr.o(.text)
    __aeabi_errno_addr                       0x0800059d   Thumb Code     8  rt_errno_addr_intlibspace.o(.text)
    __errno$intlibspace                      0x0800059d   Thumb Code     0  rt_errno_addr_intlibspace.o(.text)
    __rt_errno_addr$intlibspace              0x0800059d   Thumb Code     0  rt_errno_addr_intlibspace.o(.text)
    __user_libspace                          0x080005a5   Thumb Code     8  libspace.o(.text)
    __user_perproc_libspace                  0x080005a5   Thumb Code     0  libspace.o(.text)
    __user_perthread_libspace                0x080005a5   Thumb Code     0  libspace.o(.text)
    __user_setup_stackheap                   0x080005ad   Thumb Code    74  sys_stackheap_outer.o(.text)
    exit                                     0x080005f7   Thumb Code    18  exit.o(.text)
    _sys_exit                                0x08000609   Thumb Code     8  sys_exit.o(.text)
    __I$use$semihosting                      0x08000615   Thumb Code     0  use_no_semi.o(.text)
    __use_no_semihosting_swi                 0x08000615   Thumb Code     2  use_no_semi.o(.text)
    BusFault_Handler                         0x08000617   Thumb Code     2  stm32f1xx_it.o(i.BusFault_Handler)
    __semihosting_library_function           0x08000617   Thumb Code     0  indicate_semi.o(.text)
    DebugMon_Handler                         0x08000619   Thumb Code     2  stm32f1xx_it.o(i.DebugMon_Handler)
    Error_Handler                            0x0800061b   Thumb Code     4  main.o(i.Error_Handler)
    HAL_DMA_Abort                            0x0800061f   Thumb Code    70  stm32f1xx_hal_dma.o(i.HAL_DMA_Abort)
    HAL_DMA_Abort_IT                         0x08000665   Thumb Code   148  stm32f1xx_hal_dma.o(i.HAL_DMA_Abort_IT)
    HAL_Delay                                0x080006fd   Thumb Code    32  stm32f1xx_hal.o(i.HAL_Delay)
    HAL_GPIO_Init                            0x08000721   Thumb Code   446  stm32f1xx_hal_gpio.o(i.HAL_GPIO_Init)
    HAL_GPIO_WritePin                        0x08000901   Thumb Code    10  stm32f1xx_hal_gpio.o(i.HAL_GPIO_WritePin)
    HAL_GetTick                              0x0800090d   Thumb Code     6  stm32f1xx_hal.o(i.HAL_GetTick)
    HAL_I2C_Init                             0x08000919   Thumb Code   376  stm32f1xx_hal_i2c.o(i.HAL_I2C_Init)
    HAL_I2C_Mem_Read                         0x08000aa1   Thumb Code   586  stm32f1xx_hal_i2c.o(i.HAL_I2C_Mem_Read)
    HAL_I2C_Mem_Write                        0x08000cfd   Thumb Code   294  stm32f1xx_hal_i2c.o(i.HAL_I2C_Mem_Write)
    HAL_I2C_MspInit                          0x08000e2d   Thumb Code    82  i2c.o(i.HAL_I2C_MspInit)
    HAL_IncTick                              0x08000e8d   Thumb Code    12  stm32f1xx_hal.o(i.HAL_IncTick)
    HAL_Init                                 0x08000e9d   Thumb Code    32  stm32f1xx_hal.o(i.HAL_Init)
    HAL_InitTick                             0x08000ec1   Thumb Code   118  stm32f1xx_hal_timebase_tim.o(i.HAL_InitTick)
    HAL_MspInit                              0x08000f4d   Thumb Code    62  stm32f1xx_hal_msp.o(i.HAL_MspInit)
    HAL_NVIC_EnableIRQ                       0x08000f95   Thumb Code    26  stm32f1xx_hal_cortex.o(i.HAL_NVIC_EnableIRQ)
    HAL_NVIC_SetPriority                     0x08000fb1   Thumb Code    60  stm32f1xx_hal_cortex.o(i.HAL_NVIC_SetPriority)
    HAL_NVIC_SetPriorityGrouping             0x08000ff1   Thumb Code    26  stm32f1xx_hal_cortex.o(i.HAL_NVIC_SetPriorityGrouping)
    HAL_RCC_ClockConfig                      0x08001015   Thumb Code   280  stm32f1xx_hal_rcc.o(i.HAL_RCC_ClockConfig)
    HAL_RCC_GetClockConfig                   0x08001141   Thumb Code    54  stm32f1xx_hal_rcc.o(i.HAL_RCC_GetClockConfig)
    HAL_RCC_GetPCLK1Freq                     0x08001181   Thumb Code    20  stm32f1xx_hal_rcc.o(i.HAL_RCC_GetPCLK1Freq)
    HAL_RCC_GetPCLK2Freq                     0x080011a1   Thumb Code    20  stm32f1xx_hal_rcc.o(i.HAL_RCC_GetPCLK2Freq)
    HAL_RCC_GetSysClockFreq                  0x080011c1   Thumb Code    58  stm32f1xx_hal_rcc.o(i.HAL_RCC_GetSysClockFreq)
    HAL_RCC_OscConfig                        0x0800120d   Thumb Code   778  stm32f1xx_hal_rcc.o(i.HAL_RCC_OscConfig)
    HAL_TIMEx_BreakCallback                  0x0800152d   Thumb Code     2  stm32f1xx_hal_tim_ex.o(i.HAL_TIMEx_BreakCallback)
    HAL_TIMEx_CommutCallback                 0x0800152f   Thumb Code     2  stm32f1xx_hal_tim_ex.o(i.HAL_TIMEx_CommutCallback)
    HAL_TIMEx_MasterConfigSynchronization    0x08001531   Thumb Code    92  stm32f1xx_hal_tim_ex.o(i.HAL_TIMEx_MasterConfigSynchronization)
    HAL_TIM_Base_Init                        0x08001599   Thumb Code    90  stm32f1xx_hal_tim.o(i.HAL_TIM_Base_Init)
    HAL_TIM_Base_MspInit                     0x080015f5   Thumb Code    30  tim.o(i.HAL_TIM_Base_MspInit)
    HAL_TIM_Base_Start_IT                    0x08001619   Thumb Code    76  stm32f1xx_hal_tim.o(i.HAL_TIM_Base_Start_IT)
    HAL_TIM_ConfigClockSource                0x08001671   Thumb Code   220  stm32f1xx_hal_tim.o(i.HAL_TIM_ConfigClockSource)
    HAL_TIM_Encoder_Init                     0x0800174d   Thumb Code   164  stm32f1xx_hal_tim.o(i.HAL_TIM_Encoder_Init)
    HAL_TIM_Encoder_MspInit                  0x080017f1   Thumb Code   118  tim.o(i.HAL_TIM_Encoder_MspInit)
    HAL_TIM_Encoder_Start                    0x0800187d   Thumb Code   142  stm32f1xx_hal_tim.o(i.HAL_TIM_Encoder_Start)
    HAL_TIM_IC_CaptureCallback               0x0800190b   Thumb Code     2  stm32f1xx_hal_tim.o(i.HAL_TIM_IC_CaptureCallback)
    HAL_TIM_IRQHandler                       0x0800190d   Thumb Code   304  stm32f1xx_hal_tim.o(i.HAL_TIM_IRQHandler)
    HAL_TIM_MspPostInit                      0x08001a3d   Thumb Code    78  tim.o(i.HAL_TIM_MspPostInit)
    HAL_TIM_OC_DelayElapsedCallback          0x08001a99   Thumb Code     2  stm32f1xx_hal_tim.o(i.HAL_TIM_OC_DelayElapsedCallback)
    HAL_TIM_PWM_ConfigChannel                0x08001a9b   Thumb Code   204  stm32f1xx_hal_tim.o(i.HAL_TIM_PWM_ConfigChannel)
    HAL_TIM_PWM_Init                         0x08001b67   Thumb Code    90  stm32f1xx_hal_tim.o(i.HAL_TIM_PWM_Init)
    HAL_TIM_PWM_MspInit                      0x08001bc1   Thumb Code     2  stm32f1xx_hal_tim.o(i.HAL_TIM_PWM_MspInit)
    HAL_TIM_PWM_PulseFinishedCallback        0x08001bc3   Thumb Code     2  stm32f1xx_hal_tim.o(i.HAL_TIM_PWM_PulseFinishedCallback)
    HAL_TIM_PWM_Start                        0x08001bc5   Thumb Code   144  stm32f1xx_hal_tim.o(i.HAL_TIM_PWM_Start)
    HAL_TIM_PeriodElapsedCallback            0x08001c61   Thumb Code    14  main.o(i.HAL_TIM_PeriodElapsedCallback)
    HAL_TIM_TriggerCallback                  0x08001c75   Thumb Code     2  stm32f1xx_hal_tim.o(i.HAL_TIM_TriggerCallback)
    HAL_UARTEx_RxEventCallback               0x08001c77   Thumb Code     2  stm32f1xx_hal_uart.o(i.HAL_UARTEx_RxEventCallback)
    HAL_UART_ErrorCallback                   0x08001c79   Thumb Code     2  stm32f1xx_hal_uart.o(i.HAL_UART_ErrorCallback)
    HAL_UART_IRQHandler                      0x08001c7d   Thumb Code   616  stm32f1xx_hal_uart.o(i.HAL_UART_IRQHandler)
    HAL_UART_Init                            0x08001ee9   Thumb Code   100  stm32f1xx_hal_uart.o(i.HAL_UART_Init)
    HAL_UART_MspInit                         0x08001f4d   Thumb Code   114  usart.o(i.HAL_UART_MspInit)
    HAL_UART_Receive_IT                      0x08001fcd   Thumb Code    28  stm32f1xx_hal_uart.o(i.HAL_UART_Receive_IT)
    HAL_UART_RxCpltCallback                  0x08001fe9   Thumb Code    24  vofa.o(i.HAL_UART_RxCpltCallback)
    HAL_UART_Transmit                        0x08002009   Thumb Code   160  stm32f1xx_hal_uart.o(i.HAL_UART_Transmit)
    HAL_UART_TxCpltCallback                  0x080020a9   Thumb Code     2  stm32f1xx_hal_uart.o(i.HAL_UART_TxCpltCallback)
    HardFault_Handler                        0x080020ab   Thumb Code     2  stm32f1xx_it.o(i.HardFault_Handler)
    MPU6050_DMP_Get_Date                     0x080024ed   Thumb Code   406  mpu6050.o(i.MPU6050_DMP_Get_Date)
    MPU6050_DMP_init                         0x08002689   Thumb Code   172  mpu6050.o(i.MPU6050_DMP_init)
    MX_FREERTOS_Init                         0x08002739   Thumb Code   110  freertos.o(i.MX_FREERTOS_Init)
    MX_GPIO_Init                             0x080027b1   Thumb Code   102  gpio.o(i.MX_GPIO_Init)
    MX_I2C2_Init                             0x08002821   Thumb Code    50  i2c.o(i.MX_I2C2_Init)
    MX_TIM2_Init                             0x08002861   Thumb Code   164  tim.o(i.MX_TIM2_Init)
    MX_TIM3_Init                             0x08002909   Thumb Code   106  tim.o(i.MX_TIM3_Init)
    MX_TIM4_Init                             0x0800297d   Thumb Code   106  tim.o(i.MX_TIM4_Init)
    MX_USART2_UART_Init                      0x080029f1   Thumb Code    48  usart.o(i.MX_USART2_UART_Init)
    MemManage_Handler                        0x08002a29   Thumb Code     2  stm32f1xx_it.o(i.MemManage_Handler)
    NMI_Handler                              0x08002a2b   Thumb Code     2  stm32f1xx_it.o(i.NMI_Handler)
    OLED_Clear                               0x08002a2d   Thumb Code    38  oled.o(i.OLED_Clear)
    OLED_I2C_Init                            0x08002a55   Thumb Code    28  oled.o(i.OLED_I2C_Init)
    OLED_I2C_SendByte                        0x08002a75   Thumb Code    86  oled.o(i.OLED_I2C_SendByte)
    OLED_I2C_Start                           0x08002ad1   Thumb Code    52  oled.o(i.OLED_I2C_Start)
    OLED_I2C_Stop                            0x08002b09   Thumb Code    42  oled.o(i.OLED_I2C_Stop)
    OLED_Init                                0x08002b39   Thumb Code   172  oled.o(i.OLED_Init)
    OLED_Pow                                 0x08002be5   Thumb Code    14  oled.o(i.OLED_Pow)
    OLED_SetCursor                           0x08002bf3   Thumb Code    34  oled.o(i.OLED_SetCursor)
    OLED_ShowChar                            0x08002c15   Thumb Code    98  oled.o(i.OLED_ShowChar)
    OLED_ShowSignedNum                       0x08002c7d   Thumb Code    88  oled.o(i.OLED_ShowSignedNum)
    OLED_WriteCommand                        0x08002cd5   Thumb Code    34  oled.o(i.OLED_WriteCommand)
    OLED_WriteData                           0x08002cf7   Thumb Code    34  oled.o(i.OLED_WriteData)
    PID_incremental_PID_calculation          0x08002d19   Thumb Code   198  pid.o(i.PID_incremental_PID_calculation)
    PID_parameter_init                       0x08002ddf   Thumb Code    34  pid.o(i.PID_parameter_init)
    PID_reset_PID                            0x08002e01   Thumb Code     6  pid.o(i.PID_reset_PID)
    StartDebug                               0x08002e09   Thumb Code   100  freertos.o(i.StartDebug)
    StartMotorCtrl                           0x08002e71   Thumb Code   184  freertos.o(i.StartMotorCtrl)
    StartRPMGet                              0x08002f59   Thumb Code   174  freertos.o(i.StartRPMGet)
    StartUartReceiveIT                       0x0800302d   Thumb Code    10  vofa.o(i.StartUartReceiveIT)
    StartVofa                                0x08003041   Thumb Code    12  freertos.o(i.StartVofa)
    SysTick_Handler                          0x0800304d   Thumb Code    38  port.o(i.SysTick_Handler)
    SystemClock_Config                       0x08003079   Thumb Code    94  main.o(i.SystemClock_Config)
    SystemInit                               0x080030d7   Thumb Code     2  system_stm32f1xx.o(i.SystemInit)
    TIM1_UP_IRQHandler                       0x080030d9   Thumb Code     6  stm32f1xx_it.o(i.TIM1_UP_IRQHandler)
    TIM_Base_SetConfig                       0x080030e5   Thumb Code   108  stm32f1xx_hal_tim.o(i.TIM_Base_SetConfig)
    TIM_CCxChannelCmd                        0x0800315d   Thumb Code    26  stm32f1xx_hal_tim.o(i.TIM_CCxChannelCmd)
    TIM_ETR_SetConfig                        0x08003177   Thumb Code    20  stm32f1xx_hal_tim.o(i.TIM_ETR_SetConfig)
    TIM_OC2_SetConfig                        0x080031ed   Thumb Code    84  stm32f1xx_hal_tim.o(i.TIM_OC2_SetConfig)
    UART_Start_Receive_IT                    0x08003501   Thumb Code    54  stm32f1xx_hal_uart.o(i.UART_Start_Receive_IT)
    USART2_IRQHandler                        0x080035a9   Thumb Code     6  stm32f1xx_it.o(i.USART2_IRQHandler)
    UsageFault_Handler                       0x080035b5   Thumb Code     2  stm32f1xx_it.o(i.UsageFault_Handler)
    Vofa_Handle_Receive                      0x080035b9   Thumb Code   116  vofa.o(i.Vofa_Handle_Receive)
    Vofa_SendFloat                           0x08003631   Thumb Code    20  vofa.o(i.Vofa_SendFloat)
    Vofa_Tail                                0x08003649   Thumb Code    24  vofa.o(i.Vofa_Tail)
    __ARM_fpclassify                         0x08003669   Thumb Code    40  fpclassify.o(i.__ARM_fpclassify)
    __kernel_poly                            0x080036b1   Thumb Code   170  poly.o(i.__kernel_poly)
    __mathlib_dbl_infnan                     0x0800375b   Thumb Code     6  dunder.o(i.__mathlib_dbl_infnan)
    __mathlib_dbl_infnan2                    0x08003761   Thumb Code     4  dunder.o(i.__mathlib_dbl_infnan2)
    __mathlib_dbl_invalid                    0x08003765   Thumb Code    12  dunder.o(i.__mathlib_dbl_invalid)
    __mathlib_dbl_underflow                  0x08003771   Thumb Code    10  dunder.o(i.__mathlib_dbl_underflow)
    asin                                     0x08003801   Thumb Code   572  asin.o(i.asin)
    atan                                     0x08003a71   Thumb Code   474  atan.o(i.atan)
    atan2                                    0x08003c91   Thumb Code   346  atan2.o(i.atan2)
    dmp_enable_6x_lp_quat                    0x08003e11   Thumb Code    58  inv_mpu_dmp_motion_driver.o(i.dmp_enable_6x_lp_quat)
    dmp_enable_feature                       0x08003e4d   Thumb Code   464  inv_mpu_dmp_motion_driver.o(i.dmp_enable_feature)
    dmp_enable_gyro_cal                      0x08004025   Thumb Code    34  inv_mpu_dmp_motion_driver.o(i.dmp_enable_gyro_cal)
    dmp_enable_lp_quat                       0x08004061   Thumb Code    58  inv_mpu_dmp_motion_driver.o(i.dmp_enable_lp_quat)
    dmp_load_motion_driver_firmware          0x0800409d   Thumb Code    16  inv_mpu_dmp_motion_driver.o(i.dmp_load_motion_driver_firmware)
    dmp_read_fifo                            0x080040b1   Thumb Code   322  inv_mpu_dmp_motion_driver.o(i.dmp_read_fifo)
    dmp_set_accel_bias                       0x080041f9   Thumb Code   212  inv_mpu_dmp_motion_driver.o(i.dmp_set_accel_bias)
    dmp_set_fifo_rate                        0x080042d1   Thumb Code    82  inv_mpu_dmp_motion_driver.o(i.dmp_set_fifo_rate)
    dmp_set_gyro_bias                        0x08004335   Thumb Code   196  inv_mpu_dmp_motion_driver.o(i.dmp_set_gyro_bias)
    dmp_set_orientation                      0x08004401   Thumb Code   246  inv_mpu_dmp_motion_driver.o(i.dmp_set_orientation)
    dmp_set_shake_reject_thresh              0x0800450d   Thumb Code    48  inv_mpu_dmp_motion_driver.o(i.dmp_set_shake_reject_thresh)
    dmp_set_shake_reject_time                0x0800453d   Thumb Code    32  inv_mpu_dmp_motion_driver.o(i.dmp_set_shake_reject_time)
    dmp_set_shake_reject_timeout             0x0800455d   Thumb Code    32  inv_mpu_dmp_motion_driver.o(i.dmp_set_shake_reject_timeout)
    dmp_set_tap_axes                         0x0800457d   Thumb Code    64  inv_mpu_dmp_motion_driver.o(i.dmp_set_tap_axes)
    dmp_set_tap_count                        0x080045bd   Thumb Code    34  inv_mpu_dmp_motion_driver.o(i.dmp_set_tap_count)
    dmp_set_tap_thresh                       0x080045e1   Thumb Code   274  inv_mpu_dmp_motion_driver.o(i.dmp_set_tap_thresh)
    dmp_set_tap_time                         0x08004709   Thumb Code    32  inv_mpu_dmp_motion_driver.o(i.dmp_set_tap_time)
    dmp_set_tap_time_multi                   0x08004729   Thumb Code    32  inv_mpu_dmp_motion_driver.o(i.dmp_set_tap_time_multi)
    main                                     0x08004d29   Thumb Code    54  main.o(i.main)
    mpu_configure_fifo                       0x08004d6d   Thumb Code    78  inv_mpu.o(i.mpu_configure_fifo)
    mpu_get_accel_fsr                        0x08004dc1   Thumb Code    54  inv_mpu.o(i.mpu_get_accel_fsr)
    mpu_get_accel_sens                       0x08004dfd   Thumb Code    62  inv_mpu.o(i.mpu_get_accel_sens)
    mpu_get_gyro_fsr                         0x08004e41   Thumb Code    48  inv_mpu.o(i.mpu_get_gyro_fsr)
    mpu_get_gyro_sens                        0x08004e75   Thumb Code    44  inv_mpu.o(i.mpu_get_gyro_sens)
    mpu_get_lpf                              0x08004eb5   Thumb Code    52  inv_mpu.o(i.mpu_get_lpf)
    mpu_get_sample_rate                      0x08004eed   Thumb Code    22  inv_mpu.o(i.mpu_get_sample_rate)
    mpu_init                                 0x08004f09   Thumb Code   332  inv_mpu.o(i.mpu_init)
    mpu_load_firmware                        0x0800505d   Thumb Code   166  inv_mpu.o(i.mpu_load_firmware)
    mpu_lp_accel_mode                        0x0800510d   Thumb Code   204  inv_mpu.o(i.mpu_lp_accel_mode)
    mpu_read_fifo_stream                     0x080051e1   Thumb Code   182  inv_mpu.o(i.mpu_read_fifo_stream)
    mpu_read_mem                             0x080052a1   Thumb Code   106  inv_mpu.o(i.mpu_read_mem)
    mpu_reset_fifo                           0x08005315   Thumb Code   438  inv_mpu.o(i.mpu_reset_fifo)
    mpu_run_self_test                        0x080054d5   Thumb Code   234  inv_mpu.o(i.mpu_run_self_test)
    mpu_set_accel_fsr                        0x080055c5   Thumb Code   112  inv_mpu.o(i.mpu_set_accel_fsr)
    mpu_set_bypass                           0x0800563d   Thumb Code   302  inv_mpu.o(i.mpu_set_bypass)
    mpu_set_dmp_state                        0x08005775   Thumb Code   140  inv_mpu.o(i.mpu_set_dmp_state)
    mpu_set_gyro_fsr                         0x08005809   Thumb Code   118  inv_mpu.o(i.mpu_set_gyro_fsr)
    mpu_set_int_latched                      0x08005889   Thumb Code   108  inv_mpu.o(i.mpu_set_int_latched)
    mpu_set_lpf                              0x080058fd   Thumb Code   120  inv_mpu.o(i.mpu_set_lpf)
    mpu_set_sample_rate                      0x0800597d   Thumb Code   142  inv_mpu.o(i.mpu_set_sample_rate)
    mpu_set_sensors                          0x08005a15   Thumb Code   212  inv_mpu.o(i.mpu_set_sensors)
    mpu_write_mem                            0x08005af1   Thumb Code   106  inv_mpu.o(i.mpu_write_mem)
    osDelay                                  0x08005b65   Thumb Code    14  cmsis_os.o(i.osDelay)
    osDelayUntil                             0x08005b73   Thumb Code    14  cmsis_os.o(i.osDelayUntil)
    osKernelStart                            0x08005b81   Thumb Code    10  cmsis_os.o(i.osKernelStart)
    osMutexCreate                            0x08005b8b   Thumb Code    16  cmsis_os.o(i.osMutexCreate)
    osThreadCreate                           0x08005b9b   Thumb Code    84  cmsis_os.o(i.osThreadCreate)
    pvPortMalloc                             0x0800605d   Thumb Code   216  heap_4.o(i.pvPortMalloc)
    pvTaskIncrementMutexHeldCount            0x08006139   Thumb Code    18  tasks.o(i.pvTaskIncrementMutexHeldCount)
    pxPortInitialiseStack                    0x08006151   Thumb Code    32  port.o(i.pxPortInitialiseStack)
    sqrt                                     0x08006275   Thumb Code    76  sqrt.o(i.sqrt)
    uxListRemove                             0x080062c1   Thumb Code    38  list.o(i.uxListRemove)
    vApplicationGetIdleTaskMemory            0x080062e9   Thumb Code    16  freertos.o(i.vApplicationGetIdleTaskMemory)
    vListInitialise                          0x080062fd   Thumb Code    22  list.o(i.vListInitialise)
    vListInitialiseItem                      0x08006313   Thumb Code     6  list.o(i.vListInitialiseItem)
    vListInsert                              0x08006319   Thumb Code    48  list.o(i.vListInsert)
    vListInsertEnd                           0x08006349   Thumb Code    24  list.o(i.vListInsertEnd)
    vPortEnterCritical                       0x08006361   Thumb Code    54  port.o(i.vPortEnterCritical)
    vPortExitCritical                        0x080063a1   Thumb Code    34  port.o(i.vPortExitCritical)
    vPortFree                                0x080063c9   Thumb Code    94  heap_4.o(i.vPortFree)
    vPortSetupTimerInterrupt                 0x0800642d   Thumb Code    32  port.o(i.vPortSetupTimerInterrupt)
    vTaskDelay                               0x08006451   Thumb Code    66  tasks.o(i.vTaskDelay)
    vTaskDelayUntil                          0x0800649d   Thumb Code   132  tasks.o(i.vTaskDelayUntil)
    vTaskInternalSetTimeOutState             0x08006529   Thumb Code    12  tasks.o(i.vTaskInternalSetTimeOutState)
    vTaskMissedYield                         0x08006539   Thumb Code     8  tasks.o(i.vTaskMissedYield)
    vTaskPlaceOnEventList                    0x08006545   Thumb Code    44  tasks.o(i.vTaskPlaceOnEventList)
    vTaskPriorityDisinheritAfterTimeout      0x08006575   Thumb Code   152  tasks.o(i.vTaskPriorityDisinheritAfterTimeout)
    vTaskStartScheduler                      0x08006615   Thumb Code    90  tasks.o(i.vTaskStartScheduler)
    vTaskSuspendAll                          0x08006681   Thumb Code    10  tasks.o(i.vTaskSuspendAll)
    vTaskSwitchContext                       0x08006691   Thumb Code    82  tasks.o(i.vTaskSwitchContext)
    xPortStartScheduler                      0x080066ed   Thumb Code   154  port.o(i.xPortStartScheduler)
    xQueueCreateMutex                        0x08006795   Thumb Code    22  queue.o(i.xQueueCreateMutex)
    xQueueCreateMutexStatic                  0x080067ab   Thumb Code    26  queue.o(i.xQueueCreateMutexStatic)
    xQueueGenericCreate                      0x080067c5   Thumb Code    66  queue.o(i.xQueueGenericCreate)
    xQueueGenericCreateStatic                0x08006807   Thumb Code   102  queue.o(i.xQueueGenericCreateStatic)
    xQueueGenericReset                       0x0800686d   Thumb Code   132  queue.o(i.xQueueGenericReset)
    xQueueGenericSend                        0x080068f5   Thumb Code   346  queue.o(i.xQueueGenericSend)
    xQueueSemaphoreTake                      0x08006a55   Thumb Code   372  queue.o(i.xQueueSemaphoreTake)
    xTaskCheckForTimeOut                     0x08006bcd   Thumb Code   112  tasks.o(i.xTaskCheckForTimeOut)
    xTaskCreate                              0x08006c41   Thumb Code    90  tasks.o(i.xTaskCreate)
    xTaskCreateStatic                        0x08006c9b   Thumb Code    86  tasks.o(i.xTaskCreateStatic)
    xTaskGetSchedulerState                   0x08006cf1   Thumb Code    22  tasks.o(i.xTaskGetSchedulerState)
    xTaskGetTickCount                        0x08006d0d   Thumb Code     6  tasks.o(i.xTaskGetTickCount)
    xTaskIncrementTick                       0x08006d19   Thumb Code   194  tasks.o(i.xTaskIncrementTick)
    xTaskPriorityDisinherit                  0x08006de5   Thumb Code   144  tasks.o(i.xTaskPriorityDisinherit)
    xTaskPriorityInherit                     0x08006e7d   Thumb Code   130  tasks.o(i.xTaskPriorityInherit)
    xTaskRemoveFromEventList                 0x08006f09   Thumb Code   108  tasks.o(i.xTaskRemoveFromEventList)
    xTaskResumeAll                           0x08006f7d   Thumb Code   182  tasks.o(i.xTaskResumeAll)
    __aeabi_d2f                              0x08007041   Thumb Code     0  d2f.o(x$fpl$d2f)
    _d2f                                     0x08007041   Thumb Code    98  d2f.o(x$fpl$d2f)
    __aeabi_dadd                             0x080070a5   Thumb Code     0  daddsub_clz.o(x$fpl$dadd)
    _dadd                                    0x080070a5   Thumb Code   332  daddsub_clz.o(x$fpl$dadd)
    __fpl_dcheck_NaN1                        0x080071f5   Thumb Code    10  dcheck1.o(x$fpl$dcheck1)
    __aeabi_ddiv                             0x08007205   Thumb Code     0  ddiv.o(x$fpl$ddiv)
    _ddiv                                    0x08007205   Thumb Code   552  ddiv.o(x$fpl$ddiv)
    __aeabi_dmul                             0x080074b5   Thumb Code     0  dmul.o(x$fpl$dmul)
    _dmul                                    0x080074b5   Thumb Code   332  dmul.o(x$fpl$dmul)
    __fpl_dnaninf                            0x08007609   Thumb Code   156  dnaninf.o(x$fpl$dnaninf)
    __fpl_dretinf                            0x080076a5   Thumb Code    12  dretinf.o(x$fpl$dretinf)
    __aeabi_drsub                            0x080076b1   Thumb Code     0  daddsub_clz.o(x$fpl$drsb)
    _drsb                                    0x080076b1   Thumb Code    22  daddsub_clz.o(x$fpl$drsb)
    _dsqrt                                   0x080076c9   Thumb Code   456  dsqrt_noumaal.o(x$fpl$dsqrt)
    __aeabi_dsub                             0x08007895   Thumb Code     0  daddsub_clz.o(x$fpl$dsub)
    _dsub                                    0x08007895   Thumb Code   464  daddsub_clz.o(x$fpl$dsub)
    __aeabi_f2d                              0x08007a69   Thumb Code     0  f2d.o(x$fpl$f2d)
    _f2d                                     0x08007a69   Thumb Code    86  f2d.o(x$fpl$f2d)
    __aeabi_fadd                             0x08007ac1   Thumb Code     0  faddsub_clz.o(x$fpl$fadd)
    _fadd                                    0x08007ac1   Thumb Code   196  faddsub_clz.o(x$fpl$fadd)
    __fpl_fcheck_NaN1                        0x08007b85   Thumb Code     6  fcheck1.o(x$fpl$fcheck1)
    __fpl_fcmp_Inf                           0x08007b91   Thumb Code    24  fcmpi.o(x$fpl$fcmpinf)
    __aeabi_fdiv                             0x08007ba9   Thumb Code     0  fdiv.o(x$fpl$fdiv)
    _fdiv                                    0x08007ba9   Thumb Code   384  fdiv.o(x$fpl$fdiv)
    __aeabi_f2iz                             0x08007d2d   Thumb Code     0  ffix.o(x$fpl$ffix)
    _ffix                                    0x08007d2d   Thumb Code    54  ffix.o(x$fpl$ffix)
    __aeabi_f2uiz                            0x08007d65   Thumb Code     0  ffixu.o(x$fpl$ffixu)
    _ffixu                                   0x08007d65   Thumb Code    62  ffixu.o(x$fpl$ffixu)
    __aeabi_i2f                              0x08007da5   Thumb Code     0  fflt_clz.o(x$fpl$fflt)
    _fflt                                    0x08007da5   Thumb Code    48  fflt_clz.o(x$fpl$fflt)
    __aeabi_ui2f                             0x08007dd5   Thumb Code     0  fflt_clz.o(x$fpl$ffltu)
    _ffltu                                   0x08007dd5   Thumb Code    38  fflt_clz.o(x$fpl$ffltu)
    __aeabi_cfcmple                          0x08007dfd   Thumb Code     0  fleqf.o(x$fpl$fleqf)
    _fcmple                                  0x08007dfd   Thumb Code   104  fleqf.o(x$fpl$fleqf)
    __fpl_fcmple_InfNaN                      0x08007e4f   Thumb Code     0  fleqf.o(x$fpl$fleqf)
    __aeabi_fmul                             0x08007e65   Thumb Code     0  fmul.o(x$fpl$fmul)
    _fmul                                    0x08007e65   Thumb Code   258  fmul.o(x$fpl$fmul)
    __fpl_fnaninf                            0x08007f67   Thumb Code   140  fnaninf.o(x$fpl$fnaninf)
    __fpl_fretinf                            0x08007ff3   Thumb Code    10  fretinf.o(x$fpl$fretinf)
    __aeabi_cfrcmple                         0x08007ffd   Thumb Code     0  frleqf.o(x$fpl$frleqf)
    _frcmple                                 0x08007ffd   Thumb Code    98  frleqf.o(x$fpl$frleqf)
    __aeabi_fsub                             0x08008061   Thumb Code     0  faddsub_clz.o(x$fpl$fsub)
    _fsub                                    0x08008061   Thumb Code   234  faddsub_clz.o(x$fpl$fsub)
    __fpl_return_NaN                         0x0800814b   Thumb Code   100  retnan.o(x$fpl$retnan)
    __ARM_scalbn                             0x080081af   Thumb Code    92  scalbn.o(x$fpl$scalbn)
    __ARM_scalbnf                            0x0800820b   Thumb Code    76  scalbnf.o(x$fpl$scalbnf)
    __fpl_cmpreturn                          0x08008257   Thumb Code    48  trapv.o(x$fpl$trapveneer)
    OLED_F8x16                               0x08008286   Data        1520  oled.o(.constdata)
    __I$use$fp                               0x08008286   Number         0  usenofp.o(x$fpl$usenofp)
    reg                                      0x080088e8   Data          30  inv_mpu.o(.constdata)
    hw                                       0x08008906   Data          12  inv_mpu.o(.constdata)
    test                                     0x08008914   Data          40  inv_mpu.o(.constdata)
    AHBPrescTable                            0x08009544   Data          16  system_stm32f1xx.o(.constdata)
    APBPrescTable                            0x08009554   Data           8  system_stm32f1xx.o(.constdata)
    __mathlib_zero                           0x08009648   Data           8  qnan.o(.constdata)
    Region$$Table$$Base                      0x08009684   Number         0  anon$$obj.o(Region$$Table)
    Region$$Table$$Limit                     0x080096a4   Number         0  anon$$obj.o(Region$$Table)
    i                                        0x20000000   Data           1  vofa.o(.data)
    state                                    0x20000001   Data           1  vofa.o(.data)
    RxBuffer                                 0x20000002   Data           1  vofa.o(.data)
    id                                       0x20000003   Data           1  vofa.o(.data)
    kp                                       0x20000004   Data           4  vofa.o(.data)
    ki                                       0x20000008   Data           4  vofa.o(.data)
    kd                                       0x2000000c   Data           4  vofa.o(.data)
    Target                                   0x20000010   Data           4  vofa.o(.data)
    TIM3_CNT                                 0x20000014   Data           2  freertos.o(.data)
    TIM4_CNT                                 0x20000016   Data           2  freertos.o(.data)
    L_RPM                                    0x20000018   Data           4  freertos.o(.data)
    R_RPM                                    0x2000001c   Data           4  freertos.o(.data)
    Target_RPM                               0x20000020   Data           4  freertos.o(.data)
    roll                                     0x20000024   Data           4  freertos.o(.data)
    pitch                                    0x20000028   Data           4  freertos.o(.data)
    yaw                                      0x2000002c   Data           4  freertos.o(.data)
    DebugTaskHandle                          0x20000030   Data           4  freertos.o(.data)
    MotorCtrlTaskHandle                      0x20000034   Data           4  freertos.o(.data)
    RPMGetTaskHandle                         0x20000038   Data           4  freertos.o(.data)
    Vofa_TaskHandle                          0x2000003c   Data           4  freertos.o(.data)
    Encoder_MutexHandle                      0x20000040   Data           4  freertos.o(.data)
    uwTickFreq                               0x2000007c   Data           1  stm32f1xx_hal.o(.data)
    uwTickPrio                               0x20000080   Data           4  stm32f1xx_hal.o(.data)
    uwTick                                   0x20000084   Data           4  stm32f1xx_hal.o(.data)
    SystemCoreClock                          0x20000088   Data           4  system_stm32f1xx.o(.data)
    pxCurrentTCB                             0x2000008c   Data           4  tasks.o(.data)
    L_pid                                    0x200000f4   Data          60  freertos.o(.bss)
    R_pid                                    0x20000130   Data          60  freertos.o(.bss)
    hi2c2                                    0x200003c0   Data          84  i2c.o(.bss)
    htim2                                    0x20000414   Data          72  tim.o(.bss)
    htim3                                    0x2000045c   Data          72  tim.o(.bss)
    htim4                                    0x200004a4   Data          72  tim.o(.bss)
    huart2                                   0x200004ec   Data          72  usart.o(.bss)
    htim1                                    0x20000534   Data          72  stm32f1xx_hal_timebase_tim.o(.bss)
    __libspace_start                         0x2000127c   Data          96  libspace.o(.bss)
    __temporary_stack_top$libspace           0x200012dc   Data           0  libspace.o(.bss)



==============================================================================

Memory Map of the image

  Image Entry point : 0x080000ed

  Load Region LR_IROM1 (Base: 0x08000000, Size: 0x00009798, Max: 0x00010000, ABSOLUTE)

    Execution Region ER_IROM1 (Exec base: 0x08000000, Load base: 0x08000000, Size: 0x000096a4, Max: 0x00010000, ABSOLUTE)

    Exec Addr    Load Addr    Size         Type   Attr      Idx    E Section Name        Object

    0x08000000   0x08000000   0x000000ec   Data   RO            3    RESET               startup_stm32f103xb.o
    0x080000ec   0x080000ec   0x00000008   Code   RO         5482  * !!!main             c_w.l(__main.o)
    0x080000f4   0x080000f4   0x00000034   Code   RO         5790    !!!scatter          c_w.l(__scatter.o)
    0x08000128   0x08000128   0x0000001a   Code   RO         5792    !!handler_copy      c_w.l(__scatter_copy.o)
    0x08000142   0x08000142   0x00000002   PAD
    0x08000144   0x08000144   0x0000001c   Code   RO         5794    !!handler_zi        c_w.l(__scatter_zi.o)
    0x08000160   0x08000160   0x00000002   Code   RO         5655    .ARM.Collect$$libinit$$00000000  c_w.l(libinit.o)
    0x08000162   0x08000162   0x00000000   Code   RO         5667    .ARM.Collect$$libinit$$00000002  c_w.l(libinit2.o)
    0x08000162   0x08000162   0x00000000   Code   RO         5669    .ARM.Collect$$libinit$$00000004  c_w.l(libinit2.o)
    0x08000162   0x08000162   0x00000000   Code   RO         5672    .ARM.Collect$$libinit$$0000000A  c_w.l(libinit2.o)
    0x08000162   0x08000162   0x00000000   Code   RO         5674    .ARM.Collect$$libinit$$0000000C  c_w.l(libinit2.o)
    0x08000162   0x08000162   0x00000000   Code   RO         5676    .ARM.Collect$$libinit$$0000000E  c_w.l(libinit2.o)
    0x08000162   0x08000162   0x00000000   Code   RO         5679    .ARM.Collect$$libinit$$00000011  c_w.l(libinit2.o)
    0x08000162   0x08000162   0x00000000   Code   RO         5681    .ARM.Collect$$libinit$$00000013  c_w.l(libinit2.o)
    0x08000162   0x08000162   0x00000000   Code   RO         5683    .ARM.Collect$$libinit$$00000015  c_w.l(libinit2.o)
    0x08000162   0x08000162   0x00000000   Code   RO         5685    .ARM.Collect$$libinit$$00000017  c_w.l(libinit2.o)
    0x08000162   0x08000162   0x00000000   Code   RO         5687    .ARM.Collect$$libinit$$00000019  c_w.l(libinit2.o)
    0x08000162   0x08000162   0x00000000   Code   RO         5689    .ARM.Collect$$libinit$$0000001B  c_w.l(libinit2.o)
    0x08000162   0x08000162   0x00000000   Code   RO         5691    .ARM.Collect$$libinit$$0000001D  c_w.l(libinit2.o)
    0x08000162   0x08000162   0x00000000   Code   RO         5693    .ARM.Collect$$libinit$$0000001F  c_w.l(libinit2.o)
    0x08000162   0x08000162   0x00000000   Code   RO         5695    .ARM.Collect$$libinit$$00000021  c_w.l(libinit2.o)
    0x08000162   0x08000162   0x00000000   Code   RO         5697    .ARM.Collect$$libinit$$00000023  c_w.l(libinit2.o)
    0x08000162   0x08000162   0x00000000   Code   RO         5699    .ARM.Collect$$libinit$$00000025  c_w.l(libinit2.o)
    0x08000162   0x08000162   0x00000000   Code   RO         5703    .ARM.Collect$$libinit$$0000002C  c_w.l(libinit2.o)
    0x08000162   0x08000162   0x00000000   Code   RO         5705    .ARM.Collect$$libinit$$0000002E  c_w.l(libinit2.o)
    0x08000162   0x08000162   0x00000000   Code   RO         5707    .ARM.Collect$$libinit$$00000030  c_w.l(libinit2.o)
    0x08000162   0x08000162   0x00000000   Code   RO         5709    .ARM.Collect$$libinit$$00000032  c_w.l(libinit2.o)
    0x08000162   0x08000162   0x00000002   Code   RO         5710    .ARM.Collect$$libinit$$00000033  c_w.l(libinit2.o)
    0x08000164   0x08000164   0x00000002   Code   RO         5740    .ARM.Collect$$libshutdown$$00000000  c_w.l(libshutdown.o)
    0x08000166   0x08000166   0x00000000   Code   RO         5757    .ARM.Collect$$libshutdown$$00000002  c_w.l(libshutdown2.o)
    0x08000166   0x08000166   0x00000000   Code   RO         5759    .ARM.Collect$$libshutdown$$00000004  c_w.l(libshutdown2.o)
    0x08000166   0x08000166   0x00000000   Code   RO         5762    .ARM.Collect$$libshutdown$$00000007  c_w.l(libshutdown2.o)
    0x08000166   0x08000166   0x00000000   Code   RO         5765    .ARM.Collect$$libshutdown$$0000000A  c_w.l(libshutdown2.o)
    0x08000166   0x08000166   0x00000000   Code   RO         5767    .ARM.Collect$$libshutdown$$0000000C  c_w.l(libshutdown2.o)
    0x08000166   0x08000166   0x00000000   Code   RO         5770    .ARM.Collect$$libshutdown$$0000000F  c_w.l(libshutdown2.o)
    0x08000166   0x08000166   0x00000002   Code   RO         5771    .ARM.Collect$$libshutdown$$00000010  c_w.l(libshutdown2.o)
    0x08000168   0x08000168   0x00000000   Code   RO         5540    .ARM.Collect$$rtentry$$00000000  c_w.l(__rtentry.o)
    0x08000168   0x08000168   0x00000000   Code   RO         5610    .ARM.Collect$$rtentry$$00000002  c_w.l(__rtentry2.o)
    0x08000168   0x08000168   0x00000006   Code   RO         5622    .ARM.Collect$$rtentry$$00000004  c_w.l(__rtentry4.o)
    0x0800016e   0x0800016e   0x00000000   Code   RO         5612    .ARM.Collect$$rtentry$$00000009  c_w.l(__rtentry2.o)
    0x0800016e   0x0800016e   0x00000004   Code   RO         5613    .ARM.Collect$$rtentry$$0000000A  c_w.l(__rtentry2.o)
    0x08000172   0x08000172   0x00000000   Code   RO         5615    .ARM.Collect$$rtentry$$0000000C  c_w.l(__rtentry2.o)
    0x08000172   0x08000172   0x00000008   Code   RO         5616    .ARM.Collect$$rtentry$$0000000D  c_w.l(__rtentry2.o)
    0x0800017a   0x0800017a   0x00000002   Code   RO         5660    .ARM.Collect$$rtexit$$00000000  c_w.l(rtexit.o)
    0x0800017c   0x0800017c   0x00000000   Code   RO         5712    .ARM.Collect$$rtexit$$00000002  c_w.l(rtexit2.o)
    0x0800017c   0x0800017c   0x00000004   Code   RO         5713    .ARM.Collect$$rtexit$$00000003  c_w.l(rtexit2.o)
    0x08000180   0x08000180   0x00000006   Code   RO         5714    .ARM.Collect$$rtexit$$00000004  c_w.l(rtexit2.o)
    0x08000186   0x08000186   0x00000002   PAD
    0x08000188   0x08000188   0x00000096   Code   RO         5385    .emb_text           port.o
    0x0800021e   0x0800021e   0x00000002   PAD
    0x08000220   0x08000220   0x00000040   Code   RO            4    .text               startup_stm32f103xb.o
    0x08000260   0x08000260   0x00000048   Code   RO         5466    .text               c_w.l(llsdiv.o)
    0x080002a8   0x080002a8   0x00000058   Code   RO         5468    .text               c_w.l(memcmp.o)
    0x08000300   0x08000300   0x0000008a   Code   RO         5470    .text               c_w.l(rt_memcpy_v6.o)
    0x0800038a   0x0800038a   0x00000064   Code   RO         5472    .text               c_w.l(rt_memcpy_w.o)
    0x080003ee   0x080003ee   0x00000010   Code   RO         5476    .text               c_w.l(aeabi_memset.o)
    0x080003fe   0x080003fe   0x0000004e   Code   RO         5478    .text               c_w.l(rt_memclr_w.o)
    0x0800044c   0x0800044c   0x00000006   Code   RO         5480    .text               c_w.l(heapauxi.o)
    0x08000452   0x08000452   0x000000ee   Code   RO         5541    .text               c_w.l(lludivv7m.o)
    0x08000540   0x08000540   0x00000016   Code   RO         5543    .text               c_w.l(_rserrno.o)
    0x08000556   0x08000556   0x00000044   Code   RO         5545    .text               c_w.l(rt_memclr.o)
    0x0800059a   0x0800059a   0x00000002   PAD
    0x0800059c   0x0800059c   0x00000008   Code   RO         5631    .text               c_w.l(rt_errno_addr_intlibspace.o)
    0x080005a4   0x080005a4   0x00000008   Code   RO         5641    .text               c_w.l(libspace.o)
    0x080005ac   0x080005ac   0x0000004a   Code   RO         5644    .text               c_w.l(sys_stackheap_outer.o)
    0x080005f6   0x080005f6   0x00000012   Code   RO         5648    .text               c_w.l(exit.o)
    0x08000608   0x08000608   0x0000000c   Code   RO         5728    .text               c_w.l(sys_exit.o)
    0x08000614   0x08000614   0x00000002   Code   RO         5745    .text               c_w.l(use_no_semi.o)
    0x08000616   0x08000616   0x00000000   Code   RO         5747    .text               c_w.l(indicate_semi.o)
    0x08000616   0x08000616   0x00000002   Code   RO          673    i.BusFault_Handler  stm32f1xx_it.o
    0x08000618   0x08000618   0x00000002   Code   RO          674    i.DebugMon_Handler  stm32f1xx_it.o
    0x0800061a   0x0800061a   0x00000004   Code   RO          316    i.Error_Handler     main.o
    0x0800061e   0x0800061e   0x00000046   Code   RO         1755    i.HAL_DMA_Abort     stm32f1xx_hal_dma.o
    0x08000664   0x08000664   0x00000098   Code   RO         1756    i.HAL_DMA_Abort_IT  stm32f1xx_hal_dma.o
    0x080006fc   0x080006fc   0x00000024   Code   RO         1381    i.HAL_Delay         stm32f1xx_hal.o
    0x08000720   0x08000720   0x000001e0   Code   RO         1691    i.HAL_GPIO_Init     stm32f1xx_hal_gpio.o
    0x08000900   0x08000900   0x0000000a   Code   RO         1695    i.HAL_GPIO_WritePin  stm32f1xx_hal_gpio.o
    0x0800090a   0x0800090a   0x00000002   PAD
    0x0800090c   0x0800090c   0x0000000c   Code   RO         1385    i.HAL_GetTick       stm32f1xx_hal.o
    0x08000918   0x08000918   0x00000188   Code   RO         2362    i.HAL_I2C_Init      stm32f1xx_hal_i2c.o
    0x08000aa0   0x08000aa0   0x0000025c   Code   RO         2380    i.HAL_I2C_Mem_Read  stm32f1xx_hal_i2c.o
    0x08000cfc   0x08000cfc   0x00000130   Code   RO         2383    i.HAL_I2C_Mem_Write  stm32f1xx_hal_i2c.o
    0x08000e2c   0x08000e2c   0x00000060   Code   RO          518    i.HAL_I2C_MspInit   i2c.o
    0x08000e8c   0x08000e8c   0x00000010   Code   RO         1391    i.HAL_IncTick       stm32f1xx_hal.o
    0x08000e9c   0x08000e9c   0x00000024   Code   RO         1392    i.HAL_Init          stm32f1xx_hal.o
    0x08000ec0   0x08000ec0   0x0000008c   Code   RO          767    i.HAL_InitTick      stm32f1xx_hal_timebase_tim.o
    0x08000f4c   0x08000f4c   0x00000048   Code   RO          743    i.HAL_MspInit       stm32f1xx_hal_msp.o
    0x08000f94   0x08000f94   0x0000001a   Code   RO         1851    i.HAL_NVIC_EnableIRQ  stm32f1xx_hal_cortex.o
    0x08000fae   0x08000fae   0x00000002   PAD
    0x08000fb0   0x08000fb0   0x00000040   Code   RO         1857    i.HAL_NVIC_SetPriority  stm32f1xx_hal_cortex.o
    0x08000ff0   0x08000ff0   0x00000024   Code   RO         1858    i.HAL_NVIC_SetPriorityGrouping  stm32f1xx_hal_cortex.o
    0x08001014   0x08001014   0x0000012c   Code   RO         1549    i.HAL_RCC_ClockConfig  stm32f1xx_hal_rcc.o
    0x08001140   0x08001140   0x00000040   Code   RO         1553    i.HAL_RCC_GetClockConfig  stm32f1xx_hal_rcc.o
    0x08001180   0x08001180   0x00000020   Code   RO         1556    i.HAL_RCC_GetPCLK1Freq  stm32f1xx_hal_rcc.o
    0x080011a0   0x080011a0   0x00000020   Code   RO         1557    i.HAL_RCC_GetPCLK2Freq  stm32f1xx_hal_rcc.o
    0x080011c0   0x080011c0   0x0000004c   Code   RO         1558    i.HAL_RCC_GetSysClockFreq  stm32f1xx_hal_rcc.o
    0x0800120c   0x0800120c   0x00000320   Code   RO         1561    i.HAL_RCC_OscConfig  stm32f1xx_hal_rcc.o
    0x0800152c   0x0800152c   0x00000002   Code   RO         3494    i.HAL_TIMEx_BreakCallback  stm32f1xx_hal_tim_ex.o
    0x0800152e   0x0800152e   0x00000002   Code   RO         3495    i.HAL_TIMEx_CommutCallback  stm32f1xx_hal_tim_ex.o
    0x08001530   0x08001530   0x00000068   Code   RO         3513    i.HAL_TIMEx_MasterConfigSynchronization  stm32f1xx_hal_tim_ex.o
    0x08001598   0x08001598   0x0000005a   Code   RO         2790    i.HAL_TIM_Base_Init  stm32f1xx_hal_tim.o
    0x080015f2   0x080015f2   0x00000002   PAD
    0x080015f4   0x080015f4   0x00000024   Code   RO          560    i.HAL_TIM_Base_MspInit  tim.o
    0x08001618   0x08001618   0x00000058   Code   RO         2795    i.HAL_TIM_Base_Start_IT  stm32f1xx_hal_tim.o
    0x08001670   0x08001670   0x000000dc   Code   RO         2799    i.HAL_TIM_ConfigClockSource  stm32f1xx_hal_tim.o
    0x0800174c   0x0800174c   0x000000a4   Code   RO         2811    i.HAL_TIM_Encoder_Init  stm32f1xx_hal_tim.o
    0x080017f0   0x080017f0   0x0000008c   Code   RO          562    i.HAL_TIM_Encoder_MspInit  tim.o
    0x0800187c   0x0800187c   0x0000008e   Code   RO         2814    i.HAL_TIM_Encoder_Start  stm32f1xx_hal_tim.o
    0x0800190a   0x0800190a   0x00000002   Code   RO         2824    i.HAL_TIM_IC_CaptureCallback  stm32f1xx_hal_tim.o
    0x0800190c   0x0800190c   0x00000130   Code   RO         2838    i.HAL_TIM_IRQHandler  stm32f1xx_hal_tim.o
    0x08001a3c   0x08001a3c   0x0000005c   Code   RO          563    i.HAL_TIM_MspPostInit  tim.o
    0x08001a98   0x08001a98   0x00000002   Code   RO         2841    i.HAL_TIM_OC_DelayElapsedCallback  stm32f1xx_hal_tim.o
    0x08001a9a   0x08001a9a   0x000000cc   Code   RO         2862    i.HAL_TIM_PWM_ConfigChannel  stm32f1xx_hal_tim.o
    0x08001b66   0x08001b66   0x0000005a   Code   RO         2865    i.HAL_TIM_PWM_Init  stm32f1xx_hal_tim.o
    0x08001bc0   0x08001bc0   0x00000002   Code   RO         2867    i.HAL_TIM_PWM_MspInit  stm32f1xx_hal_tim.o
    0x08001bc2   0x08001bc2   0x00000002   Code   RO         2868    i.HAL_TIM_PWM_PulseFinishedCallback  stm32f1xx_hal_tim.o
    0x08001bc4   0x08001bc4   0x0000009c   Code   RO         2870    i.HAL_TIM_PWM_Start  stm32f1xx_hal_tim.o
    0x08001c60   0x08001c60   0x00000014   Code   RO          317    i.HAL_TIM_PeriodElapsedCallback  main.o
    0x08001c74   0x08001c74   0x00000002   Code   RO         2881    i.HAL_TIM_TriggerCallback  stm32f1xx_hal_tim.o
    0x08001c76   0x08001c76   0x00000002   Code   RO         3773    i.HAL_UARTEx_RxEventCallback  stm32f1xx_hal_uart.o
    0x08001c78   0x08001c78   0x00000002   Code   RO         3787    i.HAL_UART_ErrorCallback  stm32f1xx_hal_uart.o
    0x08001c7a   0x08001c7a   0x00000002   PAD
    0x08001c7c   0x08001c7c   0x0000026c   Code   RO         3790    i.HAL_UART_IRQHandler  stm32f1xx_hal_uart.o
    0x08001ee8   0x08001ee8   0x00000064   Code   RO         3791    i.HAL_UART_Init     stm32f1xx_hal_uart.o
    0x08001f4c   0x08001f4c   0x00000080   Code   RO          632    i.HAL_UART_MspInit  usart.o
    0x08001fcc   0x08001fcc   0x0000001c   Code   RO         3796    i.HAL_UART_Receive_IT  stm32f1xx_hal_uart.o
    0x08001fe8   0x08001fe8   0x00000020   Code   RO           51    i.HAL_UART_RxCpltCallback  vofa.o
    0x08002008   0x08002008   0x000000a0   Code   RO         3799    i.HAL_UART_Transmit  stm32f1xx_hal_uart.o
    0x080020a8   0x080020a8   0x00000002   Code   RO         3802    i.HAL_UART_TxCpltCallback  stm32f1xx_hal_uart.o
    0x080020aa   0x080020aa   0x00000002   Code   RO          675    i.HardFault_Handler  stm32f1xx_it.o
    0x080020ac   0x080020ac   0x0000002e   Code   RO         2405    i.I2C_IsAcknowledgeFailed  stm32f1xx_hal_i2c.o
    0x080020da   0x080020da   0x00000002   PAD
    0x080020dc   0x080020dc   0x000000fc   Code   RO         2415    i.I2C_RequestMemoryRead  stm32f1xx_hal_i2c.o
    0x080021d8   0x080021d8   0x000000a8   Code   RO         2416    i.I2C_RequestMemoryWrite  stm32f1xx_hal_i2c.o
    0x08002280   0x08002280   0x00000056   Code   RO         2420    i.I2C_WaitOnBTFFlagUntilTimeout  stm32f1xx_hal_i2c.o
    0x080022d6   0x080022d6   0x00000002   PAD
    0x080022d8   0x080022d8   0x00000090   Code   RO         2421    i.I2C_WaitOnFlagUntilTimeout  stm32f1xx_hal_i2c.o
    0x08002368   0x08002368   0x000000bc   Code   RO         2422    i.I2C_WaitOnMasterAddressFlagUntilTimeout  stm32f1xx_hal_i2c.o
    0x08002424   0x08002424   0x00000070   Code   RO         2423    i.I2C_WaitOnRXNEFlagUntilTimeout  stm32f1xx_hal_i2c.o
    0x08002494   0x08002494   0x00000056   Code   RO         2424    i.I2C_WaitOnTXEFlagUntilTimeout  stm32f1xx_hal_i2c.o
    0x080024ea   0x080024ea   0x00000002   PAD
    0x080024ec   0x080024ec   0x0000019c   Code   RO         1302    i.MPU6050_DMP_Get_Date  mpu6050.o
    0x08002688   0x08002688   0x000000b0   Code   RO         1303    i.MPU6050_DMP_init  mpu6050.o
    0x08002738   0x08002738   0x00000078   Code   RO          441    i.MX_FREERTOS_Init  freertos.o
    0x080027b0   0x080027b0   0x00000070   Code   RO          417    i.MX_GPIO_Init      gpio.o
    0x08002820   0x08002820   0x00000040   Code   RO          519    i.MX_I2C2_Init      i2c.o
    0x08002860   0x08002860   0x000000a8   Code   RO          564    i.MX_TIM2_Init      tim.o
    0x08002908   0x08002908   0x00000074   Code   RO          565    i.MX_TIM3_Init      tim.o
    0x0800297c   0x0800297c   0x00000074   Code   RO          566    i.MX_TIM4_Init      tim.o
    0x080029f0   0x080029f0   0x00000038   Code   RO          633    i.MX_USART2_UART_Init  usart.o
    0x08002a28   0x08002a28   0x00000002   Code   RO          676    i.MemManage_Handler  stm32f1xx_it.o
    0x08002a2a   0x08002a2a   0x00000002   Code   RO          677    i.NMI_Handler       stm32f1xx_it.o
    0x08002a2c   0x08002a2c   0x00000026   Code   RO          199    i.OLED_Clear        oled.o
    0x08002a52   0x08002a52   0x00000002   PAD
    0x08002a54   0x08002a54   0x00000020   Code   RO          200    i.OLED_I2C_Init     oled.o
    0x08002a74   0x08002a74   0x0000005c   Code   RO          201    i.OLED_I2C_SendByte  oled.o
    0x08002ad0   0x08002ad0   0x00000038   Code   RO          202    i.OLED_I2C_Start    oled.o
    0x08002b08   0x08002b08   0x00000030   Code   RO          203    i.OLED_I2C_Stop     oled.o
    0x08002b38   0x08002b38   0x000000ac   Code   RO          204    i.OLED_Init         oled.o
    0x08002be4   0x08002be4   0x0000000e   Code   RO          205    i.OLED_Pow          oled.o
    0x08002bf2   0x08002bf2   0x00000022   Code   RO          206    i.OLED_SetCursor    oled.o
    0x08002c14   0x08002c14   0x00000068   Code   RO          208    i.OLED_ShowChar     oled.o
    0x08002c7c   0x08002c7c   0x00000058   Code   RO          211    i.OLED_ShowSignedNum  oled.o
    0x08002cd4   0x08002cd4   0x00000022   Code   RO          213    i.OLED_WriteCommand  oled.o
    0x08002cf6   0x08002cf6   0x00000022   Code   RO          214    i.OLED_WriteData    oled.o
    0x08002d18   0x08002d18   0x000000c6   Code   RO           10    i.PID_incremental_PID_calculation  pid.o
    0x08002dde   0x08002dde   0x00000022   Code   RO           11    i.PID_parameter_init  pid.o
    0x08002e00   0x08002e00   0x00000006   Code   RO           13    i.PID_reset_PID     pid.o
    0x08002e06   0x08002e06   0x00000002   PAD
    0x08002e08   0x08002e08   0x00000068   Code   RO          442    i.StartDebug        freertos.o
    0x08002e70   0x08002e70   0x000000e8   Code   RO          443    i.StartMotorCtrl    freertos.o
    0x08002f58   0x08002f58   0x000000d4   Code   RO          444    i.StartRPMGet       freertos.o
    0x0800302c   0x0800302c   0x00000014   Code   RO           52    i.StartUartReceiveIT  vofa.o
    0x08003040   0x08003040   0x0000000c   Code   RO          445    i.StartVofa         freertos.o
    0x0800304c   0x0800304c   0x0000002c   Code   RO         5386    i.SysTick_Handler   port.o
    0x08003078   0x08003078   0x0000005e   Code   RO          318    i.SystemClock_Config  main.o
    0x080030d6   0x080030d6   0x00000002   Code   RO         4125    i.SystemInit        system_stm32f1xx.o
    0x080030d8   0x080030d8   0x0000000c   Code   RO          678    i.TIM1_UP_IRQHandler  stm32f1xx_it.o
    0x080030e4   0x080030e4   0x00000078   Code   RO         2883    i.TIM_Base_SetConfig  stm32f1xx_hal_tim.o
    0x0800315c   0x0800315c   0x0000001a   Code   RO         2884    i.TIM_CCxChannelCmd  stm32f1xx_hal_tim.o
    0x08003176   0x08003176   0x00000014   Code   RO         2894    i.TIM_ETR_SetConfig  stm32f1xx_hal_tim.o
    0x0800318a   0x0800318a   0x00000010   Code   RO         2895    i.TIM_ITRx_SetConfig  stm32f1xx_hal_tim.o
    0x0800319a   0x0800319a   0x00000002   PAD
    0x0800319c   0x0800319c   0x00000050   Code   RO         2896    i.TIM_OC1_SetConfig  stm32f1xx_hal_tim.o
    0x080031ec   0x080031ec   0x00000058   Code   RO         2897    i.TIM_OC2_SetConfig  stm32f1xx_hal_tim.o
    0x08003244   0x08003244   0x00000058   Code   RO         2898    i.TIM_OC3_SetConfig  stm32f1xx_hal_tim.o
    0x0800329c   0x0800329c   0x00000044   Code   RO         2899    i.TIM_OC4_SetConfig  stm32f1xx_hal_tim.o
    0x080032e0   0x080032e0   0x00000022   Code   RO         2901    i.TIM_TI1_ConfigInputStage  stm32f1xx_hal_tim.o
    0x08003302   0x08003302   0x00000024   Code   RO         2903    i.TIM_TI2_ConfigInputStage  stm32f1xx_hal_tim.o
    0x08003326   0x08003326   0x00000010   Code   RO         3804    i.UART_DMAAbortOnError  stm32f1xx_hal_uart.o
    0x08003336   0x08003336   0x0000004e   Code   RO         3814    i.UART_EndRxTransfer  stm32f1xx_hal_uart.o
    0x08003384   0x08003384   0x000000c2   Code   RO         3816    i.UART_Receive_IT   stm32f1xx_hal_uart.o
    0x08003446   0x08003446   0x00000002   PAD
    0x08003448   0x08003448   0x000000b8   Code   RO         3817    i.UART_SetConfig    stm32f1xx_hal_uart.o
    0x08003500   0x08003500   0x00000036   Code   RO         3819    i.UART_Start_Receive_IT  stm32f1xx_hal_uart.o
    0x08003536   0x08003536   0x00000072   Code   RO         3820    i.UART_WaitOnFlagUntilTimeout  stm32f1xx_hal_uart.o
    0x080035a8   0x080035a8   0x0000000c   Code   RO          679    i.USART2_IRQHandler  stm32f1xx_it.o
    0x080035b4   0x080035b4   0x00000002   Code   RO          680    i.UsageFault_Handler  stm32f1xx_it.o
    0x080035b6   0x080035b6   0x00000002   PAD
    0x080035b8   0x080035b8   0x00000078   Code   RO           53    i.Vofa_Handle_Receive  vofa.o
    0x08003630   0x08003630   0x00000018   Code   RO           54    i.Vofa_SendFloat    vofa.o
    0x08003648   0x08003648   0x00000020   Code   RO           55    i.Vofa_Tail         vofa.o
    0x08003668   0x08003668   0x00000028   Code   RO         5596    i.__ARM_fpclassify  m_ws.l(fpclassify.o)
    0x08003690   0x08003690   0x00000020   Code   RO         1864    i.__NVIC_SetPriority  stm32f1xx_hal_cortex.o
    0x080036b0   0x080036b0   0x000000aa   Code   RO         5598    i.__kernel_poly     m_ws.l(poly.o)
    0x0800375a   0x0800375a   0x00000006   Code   RO         5583    i.__mathlib_dbl_infnan  m_ws.l(dunder.o)
    0x08003760   0x08003760   0x00000004   Code   RO         5584    i.__mathlib_dbl_infnan2  m_ws.l(dunder.o)
    0x08003764   0x08003764   0x0000000c   Code   RO         5585    i.__mathlib_dbl_invalid  m_ws.l(dunder.o)
    0x08003770   0x08003770   0x00000010   Code   RO         5588    i.__mathlib_dbl_underflow  m_ws.l(dunder.o)
    0x08003780   0x08003780   0x00000080   Code   RO          806    i.accel_self_test   inv_mpu.o
    0x08003800   0x08003800   0x00000270   Code   RO         5523    i.asin              m_ws.l(asin.o)
    0x08003a70   0x08003a70   0x00000220   Code   RO         5573    i.atan              m_ws.l(atan.o)
    0x08003c90   0x08003c90   0x00000180   Code   RO         5533    i.atan2             m_ws.l(atan2.o)
    0x08003e10   0x08003e10   0x0000003a   Code   RO         1117    i.dmp_enable_6x_lp_quat  inv_mpu_dmp_motion_driver.o
    0x08003e4a   0x08003e4a   0x00000002   PAD
    0x08003e4c   0x08003e4c   0x000001d8   Code   RO         1118    i.dmp_enable_feature  inv_mpu_dmp_motion_driver.o
    0x08004024   0x08004024   0x0000003c   Code   RO         1119    i.dmp_enable_gyro_cal  inv_mpu_dmp_motion_driver.o
    0x08004060   0x08004060   0x0000003a   Code   RO         1120    i.dmp_enable_lp_quat  inv_mpu_dmp_motion_driver.o
    0x0800409a   0x0800409a   0x00000002   PAD
    0x0800409c   0x0800409c   0x00000014   Code   RO         1125    i.dmp_load_motion_driver_firmware  inv_mpu_dmp_motion_driver.o
    0x080040b0   0x080040b0   0x00000148   Code   RO         1126    i.dmp_read_fifo     inv_mpu_dmp_motion_driver.o
    0x080041f8   0x080041f8   0x000000d8   Code   RO         1129    i.dmp_set_accel_bias  inv_mpu_dmp_motion_driver.o
    0x080042d0   0x080042d0   0x00000064   Code   RO         1130    i.dmp_set_fifo_rate  inv_mpu_dmp_motion_driver.o
    0x08004334   0x08004334   0x000000cc   Code   RO         1131    i.dmp_set_gyro_bias  inv_mpu_dmp_motion_driver.o
    0x08004400   0x08004400   0x0000010c   Code   RO         1133    i.dmp_set_orientation  inv_mpu_dmp_motion_driver.o
    0x0800450c   0x0800450c   0x00000030   Code   RO         1136    i.dmp_set_shake_reject_thresh  inv_mpu_dmp_motion_driver.o
    0x0800453c   0x0800453c   0x00000020   Code   RO         1137    i.dmp_set_shake_reject_time  inv_mpu_dmp_motion_driver.o
    0x0800455c   0x0800455c   0x00000020   Code   RO         1138    i.dmp_set_shake_reject_timeout  inv_mpu_dmp_motion_driver.o
    0x0800457c   0x0800457c   0x00000040   Code   RO         1139    i.dmp_set_tap_axes  inv_mpu_dmp_motion_driver.o
    0x080045bc   0x080045bc   0x00000022   Code   RO         1140    i.dmp_set_tap_count  inv_mpu_dmp_motion_driver.o
    0x080045de   0x080045de   0x00000002   PAD
    0x080045e0   0x080045e0   0x00000128   Code   RO         1141    i.dmp_set_tap_thresh  inv_mpu_dmp_motion_driver.o
    0x08004708   0x08004708   0x00000020   Code   RO         1142    i.dmp_set_tap_time  inv_mpu_dmp_motion_driver.o
    0x08004728   0x08004728   0x00000020   Code   RO         1143    i.dmp_set_tap_time_multi  inv_mpu_dmp_motion_driver.o
    0x08004748   0x08004748   0x000000c0   Code   RO          807    i.get_accel_prod_shift  inv_mpu.o
    0x08004808   0x08004808   0x000003f4   Code   RO          808    i.get_st_biases     inv_mpu.o
    0x08004bfc   0x08004bfc   0x000000e4   Code   RO          809    i.gyro_self_test    inv_mpu.o
    0x08004ce0   0x08004ce0   0x00000048   Code   RO         1304    i.inv_row_2_scale   mpu6050.o
    0x08004d28   0x08004d28   0x00000036   Code   RO          319    i.main              main.o
    0x08004d5e   0x08004d5e   0x0000000c   Code   RO         4951    i.makeFreeRtosPriority  cmsis_os.o
    0x08004d6a   0x08004d6a   0x00000002   PAD
    0x08004d6c   0x08004d6c   0x00000054   Code   RO          810    i.mpu_configure_fifo  inv_mpu.o
    0x08004dc0   0x08004dc0   0x0000003c   Code   RO          811    i.mpu_get_accel_fsr  inv_mpu.o
    0x08004dfc   0x08004dfc   0x00000044   Code   RO          813    i.mpu_get_accel_sens  inv_mpu.o
    0x08004e40   0x08004e40   0x00000034   Code   RO          819    i.mpu_get_gyro_fsr  inv_mpu.o
    0x08004e74   0x08004e74   0x00000040   Code   RO          821    i.mpu_get_gyro_sens  inv_mpu.o
    0x08004eb4   0x08004eb4   0x00000038   Code   RO          823    i.mpu_get_lpf       inv_mpu.o
    0x08004eec   0x08004eec   0x0000001c   Code   RO          825    i.mpu_get_sample_rate  inv_mpu.o
    0x08004f08   0x08004f08   0x00000154   Code   RO          827    i.mpu_init          inv_mpu.o
    0x0800505c   0x0800505c   0x000000b0   Code   RO          828    i.mpu_load_firmware  inv_mpu.o
    0x0800510c   0x0800510c   0x000000d4   Code   RO          829    i.mpu_lp_accel_mode  inv_mpu.o
    0x080051e0   0x080051e0   0x000000c0   Code   RO          832    i.mpu_read_fifo_stream  inv_mpu.o
    0x080052a0   0x080052a0   0x00000074   Code   RO          833    i.mpu_read_mem      inv_mpu.o
    0x08005314   0x08005314   0x000001c0   Code   RO          836    i.mpu_reset_fifo    inv_mpu.o
    0x080054d4   0x080054d4   0x000000f0   Code   RO          837    i.mpu_run_self_test  inv_mpu.o
    0x080055c4   0x080055c4   0x00000078   Code   RO          839    i.mpu_set_accel_fsr  inv_mpu.o
    0x0800563c   0x0800563c   0x00000138   Code   RO          840    i.mpu_set_bypass    inv_mpu.o
    0x08005774   0x08005774   0x00000094   Code   RO          842    i.mpu_set_dmp_state  inv_mpu.o
    0x08005808   0x08005808   0x00000080   Code   RO          843    i.mpu_set_gyro_fsr  inv_mpu.o
    0x08005888   0x08005888   0x00000074   Code   RO          844    i.mpu_set_int_latched  inv_mpu.o
    0x080058fc   0x080058fc   0x00000080   Code   RO          846    i.mpu_set_lpf       inv_mpu.o
    0x0800597c   0x0800597c   0x00000098   Code   RO          847    i.mpu_set_sample_rate  inv_mpu.o
    0x08005a14   0x08005a14   0x000000dc   Code   RO          848    i.mpu_set_sensors   inv_mpu.o
    0x08005af0   0x08005af0   0x00000074   Code   RO          849    i.mpu_write_mem     inv_mpu.o
    0x08005b64   0x08005b64   0x0000000e   Code   RO         4953    i.osDelay           cmsis_os.o
    0x08005b72   0x08005b72   0x0000000e   Code   RO         4954    i.osDelayUntil      cmsis_os.o
    0x08005b80   0x08005b80   0x0000000a   Code   RO         4956    i.osKernelStart     cmsis_os.o
    0x08005b8a   0x08005b8a   0x00000010   Code   RO         4971    i.osMutexCreate     cmsis_os.o
    0x08005b9a   0x08005b9a   0x00000054   Code   RO         4990    i.osThreadCreate    cmsis_os.o
    0x08005bee   0x08005bee   0x00000002   PAD
    0x08005bf0   0x08005bf0   0x00000070   Code   RO         4627    i.prvAddCurrentTaskToDelayedList  tasks.o
    0x08005c60   0x08005c60   0x000000d0   Code   RO         4628    i.prvAddNewTaskToReadyList  tasks.o
    0x08005d30   0x08005d30   0x0000006c   Code   RO         4304    i.prvCopyDataToQueue  queue.o
    0x08005d9c   0x08005d9c   0x00000034   Code   RO         4629    i.prvDeleteTCB      tasks.o
    0x08005dd0   0x08005dd0   0x0000004c   Code   RO         5318    i.prvHeapInit       heap_4.o
    0x08005e1c   0x08005e1c   0x00000060   Code   RO         4630    i.prvIdleTask       tasks.o
    0x08005e7c   0x08005e7c   0x00000016   Code   RO         4305    i.prvInitialiseMutex  queue.o
    0x08005e92   0x08005e92   0x00000016   Code   RO         4306    i.prvInitialiseNewQueue  queue.o
    0x08005ea8   0x08005ea8   0x00000098   Code   RO         4631    i.prvInitialiseNewTask  tasks.o
    0x08005f40   0x08005f40   0x0000004c   Code   RO         5319    i.prvInsertBlockIntoFreeList  heap_4.o
    0x08005f8c   0x08005f8c   0x0000001c   Code   RO         4307    i.prvIsQueueEmpty   queue.o
    0x08005fa8   0x08005fa8   0x00000020   Code   RO         4632    i.prvResetNextTaskUnblockTime  tasks.o
    0x08005fc8   0x08005fc8   0x00000028   Code   RO         5387    i.prvTaskExitError  port.o
    0x08005ff0   0x08005ff0   0x0000006a   Code   RO         4308    i.prvUnlockQueue    queue.o
    0x0800605a   0x0800605a   0x00000002   PAD
    0x0800605c   0x0800605c   0x000000dc   Code   RO         5320    i.pvPortMalloc      heap_4.o
    0x08006138   0x08006138   0x00000018   Code   RO         4634    i.pvTaskIncrementMutexHeldCount  tasks.o
    0x08006150   0x08006150   0x00000024   Code   RO         5388    i.pxPortInitialiseStack  port.o
    0x08006174   0x08006174   0x00000082   Code   RO         1305    i.run_self_test     mpu6050.o
    0x080061f6   0x080061f6   0x00000002   PAD
    0x080061f8   0x080061f8   0x0000007c   Code   RO          850    i.set_int_enable    inv_mpu.o
    0x08006274   0x08006274   0x0000004c   Code   RO         5602    i.sqrt              m_ws.l(sqrt.o)
    0x080062c0   0x080062c0   0x00000026   Code   RO         4263    i.uxListRemove      list.o
    0x080062e6   0x080062e6   0x00000002   PAD
    0x080062e8   0x080062e8   0x00000014   Code   RO          446    i.vApplicationGetIdleTaskMemory  freertos.o
    0x080062fc   0x080062fc   0x00000016   Code   RO         4264    i.vListInitialise   list.o
    0x08006312   0x08006312   0x00000006   Code   RO         4265    i.vListInitialiseItem  list.o
    0x08006318   0x08006318   0x00000030   Code   RO         4266    i.vListInsert       list.o
    0x08006348   0x08006348   0x00000018   Code   RO         4267    i.vListInsertEnd    list.o
    0x08006360   0x08006360   0x00000040   Code   RO         5390    i.vPortEnterCritical  port.o
    0x080063a0   0x080063a0   0x00000028   Code   RO         5391    i.vPortExitCritical  port.o
    0x080063c8   0x080063c8   0x00000064   Code   RO         5321    i.vPortFree         heap_4.o
    0x0800642c   0x0800642c   0x00000024   Code   RO         5392    i.vPortSetupTimerInterrupt  port.o
    0x08006450   0x08006450   0x0000004c   Code   RO         4641    i.vTaskDelay        tasks.o
    0x0800649c   0x0800649c   0x0000008c   Code   RO         4642    i.vTaskDelayUntil   tasks.o
    0x08006528   0x08006528   0x00000010   Code   RO         4645    i.vTaskInternalSetTimeOutState  tasks.o
    0x08006538   0x08006538   0x0000000c   Code   RO         4646    i.vTaskMissedYield  tasks.o
    0x08006544   0x08006544   0x00000030   Code   RO         4648    i.vTaskPlaceOnEventList  tasks.o
    0x08006574   0x08006574   0x000000a0   Code   RO         4650    i.vTaskPriorityDisinheritAfterTimeout  tasks.o
    0x08006614   0x08006614   0x0000006c   Code   RO         4655    i.vTaskStartScheduler  tasks.o
    0x08006680   0x08006680   0x00000010   Code   RO         4657    i.vTaskSuspendAll   tasks.o
    0x08006690   0x08006690   0x0000005c   Code   RO         4658    i.vTaskSwitchContext  tasks.o
    0x080066ec   0x080066ec   0x000000a8   Code   RO         5394    i.xPortStartScheduler  port.o
    0x08006794   0x08006794   0x00000016   Code   RO         4315    i.xQueueCreateMutex  queue.o
    0x080067aa   0x080067aa   0x0000001a   Code   RO         4316    i.xQueueCreateMutexStatic  queue.o
    0x080067c4   0x080067c4   0x00000042   Code   RO         4317    i.xQueueGenericCreate  queue.o
    0x08006806   0x08006806   0x00000066   Code   RO         4318    i.xQueueGenericCreateStatic  queue.o
    0x0800686c   0x0800686c   0x00000088   Code   RO         4319    i.xQueueGenericReset  queue.o
    0x080068f4   0x080068f4   0x00000160   Code   RO         4320    i.xQueueGenericSend  queue.o
    0x08006a54   0x08006a54   0x00000178   Code   RO         4329    i.xQueueSemaphoreTake  queue.o
    0x08006bcc   0x08006bcc   0x00000074   Code   RO         4660    i.xTaskCheckForTimeOut  tasks.o
    0x08006c40   0x08006c40   0x0000005a   Code   RO         4661    i.xTaskCreate       tasks.o
    0x08006c9a   0x08006c9a   0x00000056   Code   RO         4662    i.xTaskCreateStatic  tasks.o
    0x08006cf0   0x08006cf0   0x0000001c   Code   RO         4666    i.xTaskGetSchedulerState  tasks.o
    0x08006d0c   0x08006d0c   0x0000000c   Code   RO         4667    i.xTaskGetTickCount  tasks.o
    0x08006d18   0x08006d18   0x000000cc   Code   RO         4669    i.xTaskIncrementTick  tasks.o
    0x08006de4   0x08006de4   0x00000098   Code   RO         4672    i.xTaskPriorityDisinherit  tasks.o
    0x08006e7c   0x08006e7c   0x0000008c   Code   RO         4673    i.xTaskPriorityInherit  tasks.o
    0x08006f08   0x08006f08   0x00000074   Code   RO         4674    i.xTaskRemoveFromEventList  tasks.o
    0x08006f7c   0x08006f7c   0x000000c4   Code   RO         4675    i.xTaskResumeAll    tasks.o
    0x08007040   0x08007040   0x00000062   Code   RO         5484    x$fpl$d2f           fz_ws.l(d2f.o)
    0x080070a2   0x080070a2   0x00000002   PAD
    0x080070a4   0x080070a4   0x00000150   Code   RO         5547    x$fpl$dadd          fz_ws.l(daddsub_clz.o)
    0x080071f4   0x080071f4   0x00000010   Code   RO         5633    x$fpl$dcheck1       fz_ws.l(dcheck1.o)
    0x08007204   0x08007204   0x000002b0   Code   RO         5554    x$fpl$ddiv          fz_ws.l(ddiv.o)
    0x080074b4   0x080074b4   0x00000154   Code   RO         5486    x$fpl$dmul          fz_ws.l(dmul.o)
    0x08007608   0x08007608   0x0000009c   Code   RO         5557    x$fpl$dnaninf       fz_ws.l(dnaninf.o)
    0x080076a4   0x080076a4   0x0000000c   Code   RO         5559    x$fpl$dretinf       fz_ws.l(dretinf.o)
    0x080076b0   0x080076b0   0x00000016   Code   RO         5548    x$fpl$drsb          fz_ws.l(daddsub_clz.o)
    0x080076c6   0x080076c6   0x00000002   PAD
    0x080076c8   0x080076c8   0x000001cc   Code   RO         5637    x$fpl$dsqrt         fz_ws.l(dsqrt_noumaal.o)
    0x08007894   0x08007894   0x000001d4   Code   RO         5549    x$fpl$dsub          fz_ws.l(daddsub_clz.o)
    0x08007a68   0x08007a68   0x00000056   Code   RO         5488    x$fpl$f2d           fz_ws.l(f2d.o)
    0x08007abe   0x08007abe   0x00000002   PAD
    0x08007ac0   0x08007ac0   0x000000c4   Code   RO         5490    x$fpl$fadd          fz_ws.l(faddsub_clz.o)
    0x08007b84   0x08007b84   0x0000000c   Code   RO         5561    x$fpl$fcheck1       fz_ws.l(fcheck1.o)
    0x08007b90   0x08007b90   0x00000018   Code   RO         5563    x$fpl$fcmpinf       fz_ws.l(fcmpi.o)
    0x08007ba8   0x08007ba8   0x00000184   Code   RO         5497    x$fpl$fdiv          fz_ws.l(fdiv.o)
    0x08007d2c   0x08007d2c   0x00000036   Code   RO         5500    x$fpl$ffix          fz_ws.l(ffix.o)
    0x08007d62   0x08007d62   0x00000002   PAD
    0x08007d64   0x08007d64   0x0000003e   Code   RO         5504    x$fpl$ffixu         fz_ws.l(ffixu.o)
    0x08007da2   0x08007da2   0x00000002   PAD
    0x08007da4   0x08007da4   0x00000030   Code   RO         5509    x$fpl$fflt          fz_ws.l(fflt_clz.o)
    0x08007dd4   0x08007dd4   0x00000026   Code   RO         5508    x$fpl$ffltu         fz_ws.l(fflt_clz.o)
    0x08007dfa   0x08007dfa   0x00000002   PAD
    0x08007dfc   0x08007dfc   0x00000068   Code   RO         5514    x$fpl$fleqf         fz_ws.l(fleqf.o)
    0x08007e64   0x08007e64   0x00000102   Code   RO         5516    x$fpl$fmul          fz_ws.l(fmul.o)
    0x08007f66   0x08007f66   0x0000008c   Code   RO         5565    x$fpl$fnaninf       fz_ws.l(fnaninf.o)
    0x08007ff2   0x08007ff2   0x0000000a   Code   RO         5567    x$fpl$fretinf       fz_ws.l(fretinf.o)
    0x08007ffc   0x08007ffc   0x00000062   Code   RO         5518    x$fpl$frleqf        fz_ws.l(frleqf.o)
    0x0800805e   0x0800805e   0x00000002   PAD
    0x08008060   0x08008060   0x000000ea   Code   RO         5492    x$fpl$fsub          fz_ws.l(faddsub_clz.o)
    0x0800814a   0x0800814a   0x00000064   Code   RO         5639    x$fpl$retnan        fz_ws.l(retnan.o)
    0x080081ae   0x080081ae   0x0000005c   Code   RO         5569    x$fpl$scalbn        fz_ws.l(scalbn.o)
    0x0800820a   0x0800820a   0x0000004c   Code   RO         5520    x$fpl$scalbnf       fz_ws.l(scalbnf.o)
    0x08008256   0x08008256   0x00000030   Code   RO         5658    x$fpl$trapveneer    fz_ws.l(trapv.o)
    0x08008286   0x08008286   0x00000000   Code   RO         5571    x$fpl$usenofp       fz_ws.l(usenofp.o)
    0x08008286   0x08008286   0x000005f0   Data   RO          215    .constdata          oled.o
    0x08008876   0x08008876   0x00000002   PAD
    0x08008878   0x08008878   0x00000070   Data   RO          448    .constdata          freertos.o
    0x080088e8   0x080088e8   0x0000001e   Data   RO          851    .constdata          inv_mpu.o
    0x08008906   0x08008906   0x0000000c   Data   RO          852    .constdata          inv_mpu.o
    0x08008912   0x08008912   0x00000002   PAD
    0x08008914   0x08008914   0x00000028   Data   RO          853    .constdata          inv_mpu.o
    0x0800893c   0x0800893c   0x00000bf6   Data   RO         1145    .constdata          inv_mpu_dmp_motion_driver.o
    0x08009532   0x08009532   0x00000012   Data   RO         1562    .constdata          stm32f1xx_hal_rcc.o
    0x08009544   0x08009544   0x00000010   Data   RO         4126    .constdata          system_stm32f1xx.o
    0x08009554   0x08009554   0x00000008   Data   RO         4127    .constdata          system_stm32f1xx.o
    0x0800955c   0x0800955c   0x00000004   PAD
    0x08009560   0x08009560   0x00000050   Data   RO         5524    .constdata          m_ws.l(asin.o)
    0x080095b0   0x080095b0   0x00000098   Data   RO         5574    .constdata          m_ws.l(atan.o)
    0x08009648   0x08009648   0x00000008   Data   RO         5600    .constdata          m_ws.l(qnan.o)
    0x08009650   0x08009650   0x00000033   Data   RO          449    .conststring        freertos.o
    0x08009683   0x08009683   0x00000001   PAD
    0x08009684   0x08009684   0x00000020   Data   RO         5788    Region$$Table       anon$$obj.o


    Execution Region RW_IRAM1 (Exec base: 0x20000000, Load base: 0x080096a4, Size: 0x000018e0, Max: 0x00005000, ABSOLUTE)

    Exec Addr    Load Addr    Size         Type   Attr      Idx    E Section Name        Object

    0x20000000   0x080096a4   0x00000014   Data   RW           56    .data               vofa.o
    0x20000014   0x080096b8   0x00000030   Data   RW          450    .data               freertos.o
    0x20000044   0x080096e8   0x0000002c   Data   RW          854    .data               inv_mpu.o
    0x20000070   0x08009714   0x00000009   Data   RW         1306    .data               mpu6050.o
    0x20000079   0x0800971d   0x00000003   PAD
    0x2000007c   0x08009720   0x0000000c   Data   RW         1399    .data               stm32f1xx_hal.o
    0x20000088   0x0800972c   0x00000004   Data   RW         4128    .data               system_stm32f1xx.o
    0x2000008c   0x08009730   0x0000003c   Data   RW         4678    .data               tasks.o
    0x200000c8   0x0800976c   0x00000020   Data   RW         5327    .data               heap_4.o
    0x200000e8   0x0800978c   0x0000000c   Data   RW         5395    .data               port.o
    0x200000f4        -       0x000002cc   Zero   RW          447    .bss                freertos.o
    0x200003c0        -       0x00000054   Zero   RW          520    .bss                i2c.o
    0x20000414        -       0x000000d8   Zero   RW          567    .bss                tim.o
    0x200004ec        -       0x00000048   Zero   RW          634    .bss                usart.o
    0x20000534        -       0x00000048   Zero   RW          770    .bss                stm32f1xx_hal_timebase_tim.o
    0x2000057c        -       0x00000010   Zero   RW         1144    .bss                inv_mpu_dmp_motion_driver.o
    0x2000058c        -       0x000000f0   Zero   RW         4677    .bss                tasks.o
    0x2000067c        -       0x00000c00   Zero   RW         5326    .bss                heap_4.o
    0x2000127c        -       0x00000060   Zero   RW         5642    .bss                c_w.l(libspace.o)
    0x200012dc   0x08009798   0x00000004   PAD
    0x200012e0        -       0x00000200   Zero   RW            2    HEAP                startup_stm32f103xb.o
    0x200014e0        -       0x00000400   Zero   RW            1    STACK               startup_stm32f103xb.o


==============================================================================

Image component sizes


      Code (inc. data)   RO Data    RW Data    ZI Data      Debug   Object Name

       150          0          0          0          0      24280   cmsis_os.o
         0          0          0          0          0      19996   event_groups.o
       700        104        163         48        716       4865   freertos.o
       112         10          0          0          0        851   gpio.o
       472         24          0         32       3072       7127   heap_4.o
       160         28          0          0         84       1517   i2c.o
      5260        278         82         44          0      26711   inv_mpu.o
      2354        118       3062          0         16      18840   inv_mpu_dmp_motion_driver.o
       138          0          0          0          0       3218   list.o
       172          6          0          0          0      33960   main.o
       790         10          0          9          0       3898   mpu6050.o
       746         26       1520          0          0       7189   oled.o
       238          0          0          0          0       3955   pid.o
       578         60          0         12          0       9944   port.o
      1366         14          0          0          0      15659   queue.o
        64         26        236          0       1536        784   startup_stm32f103xb.o
       100         18          0         12          0       5046   stm32f1xx_hal.o
       158         14          0          0          0      28038   stm32f1xx_hal_cortex.o
       222          4          0          0          0       1687   stm32f1xx_hal_dma.o
       490         34          0          0          0       2808   stm32f1xx_hal_gpio.o
      2382         56          0          0          0      12670   stm32f1xx_hal_i2c.o
        72         10          0          0          0        814   stm32f1xx_hal_msp.o
      1304         94         18          0          0       5541   stm32f1xx_hal_rcc.o
      2044         56          0          0          0      17333   stm32f1xx_hal_tim.o
       108         12          0          0          0       2289   stm32f1xx_hal_tim_ex.o
       140         22          0          0         72       1339   stm32f1xx_hal_timebase_tim.o
      1554         10          0          0          0      10564   stm32f1xx_hal_uart.o
        36         12          0          0          0       3234   stm32f1xx_it.o
         0          0          0          0          0        384   stream_buffer.o
         2          0         24          4          0       1035   system_stm32f1xx.o
      2484        188          0         60        240      27797   tasks.o
       668         66          0          0        216       4076   tim.o
       184         22          0          0         72       1574   usart.o
       228         40          0         20          0     435816   vofa.o

    ----------------------------------------------------------------------
     25518       1362       5146        244       6024     744839   Object Totals
         0          0         32          0          0          0   (incl. Generated)
        42          0          9          3          0          0   (incl. Padding)

    ----------------------------------------------------------------------

      Code (inc. data)   RO Data    RW Data    ZI Data      Debug   Library Member Name

         8          0          0          0          0         68   __main.o
         0          0          0          0          0          0   __rtentry.o
        12          0          0          0          0          0   __rtentry2.o
         6          0          0          0          0          0   __rtentry4.o
        52          8          0          0          0          0   __scatter.o
        26          0          0          0          0          0   __scatter_copy.o
        28          0          0          0          0          0   __scatter_zi.o
        22          0          0          0          0        100   _rserrno.o
        16          0          0          0          0         68   aeabi_memset.o
        18          0          0          0          0         80   exit.o
         6          0          0          0          0        152   heapauxi.o
         0          0          0          0          0          0   indicate_semi.o
         2          0          0          0          0          0   libinit.o
         2          0          0          0          0          0   libinit2.o
         2          0          0          0          0          0   libshutdown.o
         2          0          0          0          0          0   libshutdown2.o
         8          4          0          0         96         68   libspace.o
        72          0          0          0          0         76   llsdiv.o
       238          0          0          0          0        100   lludivv7m.o
        88          0          0          0          0         76   memcmp.o
         8          4          0          0          0         68   rt_errno_addr_intlibspace.o
        68          0          0          0          0         68   rt_memclr.o
        78          0          0          0          0         80   rt_memclr_w.o
       138          0          0          0          0         68   rt_memcpy_v6.o
       100          0          0          0          0         80   rt_memcpy_w.o
         2          0          0          0          0          0   rtexit.o
        10          0          0          0          0          0   rtexit2.o
        12          4          0          0          0         68   sys_exit.o
        74          0          0          0          0         80   sys_stackheap_outer.o
         2          0          0          0          0         68   use_no_semi.o
        98          4          0          0          0         92   d2f.o
       826         16          0          0          0        348   daddsub_clz.o
        16          4          0          0          0         68   dcheck1.o
       688        140          0          0          0        208   ddiv.o
       340         12          0          0          0        104   dmul.o
       156          4          0          0          0         92   dnaninf.o
        12          0          0          0          0         68   dretinf.o
       460         56          0          0          0        120   dsqrt_noumaal.o
        86          4          0          0          0         84   f2d.o
       430          8          0          0          0        168   faddsub_clz.o
        12          4          0          0          0         68   fcheck1.o
        24          0          0          0          0         68   fcmpi.o
       388         76          0          0          0         96   fdiv.o
        54          4          0          0          0         84   ffix.o
        62          4          0          0          0         84   ffixu.o
        86          0          0          0          0        136   fflt_clz.o
       104          4          0          0          0         84   fleqf.o
       258          4          0          0          0         84   fmul.o
       140          4          0          0          0         84   fnaninf.o
        10          0          0          0          0         68   fretinf.o
        98          0          0          0          0         68   frleqf.o
       100          0          0          0          0         68   retnan.o
        92          0          0          0          0         68   scalbn.o
        76          0          0          0          0         68   scalbnf.o
        48          0          0          0          0         68   trapv.o
         0          0          0          0          0          0   usenofp.o
       624         52         80          0          0        168   asin.o
       544         70        152          0          0        124   atan.o
       384         38          0          0          0        144   atan2.o
        38          6          0          0          0        272   dunder.o
        40          0          0          0          0         68   fpclassify.o
       170          0          0          0          0         96   poly.o
         0          0          8          0          0          0   qnan.o
        76          0          0          0          0         84   sqrt.o

    ----------------------------------------------------------------------
      7660        534        240          0        100       4872   Library Totals
        20          0          0          0          4          0   (incl. Padding)

    ----------------------------------------------------------------------

      Code (inc. data)   RO Data    RW Data    ZI Data      Debug   Library Name

      1100         20          0          0         96       1368   c_w.l
      4664        348          0          0          0       2548   fz_ws.l
      1876        166        240          0          0        956   m_ws.l

    ----------------------------------------------------------------------
      7660        534        240          0        100       4872   Library Totals

    ----------------------------------------------------------------------

==============================================================================


      Code (inc. data)   RO Data    RW Data    ZI Data      Debug   

     33178       1896       5386        244       6124     735251   Grand Totals
     33178       1896       5386        244       6124     735251   ELF Image Totals
     33178       1896       5386        244          0          0   ROM Totals

==============================================================================

    Total RO  Size (Code + RO Data)                38564 (  37.66kB)
    Total RW  Size (RW Data + ZI Data)              6368 (   6.22kB)
    Total ROM Size (Code + RO Data + RW Data)      38808 (  37.90kB)

==============================================================================

