<html>
<body>
<pre>
<h1>�Vision Build Log</h1>
<h2>Tool Versions:</h2>
IDE-Version: ��Vision V5.41.0.0
Copyright (C) 2024 ARM Ltd and ARM Germany GmbH. All rights reserved.
License Information: 5 a, 6, LIC=76F5U-S538L-Z9CG9-4R5HC-NV0YV-WY116
 
Tool Versions:
Toolchain:       MDK-ARM Plus  Version: 5.41.0.0
Toolchain Path:  D:\keil5\ARM\ARMCC\Bin
C Compiler:      Armcc.exe V5.06 update 5 (build 528)
Assembler:       Armasm.exe V5.06 update 5 (build 528)
Linker/Locator:  ArmLink.exe V5.06 update 5 (build 528)
Library Manager: ArmAr.exe V5.06 update 5 (build 528)
Hex Converter:   FromElf.exe V5.06 update 5 (build 528)
CPU DLL:         SARMCM3.DLL V5.41.0.0
Dialog DLL:      DCM.DLL V1.17.5.0
Target DLL:      STLink\ST-LINKIII-KEIL_SWO.dll V3.3.0.0
Dialog DLL:      TCM.DLL V1.56.4.0
 
<h2>Project:</h2>
D:\GDUT-9th\balance_car\MDK-ARM\balance_car.uvprojx
Project File Date:  04/21/2025

<h2>Output:</h2>
*** Using Compiler 'V5.06 update 5 (build 528)', folder: 'D:\keil5\ARM\ARMCC\Bin'
Rebuild target 'balance_car'
assembling startup_stm32f103xb.s...
compiling pid.c...
..\Core\Src\pid.c(191): warning:  #1-D: last line of file ends without a newline
  }
..\Core\Src\pid.c: 1 warning, 0 errors
compiling Motor.c...
../Core/Inc/Motor.h(4): warning:  #1-D: last line of file ends without a newline
  void Motor_Ctrol(float r_out,float l_out);
..\Core\Src\Motor.c(30): warning:  #1-D: last line of file ends without a newline
  }
..\Core\Src\Motor.c: 2 warnings, 0 errors
compiling OLED.c...
..\Core\Src\OLED.c(13): warning:  #188-D: enumerated type mixed with another type
  	
LED_W_SCL(1);
..\Core\Src\OLED.c(14): warning:  #188-D: enumerated type mixed with another type
  	
LED_W_SDA(1);
..\Core\Src\OLED.c(24): warning:  #188-D: enumerated type mixed with another type
  	
LED_W_SDA(1);
..\Core\Src\OLED.c(25): warning:  #188-D: enumerated type mixed with another type
  	
LED_W_SCL(1);
..\Core\Src\OLED.c(26): warning:  #188-D: enumerated type mixed with another type
  	
LED_W_SDA(0);
..\Core\Src\OLED.c(27): warning:  #188-D: enumerated type mixed with another type
  	
LED_W_SCL(0);
..\Core\Src\OLED.c(37): warning:  #188-D: enumerated type mixed with another type
  	
LED_W_SDA(0);
..\Core\Src\OLED.c(38): warning:  #188-D: enumerated type mixed with another type
  	
LED_W_SCL(1);
..\Core\Src\OLED.c(39): warning:  #188-D: enumerated type mixed with another type
  	
LED_W_SDA(1);
..\Core\Src\OLED.c(52): warning:  #188-D: enumerated type mixed with another type
  		
LED_W_SDA(Byte & (0x80 >> i));
..\Core\Src\OLED.c(53): warning:  #188-D: enumerated type mixed with another type
  		
LED_W_SCL(1);
..\Core\Src\OLED.c(54): warning:  #188-D: enumerated type mixed with another type
  		
LED_W_SCL(0);
..\Core\Src\OLED.c(56): warning:  #188-D: enumerated type mixed with another type
  	
LED_W_SCL(1);	//额外的一个时钟，不处理应答信�?
..\Core\Src\OLED.c(57): warning:  #188-D: enumerated type mixed with another type
  	
LED_W_SCL(0);
..\Core\Src\OLED.c: 14 warnings, 0 errors
compiling vofa.c...
../Core/Inc/vofa.h(25): warning:  #1295-D: Deprecated declaration Vofa_Tail_Send - give arg types
  void Vofa_Tail_Send();
../Core/Inc/vofa.h(27): warning:  #1295-D: Deprecated declaration StartUart2ReceiveIT - give arg types
  void StartUart2ReceiveIT();
..\Core\Src\vofa.c(36): warning:  #186-D: pointless comparison of unsigned integer with zero
  			if(buffer >= 0x00 && buffer <= 0x03)
..\Core\Src\vofa.c(89): warning:  #1-D: last line of file ends without a newline
  }
..\Core\Src\vofa.c: 4 warnings, 0 errors
compiling i2c.c...
compiling tracking.c...
..\Core\Src\tracking.c(33): warning:  #1-D: last line of file ends without a newline
  }
..\Core\Src\tracking.c: 1 warning, 0 errors
compiling stm32f1xx_it.c...
compiling usart.c...
compiling tim.c...
compiling gpio.c...
compiling main.c...
compiling freertos.c...
../Core/Inc/vofa.h(25): warning:  #1295-D: Deprecated declaration Vofa_Tail_Send - give arg types
  void Vofa_Tail_Send();
../Core/Inc/vofa.h(27): warning:  #1295-D: Deprecated declaration StartUart2ReceiveIT - give arg types
  void StartUart2ReceiveIT();
../Core/Inc/Motor.h(4): warning:  #1-D: last line of file ends without a newline
  void Motor_Ctrol(float r_out,float l_out);
../Core/Src/freertos.c(167): warning:  #550-D: variable "pitch"  was set but never used
    float pitch, roll, yaw;
../Core/Src/freertos.c(167): warning:  #550-D: variable "roll"  was set but never used
    float pitch, roll, yaw;
../Core/Src/freertos.c(167): warning:  #550-D: variable "yaw"  was set but never used
    float pitch, roll, yaw;
../Core/Src/freertos.c(196): warning:  #177-D: variable "r_output"  was declared but never referenced
      float r_rps,l_rps,r_output,l_output,angle_error,Target_Speed,Target_angle;
../Core/Src/freertos.c(196): warning:  #177-D: variable "l_output"  was declared but never referenced
      float r_rps,l_rps,r_output,l_output,angle_error,Target_Speed,Target_angle;
../Core/Src/freertos.c(197): warning:  #550-D: variable "roll"  was set but never used
      float pitch,roll,yaw;
../Core/Src/freertos.c(197): warning:  #550-D: variable "yaw"  was set but never used
      float pitch,roll,yaw;
../Core/Src/freertos.c(206): warning:  #177-D: variable "sum_temp"  was declared but never referenced
      uint32_t sum_temp =0;
../Core/Src/freertos.c(207): warning:  #177-D: variable "sum"  was declared but never referenced
      uint8_t sum=0;
../Core/Src/freertos.c(273): warning:  #550-D: variable "r_rps"  was set but never used
  	float r_rps,l_rps,a=0.7;
../Core/Src/freertos.c(273): warning:  #550-D: variable "l_rps"  was set but never used
  	float r_rps,l_rps,a=0.7;
../Core/Src/freertos.c(273): warning:  #177-D: variable "a"  was declared but never referenced
  	float r_rps,l_rps,a=0.7;
../Core/Src/freertos.c(275): warning:  #177-D: variable "Tim3_cnt_last"  was declared but never referenced
  	int Tim3_cnt_last,Tim4_cnt_last;
../Core/Src/freertos.c(275): warning:  #177-D: variable "Tim4_cnt_last"  was declared but never referenced
  	int Tim3_cnt_last,Tim4_cnt_last;
../Core/Src/freertos.c: 17 warnings, 0 errors
compiling MPU6050.c...
compiling stm32f1xx_hal_msp.c...
compiling stm32f1xx_hal_timebase_tim.c...
compiling HC_05.c...
..\Hardware\HC_05\HC_05.c(115): warning:  #1-D: last line of file ends without a newline
  }
..\Hardware\HC_05\HC_05.c: 1 warning, 0 errors
compiling stm32f1xx_hal.c...
compiling stm32f1xx_hal_gpio_ex.c...
compiling stm32f1xx_hal_rcc_ex.c...
compiling inv_mpu_dmp_motion_driver.c...
compiling stm32f1xx_hal_gpio.c...
compiling stm32f1xx_hal_rcc.c...
compiling stm32f1xx_hal_dma.c...
compiling inv_mpu.c...
..\Hardware\MPU6050\inv_mpu.c(2251): warning:  #177-D: function "setup_compass"  was declared but never referenced
  static int setup_compass(void)
..\Hardware\MPU6050\inv_mpu.c: 1 warning, 0 errors
compiling croutine.c...
compiling event_groups.c...
compiling stm32f1xx_hal_cortex.c...
compiling list.c...
compiling stm32f1xx_hal_pwr.c...
compiling queue.c...
compiling stm32f1xx_hal_flash.c...
compiling stream_buffer.c...
compiling stm32f1xx_hal_exti.c...
compiling stm32f1xx_hal_flash_ex.c...
compiling system_stm32f1xx.c...
compiling timers.c...
compiling heap_4.c...
compiling tasks.c...
compiling stm32f1xx_hal_tim_ex.c...
compiling stm32f1xx_hal_uart.c...
compiling cmsis_os.c...
compiling port.c...
compiling stm32f1xx_hal_i2c.c...
compiling stm32f1xx_hal_tim.c...
linking...
Program Size: Code=32992 RO-data=3824 RW-data=252 ZI-data=6436  
FromELF: creating hex file...
"balance_car\balance_car.axf" - 0 Error(s), 41 Warning(s).

<h2>Software Packages used:</h2>

Package Vendor: ARM
                https://www.keil.com/pack/ARM.CMSIS.6.1.0.pack
                ARM::CMSIS@6.1.0
                CMSIS (Common Microcontroller Software Interface Standard)
   * Component: CORE Version: 6.1.0

Package Vendor: Keil
                http://www.keil.com/pack/Keil.STM32F1xx_DFP.2.2.0.pack
                Keil::STM32F1xx_DFP@2.2.0
                STMicroelectronics STM32F1 Series Device Support, Drivers and Examples

<h2>Collection of Component include folders:</h2>
  ./RTE/_balance_car
  D:/keil5/ARM/PACK/ARM/CMSIS/6.1.0/CMSIS/Core/Include
  D:/keil5/ARM/PACK/Keil/STM32F1xx_DFP/2.2.0/Device/Include

<h2>Collection of Component Files used:</h2>

   * Component: ARM::CMSIS:CORE@6.1.0
      Include file:  CMSIS/Core/Include/tz_context.h
Build Time Elapsed:  00:00:05
</pre>
</body>
</html>
