Component: ARM Compiler 5.06 update 5 (build 528) Tool: armlink [4d35e2]

==============================================================================

Section Cross References

    startup_stm32f103xb.o(STACK) refers (Special) to heapauxi.o(.text) for __use_two_region_memory
    startup_stm32f103xb.o(HEAP) refers (Special) to heapauxi.o(.text) for __use_two_region_memory
    startup_stm32f103xb.o(RESET) refers (Special) to heapauxi.o(.text) for __use_two_region_memory
    startup_stm32f103xb.o(RESET) refers to startup_stm32f103xb.o(STACK) for __initial_sp
    startup_stm32f103xb.o(RESET) refers to startup_stm32f103xb.o(.text) for Reset_Handler
    startup_stm32f103xb.o(RESET) refers to stm32f1xx_it.o(i.NMI_Handler) for NMI_Handler
    startup_stm32f103xb.o(RESET) refers to stm32f1xx_it.o(i.HardFault_Handler) for HardFault_Handler
    startup_stm32f103xb.o(RESET) refers to stm32f1xx_it.o(i.MemManage_Handler) for MemManage_Handler
    startup_stm32f103xb.o(RESET) refers to stm32f1xx_it.o(i.BusFault_Handler) for BusFault_Handler
    startup_stm32f103xb.o(RESET) refers to stm32f1xx_it.o(i.UsageFault_Handler) for UsageFault_Handler
    startup_stm32f103xb.o(RESET) refers to port.o(.emb_text) for SVC_Handler
    startup_stm32f103xb.o(RESET) refers to stm32f1xx_it.o(i.DebugMon_Handler) for DebugMon_Handler
    startup_stm32f103xb.o(RESET) refers to port.o(i.SysTick_Handler) for SysTick_Handler
    startup_stm32f103xb.o(RESET) refers to stm32f1xx_it.o(i.TIM1_UP_IRQHandler) for TIM1_UP_IRQHandler
    startup_stm32f103xb.o(RESET) refers to stm32f1xx_it.o(i.USART2_IRQHandler) for USART2_IRQHandler
    startup_stm32f103xb.o(.text) refers (Special) to heapauxi.o(.text) for __use_two_region_memory
    startup_stm32f103xb.o(.text) refers to system_stm32f1xx.o(i.SystemInit) for SystemInit
    startup_stm32f103xb.o(.text) refers to __main.o(!!!main) for __main
    startup_stm32f103xb.o(.text) refers to startup_stm32f103xb.o(HEAP) for Heap_Mem
    startup_stm32f103xb.o(.text) refers to startup_stm32f103xb.o(STACK) for Stack_Mem
    pid.o(i.PID_incremental_PID_calculation) refers to faddsub_clz.o(x$fpl$fsub) for __aeabi_fsub
    pid.o(i.PID_incremental_PID_calculation) refers to fleqf.o(x$fpl$fleqf) for __aeabi_cfcmple
    pid.o(i.PID_incremental_PID_calculation) refers to fmul.o(x$fpl$fmul) for __aeabi_fmul
    pid.o(i.PID_incremental_PID_calculation) refers to scalbnf.o(x$fpl$scalbnf) for __ARM_scalbnf
    pid.o(i.PID_incremental_PID_calculation) refers to faddsub_clz.o(x$fpl$fadd) for __aeabi_fadd
    pid.o(i.PID_incremental_PID_calculation) refers to frleqf.o(x$fpl$frleqf) for __aeabi_cfrcmple
    pid.o(i.PID_position_PID_calculation_by_error) refers to fleqf.o(x$fpl$fleqf) for __aeabi_cfcmple
    pid.o(i.PID_position_PID_calculation_by_error) refers to faddsub_clz.o(x$fpl$fadd) for __aeabi_fadd
    pid.o(i.PID_position_PID_calculation_by_error) refers to faddsub_clz.o(x$fpl$fsub) for __aeabi_fsub
    pid.o(i.PID_position_PID_calculation_by_error) refers to fmul.o(x$fpl$fmul) for __aeabi_fmul
    pid.o(i.PID_position_PID_calculation_by_error) refers to frleqf.o(x$fpl$frleqf) for __aeabi_cfrcmple
    vofa.o(i.HAL_UART_RxCpltCallback) refers to vofa.o(i.Vofa_Handle_Receive) for Vofa_Handle_Receive
    vofa.o(i.HAL_UART_RxCpltCallback) refers to vofa.o(i.StartUartReceiveIT) for StartUartReceiveIT
    vofa.o(i.HAL_UART_RxCpltCallback) refers to usart.o(.bss) for huart2
    vofa.o(i.HAL_UART_RxCpltCallback) refers to vofa.o(.data) for .data
    vofa.o(i.StartUartReceiveIT) refers to stm32f1xx_hal_uart.o(i.HAL_UART_Receive_IT) for HAL_UART_Receive_IT
    vofa.o(i.StartUartReceiveIT) refers to vofa.o(.data) for .data
    vofa.o(i.StartUartReceiveIT) refers to usart.o(.bss) for huart2
    vofa.o(i.Vofa_Handle_Receive) refers to vofa.o(.data) for .data
    vofa.o(i.Vofa_SendFloat) refers to stm32f1xx_hal_uart.o(i.HAL_UART_Transmit) for HAL_UART_Transmit
    vofa.o(i.Vofa_SendFloat) refers to usart.o(.bss) for huart2
    vofa.o(i.Vofa_Tail) refers to stm32f1xx_hal_uart.o(i.HAL_UART_Transmit) for HAL_UART_Transmit
    vofa.o(i.Vofa_Tail) refers to usart.o(.bss) for huart2
    oled.o(i.OLED_Clear) refers to oled.o(i.OLED_SetCursor) for OLED_SetCursor
    oled.o(i.OLED_Clear) refers to oled.o(i.OLED_WriteData) for OLED_WriteData
    oled.o(i.OLED_I2C_Init) refers to stm32f1xx_hal_gpio.o(i.HAL_GPIO_WritePin) for HAL_GPIO_WritePin
    oled.o(i.OLED_I2C_SendByte) refers to stm32f1xx_hal_gpio.o(i.HAL_GPIO_WritePin) for HAL_GPIO_WritePin
    oled.o(i.OLED_I2C_Start) refers to stm32f1xx_hal_gpio.o(i.HAL_GPIO_WritePin) for HAL_GPIO_WritePin
    oled.o(i.OLED_I2C_Stop) refers to stm32f1xx_hal_gpio.o(i.HAL_GPIO_WritePin) for HAL_GPIO_WritePin
    oled.o(i.OLED_Init) refers to oled.o(i.OLED_I2C_Init) for OLED_I2C_Init
    oled.o(i.OLED_Init) refers to oled.o(i.OLED_WriteCommand) for OLED_WriteCommand
    oled.o(i.OLED_Init) refers to oled.o(i.OLED_Clear) for OLED_Clear
[...]
    STACK                                    0x20001510   Section     1024  startup_stm32f103xb.o(STACK)
    Stack_Mem                                0x20001510   Data        1024  startup_stm32f103xb.o(STACK)
    __initial_sp                             0x20001910   Data           0  startup_stm32f103xb.o(STACK)

    Global Symbols

    Symbol Name                              Value     Ov Type        Size  Object(Section)

    BuildAttributes$$THM_ISAv4$P$D$K$B$S$PE$A:L22UL41UL21$X:L11$S22US41US21$IEEE1$IW$USESV6$~STKCKD$USESV7$~SHL$OTIME$ROPI$IEEEX$EBA8$UX$STANDARDLIB$REQ8$PRES8$EABIv2 0x00000000   Number         0  anon$$obj.o ABSOLUTE
    __ARM_use_no_argv                        0x00000000   Number         0  main.o ABSOLUTE
    __ARM_exceptions_init                     - Undefined Weak Reference
    __alloca_initialize                       - Undefined Weak Reference
    __arm_preinit_                            - Undefined Weak Reference
    __cpp_initialize__aeabi_                  - Undefined Weak Reference
    __cxa_finalize                            - Undefined Weak Reference
    __rt_locale                               - Undefined Weak Reference
    __sigvec_lookup                           - Undefined Weak Reference
    _atexit_init                              - Undefined Weak Reference
    _call_atexit_fns                          - Undefined Weak Reference
    _clock_init                               - Undefined Weak Reference
    _fp_trap_init                             - Undefined Weak Reference
    _fp_trap_shutdown                         - Undefined Weak Reference
    _get_lc_collate                           - Undefined Weak Reference
    _get_lc_ctype                             - Undefined Weak Reference
    _get_lc_monetary                          - Undefined Weak Reference
    _get_lc_numeric                           - Undefined Weak Reference
    _get_lc_time                              - Undefined Weak Reference
    _getenv_init                              - Undefined Weak Reference
    _handle_redirection                       - Undefined Weak Reference
    _init_alloc                               - Undefined Weak Reference
    _init_user_alloc                          - Undefined Weak Reference
    _initio                                   - Undefined Weak Reference
    _rand_init                                - Undefined Weak Reference
    _signal_finish                            - Undefined Weak Reference
    _signal_init                              - Undefined Weak Reference
    _terminate_alloc                          - Undefined Weak Reference
    _terminate_user_alloc                     - Undefined Weak Reference
    _terminateio                              - Undefined Weak Reference
    __Vectors_Size                           0x000000ec   Number         0  startup_stm32f103xb.o ABSOLUTE
    __Vectors                                0x08000000   Data           4  startup_stm32f103xb.o(RESET)
    __Vectors_End                            0x080000ec   Data           0  startup_stm32f103xb.o(RESET)
    __main                                   0x080000ed   Thumb Code     8  __main.o(!!!main)
    __scatterload                            0x080000f5   Thumb Code     0  __scatter.o(!!!scatter)
    __scatterload_rt2                        0x080000f5   Thumb Code    44  __scatter.o(!!!scatter)
    __scatterload_rt2_thumb_only             0x080000f5   Thumb Code     0  __scatter.o(!!!scatter)
    __scatterload_null                       0x08000103   Thumb Code     0  __scatter.o(!!!scatter)
    __scatterload_copy                       0x08000129   Thumb Code    26  __scatter_copy.o(!!handler_copy)
    __scatterload_zeroinit                   0x08000145   Thumb Code    28  __scatter_zi.o(!!handler_zi)
    __rt_lib_init                            0x08000161   Thumb Code     0  libinit.o(.ARM.Collect$$libinit$$00000000)
    __rt_lib_init_alloca_1                   0x08000163   Thumb Code     0  libinit2.o(.ARM.Collect$$libinit$$0000002E)
    __rt_lib_init_argv_1                     0x08000163   Thumb Code     0  libinit2.o(.ARM.Collect$$libinit$$0000002C)
    __rt_lib_init_atexit_1                   0x08000163   Thumb Code     0  libinit2.o(.ARM.Collect$$libinit$$0000001B)
    __rt_lib_init_clock_1                    0x08000163   Thumb Code     0  libinit2.o(.ARM.Collect$$libinit$$00000021)
    __rt_lib_init_cpp_1                      0x08000163   Thumb Code     0  libinit2.o(.ARM.Collect$$libinit$$00000032)
    __rt_lib_init_exceptions_1               0x08000163   Thumb Code     0  libinit2.o(.ARM.Collect$$libinit$$00000030)
    __rt_lib_init_fp_1                       0x08000163   Thumb Code     0  libinit2.o(.ARM.Collect$$libinit$$00000002)
    __rt_lib_init_fp_trap_1                  0x08000163   Thumb Code     0  libinit2.o(.ARM.Collect$$libinit$$0000001F)
    __rt_lib_init_getenv_1                   0x08000163   Thumb Code     0  libinit2.o(.ARM.Collect$$libinit$$00000023)
    __rt_lib_init_heap_1                     0x08000163   Thumb Code     0  libinit2.o(.ARM.Collect$$libinit$$0000000A)
    __rt_lib_init_lc_collate_1               0x08000163   Thumb Code     0  libinit2.o(.ARM.Collect$$libinit$$00000011)
    __rt_lib_init_lc_ctype_1                 0x08000163   Thumb Code     0  libinit2.o(.ARM.Collect$$libinit$$00000013)
    __rt_lib_init_lc_monetary_1              0x08000163   Thumb Code     0  libinit2.o(.ARM.Collect$$libinit$$00000015)
    __rt_lib_init_lc_numeric_1               0x08000163   Thumb Code     0  libinit2.o(.ARM.Collect$$libinit$$00000017)
    __rt_lib_init_lc_time_1                  0x08000163   Thumb Code     0  libinit2.o(.ARM.Collect$$libinit$$00000019)
    __rt_lib_init_preinit_1                  0x08000163   Thumb Code     0  libinit2.o(.ARM.Collect$$libinit$$00000004)
    __rt_lib_init_rand_1                     0x08000163   Thumb Code     0  libinit2.o(.ARM.Collect$$libinit$$0000000E)
    __rt_lib_init_return                     0x08000163   Thumb Code     0  libinit2.o(.ARM.Collect$$libinit$$00000033)
    __rt_lib_init_signal_1                   0x08000163   Thumb Code     0  libinit2.o(.ARM.Collect$$libinit$$0000001D)
    __rt_lib_init_stdio_1                    0x08000163   Thumb Code     0  libinit2.o(.ARM.Collect$$libinit$$00000025)
    __rt_lib_init_user_alloc_1               0x08000163   Thumb Code     0  libinit2.o(.ARM.Collect$$libinit$$0000000C)
    __rt_lib_shutdown                        0x08000165   Thumb Code     0  libshutdown.o(.ARM.Collect$$libshutdown$$00000000)
    __rt_lib_shutdown_cpp_1                  0x08000167   Thumb Code     0  libshutdown2.o(.ARM.Collect$$libshutdown$$00000002)
    __rt_lib_shutdown_fp_trap_1              0x08000167   Thumb Code     0  libshutdown2.o(.ARM.Collect$$libshutdown$$00000007)
    __rt_lib_shutdown_heap_1                 0x08000167   Thumb Code     0  libshutdown2.o(.ARM.Collect$$libshutdown$$0000000F)
    __rt_lib_shutdown_return                 0x08000167   Thumb Code     0  libshutdown2.o(.ARM.Collect$$libshutdown$$00000010)
    __rt_lib_shutdown_signal_1               0x08000167   Thumb Code     0  libshutdown2.o(.ARM.Collect$$libshutdown$$0000000A)
    __rt_lib_shutdown_stdio_1                0x08000167   Thumb Code     0  libshutdown2.o(.ARM.Collect$$libshutdown$$00000004)
    __rt_lib_shutdown_user_alloc_1           0x08000167   Thumb Code     0  libshutdown2.o(.ARM.Collect$$libshutdown$$0000000C)
    __rt_entry                               0x08000169   Thumb Code     0  __rtentry.o(.ARM.Collect$$rtentry$$00000000)
    __rt_entry_presh_1                       0x08000169   Thumb Code     0  __rtentry2.o(.ARM.Collect$$rtentry$$00000002)
    __rt_entry_sh                            0x08000169   Thumb Code     0  __rtentry4.o(.ARM.Collect$$rtentry$$00000004)
    __rt_entry_li                            0x0800016f   Thumb Code     0  __rtentry2.o(.ARM.Collect$$rtentry$$0000000A)
    __rt_entry_postsh_1                      0x0800016f   Thumb Code     0  __rtentry2.o(.ARM.Collect$$rtentry$$00000009)
    __rt_entry_main                          0x08000173   Thumb Code     0  __rtentry2.o(.ARM.Collect$$rtentry$$0000000D)
    __rt_entry_postli_1                      0x08000173   Thumb Code     0  __rtentry2.o(.ARM.Collect$$rtentry$$0000000C)
    __rt_exit                                0x0800017b   Thumb Code     0  rtexit.o(.ARM.Collect$$rtexit$$00000000)
    __rt_exit_ls                             0x0800017d   Thumb Code     0  rtexit2.o(.ARM.Collect$$rtexit$$00000003)
    __rt_exit_prels_1                        0x0800017d   Thumb Code     0  rtexit2.o(.ARM.Collect$$rtexit$$00000002)
    __rt_exit_exit                           0x08000181   Thumb Code     0  rtexit2.o(.ARM.Collect$$rtexit$$00000004)
    SVC_Handler                              0x08000189   Thumb Code    32  port.o(.emb_text)
    __asm___6_port_c_39a90d8d__prvStartFirstTask 0x080001ad   Thumb Code    28  port.o(.emb_text)
    PendSV_Handler                           0x080001cd   Thumb Code    72  port.o(.emb_text)
    vPortGetIPSR                             0x08000219   Thumb Code     6  port.o(.emb_text)
    Reset_Handler                            0x08000221   Thumb Code     8  startup_stm32f103xb.o(.text)
    ADC1_2_IRQHandler                        0x0800023b   Thumb Code     0  startup_stm32f103xb.o(.text)
    CAN1_RX1_IRQHandler                      0x0800023b   Thumb Code     0  startup_stm32f103xb.o(.text)
    CAN1_SCE_IRQHandler                      0x0800023b   Thumb Code     0  startup_stm32f103xb.o(.text)
    DMA1_Channel1_IRQHandler                 0x0800023b   Thumb Code     0  startup_stm32f103xb.o(.text)
    DMA1_Channel2_IRQHandler                 0x0800023b   Thumb Code     0  startup_stm32f103xb.o(.text)
    DMA1_Channel3_IRQHandler                 0x0800023b   Thumb Code     0  startup_stm32f103xb.o(.text)
    DMA1_Channel4_IRQHandler                 0x0800023b   Thumb Code     0  startup_stm32f103xb.o(.text)
    DMA1_Channel5_IRQHandler                 0x0800023b   Thumb Code     0  startup_stm32f103xb.o(.text)
    DMA1_Channel6_IRQHandler                 0x0800023b   Thumb Code     0  startup_stm32f103xb.o(.text)
    DMA1_Channel7_IRQHandler                 0x0800023b   Thumb Code     0  startup_stm32f103xb.o(.text)
    EXTI0_IRQHandler                         0x0800023b   Thumb Code     0  startup_stm32f103xb.o(.text)
    EXTI15_10_IRQHandler                     0x0800023b   Thumb Code     0  startup_stm32f103xb.o(.text)
    EXTI1_IRQHandler                         0x0800023b   Thumb Code     0  startup_stm32f103xb.o(.text)
    EXTI2_IRQHandler                         0x0800023b   Thumb Code     0  startup_stm32f103xb.o(.text)
    EXTI3_IRQHandler                         0x0800023b   Thumb Code     0  startup_stm32f103xb.o(.text)
    EXTI4_IRQHandler                         0x0800023b   Thumb Code     0  startup_stm32f103xb.o(.text)
    EXTI9_5_IRQHandler                       0x0800023b   Thumb Code     0  startup_stm32f103xb.o(.text)
    FLASH_IRQHandler                         0x0800023b   Thumb Code     0  startup_stm32f103xb.o(.text)
    I2C1_ER_IRQHandler                       0x0800023b   Thumb Code     0  startup_stm32f103xb.o(.text)
    I2C1_EV_IRQHandler                       0x0800023b   Thumb Code     0  startup_stm32f103xb.o(.text)
    I2C2_ER_IRQHandler                       0x0800023b   Thumb Code     0  startup_stm32f103xb.o(.text)
    I2C2_EV_IRQHandler                       0x0800023b   Thumb Code     0  startup_stm32f103xb.o(.text)
    PVD_IRQHandler                           0x0800023b   Thumb Code     0  startup_stm32f103xb.o(.text)
    RCC_IRQHandler                           0x0800023b   Thumb Code     0  startup_stm32f103xb.o(.text)
    RTC_Alarm_IRQHandler                     0x0800023b   Thumb Code     0  startup_stm32f103xb.o(.text)
    RTC_IRQHandler                           0x0800023b   Thumb Code     0  startup_stm32f103xb.o(.text)
    SPI1_IRQHandler                          0x0800023b   Thumb Code     0  startup_stm32f103xb.o(.text)
    SPI2_IRQHandler                          0x0800023b   Thumb Code     0  startup_stm32f103xb.o(.text)
    TAMPER_IRQHandler                        0x0800023b   Thumb Code     0  startup_stm32f103xb.o(.text)
    TIM1_BRK_IRQHandler                      0x0800023b   Thumb Code     0  startup_stm32f103xb.o(.text)
    TIM1_CC_IRQHandler                       0x0800023b   Thumb Code     0  startup_stm32f103xb.o(.text)
    TIM1_TRG_COM_IRQHandler                  0x0800023b   Thumb Code     0  startup_stm32f103xb.o(.text)
    TIM2_IRQHandler                          0x0800023b   Thumb Code     0  startup_stm32f103xb.o(.text)
    TIM3_IRQHandler                          0x0800023b   Thumb Code     0  startup_stm32f103xb.o(.text)
    TIM4_IRQHandler                          0x0800023b   Thumb Code     0  startup_stm32f103xb.o(.text)
    USART1_IRQHandler                        0x0800023b   Thumb Code     0  startup_stm32f103xb.o(.text)
    USART3_IRQHandler                        0x0800023b   Thumb Code     0  startup_stm32f103xb.o(.text)
    USBWakeUp_IRQHandler                     0x0800023b   Thumb Code     0  startup_stm32f103xb.o(.text)
    USB_HP_CAN1_TX_IRQHandler                0x0800023b   Thumb Code     0  startup_stm32f103xb.o(.text)
    USB_LP_CAN1_RX0_IRQHandler               0x0800023b   Thumb Code     0  startup_stm32f103xb.o(.text)
    WWDG_IRQHandler                          0x0800023b   Thumb Code     0  startup_stm32f103xb.o(.text)
    __user_initial_stackheap                 0x0800023d   Thumb Code     0  startup_stm32f103xb.o(.text)
    __aeabi_ldivmod                          0x08000261   Thumb Code     0  llsdiv.o(.text)
    _ll_sdiv                                 0x08000261   Thumb Code    72  llsdiv.o(.text)
    memcmp                                   0x080002a9   Thumb Code    88  memcmp.o(.text)
    __aeabi_memcpy4                          0x08000301   Thumb Code     0  rt_memcpy_w.o(.text)
    __aeabi_memcpy8                          0x08000301   Thumb Code     0  rt_memcpy_w.o(.text)
    __rt_memcpy_w                            0x08000301   Thumb Code   100  rt_memcpy_w.o(.text)
    _memcpy_lastbytes_aligned                0x08000349   Thumb Code     0  rt_memcpy_w.o(.text)
    __aeabi_memset                           0x08000365   Thumb Code    16  aeabi_memset.o(.text)
    __aeabi_memclr4                          0x08000375   Thumb Code     0  rt_memclr_w.o(.text)
    __aeabi_memclr8                          0x08000375   Thumb Code     0  rt_memclr_w.o(.text)
    __rt_memclr_w                            0x08000375   Thumb Code    78  rt_memclr_w.o(.text)
    _memset_w                                0x08000379   Thumb Code     0  rt_memclr_w.o(.text)
    __use_two_region_memory                  0x080003c3   Thumb Code     2  heapauxi.o(.text)
    __rt_heap_escrow$2region                 0x080003c5   Thumb Code     2  heapauxi.o(.text)
    __rt_heap_expand$2region                 0x080003c7   Thumb Code     2  heapauxi.o(.text)
    __aeabi_uldivmod                         0x080003c9   Thumb Code     0  lludivv7m.o(.text)
    _ll_udiv                                 0x080003c9   Thumb Code   238  lludivv7m.o(.text)
    __read_errno                             0x080004b7   Thumb Code    10  _rserrno.o(.text)
    __set_errno                              0x080004c1   Thumb Code    12  _rserrno.o(.text)
    __aeabi_memclr                           0x080004cd   Thumb Code     0  rt_memclr.o(.text)
    __rt_memclr                              0x080004cd   Thumb Code    68  rt_memclr.o(.text)
    _memset                                  0x080004d1   Thumb Code     0  rt_memclr.o(.text)
    __aeabi_errno_addr                       0x08000511   Thumb Code     8  rt_errno_addr_intlibspace.o(.text)
    __errno$intlibspace                      0x08000511   Thumb Code     0  rt_errno_addr_intlibspace.o(.text)
    __rt_errno_addr$intlibspace              0x08000511   Thumb Code     0  rt_errno_addr_intlibspace.o(.text)
    __user_libspace                          0x08000519   Thumb Code     8  libspace.o(.text)
    __user_perproc_libspace                  0x08000519   Thumb Code     0  libspace.o(.text)
    __user_perthread_libspace                0x08000519   Thumb Code     0  libspace.o(.text)
    __user_setup_stackheap                   0x08000521   Thumb Code    74  sys_stackheap_outer.o(.text)
    exit                                     0x0800056b   Thumb Code    18  exit.o(.text)
    _sys_exit                                0x0800057d   Thumb Code     8  sys_exit.o(.text)
    __I$use$semihosting                      0x08000589   Thumb Code     0  use_no_semi.o(.text)
    __use_no_semihosting_swi                 0x08000589   Thumb Code     2  use_no_semi.o(.text)
    BusFault_Handler                         0x0800058b   Thumb Code     2  stm32f1xx_it.o(i.BusFault_Handler)
    __semihosting_library_function           0x0800058b   Thumb Code     0  indicate_semi.o(.text)
    DebugMon_Handler                         0x0800058d   Thumb Code     2  stm32f1xx_it.o(i.DebugMon_Handler)
    Error_Handler                            0x0800058f   Thumb Code     4  main.o(i.Error_Handler)
    HAL_DMA_Abort                            0x08000593   Thumb Code    70  stm32f1xx_hal_dma.o(i.HAL_DMA_Abort)
    HAL_DMA_Abort_IT                         0x080005d9   Thumb Code   148  stm32f1xx_hal_dma.o(i.HAL_DMA_Abort_IT)
    HAL_Delay                                0x08000671   Thumb Code    32  stm32f1xx_hal.o(i.HAL_Delay)
    HAL_GPIO_Init                            0x08000695   Thumb Code   446  stm32f1xx_hal_gpio.o(i.HAL_GPIO_Init)
    HAL_GPIO_WritePin                        0x08000875   Thumb Code    10  stm32f1xx_hal_gpio.o(i.HAL_GPIO_WritePin)
    HAL_GetTick                              0x08000881   Thumb Code     6  stm32f1xx_hal.o(i.HAL_GetTick)
    HAL_I2C_Init                             0x0800088d   Thumb Code   376  stm32f1xx_hal_i2c.o(i.HAL_I2C_Init)
    HAL_I2C_Mem_Read                         0x08000a15   Thumb Code   586  stm32f1xx_hal_i2c.o(i.HAL_I2C_Mem_Read)
    HAL_I2C_Mem_Write                        0x08000c71   Thumb Code   294  stm32f1xx_hal_i2c.o(i.HAL_I2C_Mem_Write)
    HAL_I2C_MspInit                          0x08000da1   Thumb Code    82  i2c.o(i.HAL_I2C_MspInit)
    HAL_IncTick                              0x08000e01   Thumb Code    12  stm32f1xx_hal.o(i.HAL_IncTick)
    HAL_Init                                 0x08000e11   Thumb Code    32  stm32f1xx_hal.o(i.HAL_Init)
    HAL_InitTick                             0x08000e35   Thumb Code   118  stm32f1xx_hal_timebase_tim.o(i.HAL_InitTick)
    HAL_MspInit                              0x08000ec1   Thumb Code    62  stm32f1xx_hal_msp.o(i.HAL_MspInit)
    HAL_NVIC_EnableIRQ                       0x08000f09   Thumb Code    26  stm32f1xx_hal_cortex.o(i.HAL_NVIC_EnableIRQ)
    HAL_NVIC_SetPriority                     0x08000f25   Thumb Code    60  stm32f1xx_hal_cortex.o(i.HAL_NVIC_SetPriority)
    HAL_NVIC_SetPriorityGrouping             0x08000f65   Thumb Code    26  stm32f1xx_hal_cortex.o(i.HAL_NVIC_SetPriorityGrouping)
    HAL_RCC_ClockConfig                      0x08000f89   Thumb Code   280  stm32f1xx_hal_rcc.o(i.HAL_RCC_ClockConfig)
    HAL_RCC_GetClockConfig                   0x080010b5   Thumb Code    54  stm32f1xx_hal_rcc.o(i.HAL_RCC_GetClockConfig)
    HAL_RCC_GetPCLK1Freq                     0x080010f5   Thumb Code    20  stm32f1xx_hal_rcc.o(i.HAL_RCC_GetPCLK1Freq)
    HAL_RCC_GetPCLK2Freq                     0x08001115   Thumb Code    20  stm32f1xx_hal_rcc.o(i.HAL_RCC_GetPCLK2Freq)
    HAL_RCC_GetSysClockFreq                  0x08001135   Thumb Code    58  stm32f1xx_hal_rcc.o(i.HAL_RCC_GetSysClockFreq)
    HAL_RCC_OscConfig                        0x08001181   Thumb Code   778  stm32f1xx_hal_rcc.o(i.HAL_RCC_OscConfig)
    HAL_TIMEx_BreakCallback                  0x080014a1   Thumb Code     2  stm32f1xx_hal_tim_ex.o(i.HAL_TIMEx_BreakCallback)
    HAL_TIMEx_CommutCallback                 0x080014a3   Thumb Code     2  stm32f1xx_hal_tim_ex.o(i.HAL_TIMEx_CommutCallback)
    HAL_TIMEx_MasterConfigSynchronization    0x080014a5   Thumb Code    92  stm32f1xx_hal_tim_ex.o(i.HAL_TIMEx_MasterConfigSynchronization)
    HAL_TIM_Base_Init                        0x0800150d   Thumb Code    90  stm32f1xx_hal_tim.o(i.HAL_TIM_Base_Init)
    HAL_TIM_Base_MspInit                     0x08001569   Thumb Code    30  tim.o(i.HAL_TIM_Base_MspInit)
    HAL_TIM_Base_Start_IT                    0x0800158d   Thumb Code    76  stm32f1xx_hal_tim.o(i.HAL_TIM_Base_Start_IT)
    HAL_TIM_ConfigClockSource                0x080015e5   Thumb Code   220  stm32f1xx_hal_tim.o(i.HAL_TIM_ConfigClockSource)
    HAL_TIM_Encoder_Init                     0x080016c1   Thumb Code   164  stm32f1xx_hal_tim.o(i.HAL_TIM_Encoder_Init)
    HAL_TIM_Encoder_MspInit                  0x08001765   Thumb Code   118  tim.o(i.HAL_TIM_Encoder_MspInit)
    HAL_TIM_Encoder_Start                    0x080017f1   Thumb Code   142  stm32f1xx_hal_tim.o(i.HAL_TIM_Encoder_Start)
    HAL_TIM_IC_CaptureCallback               0x0800187f   Thumb Code     2  stm32f1xx_hal_tim.o(i.HAL_TIM_IC_CaptureCallback)
    HAL_TIM_IRQHandler                       0x08001881   Thumb Code   304  stm32f1xx_hal_tim.o(i.HAL_TIM_IRQHandler)
    HAL_TIM_MspPostInit                      0x080019b1   Thumb Code    78  tim.o(i.HAL_TIM_MspPostInit)
    HAL_TIM_OC_DelayElapsedCallback          0x08001a0d   Thumb Code     2  stm32f1xx_hal_tim.o(i.HAL_TIM_OC_DelayElapsedCallback)
    HAL_TIM_PWM_ConfigChannel                0x08001a0f   Thumb Code   204  stm32f1xx_hal_tim.o(i.HAL_TIM_PWM_ConfigChannel)
    HAL_TIM_PWM_Init                         0x08001adb   Thumb Code    90  stm32f1xx_hal_tim.o(i.HAL_TIM_PWM_Init)
    HAL_TIM_PWM_MspInit                      0x08001b35   Thumb Code     2  stm32f1xx_hal_tim.o(i.HAL_TIM_PWM_MspInit)
    HAL_TIM_PWM_PulseFinishedCallback        0x08001b37   Thumb Code     2  stm32f1xx_hal_tim.o(i.HAL_TIM_PWM_PulseFinishedCallback)
    HAL_TIM_PWM_Start                        0x08001b39   Thumb Code   144  stm32f1xx_hal_tim.o(i.HAL_TIM_PWM_Start)
    HAL_TIM_PeriodElapsedCallback            0x08001bd5   Thumb Code    14  main.o(i.HAL_TIM_PeriodElapsedCallback)
    HAL_TIM_TriggerCallback                  0x08001be9   Thumb Code     2  stm32f1xx_hal_tim.o(i.HAL_TIM_TriggerCallback)
    HAL_UARTEx_RxEventCallback               0x08001beb   Thumb Code     2  stm32f1xx_hal_uart.o(i.HAL_UARTEx_RxEventCallback)
    HAL_UART_ErrorCallback                   0x08001bed   Thumb Code     2  stm32f1xx_hal_uart.o(i.HAL_UART_ErrorCallback)
    HAL_UART_IRQHandler                      0x08001bf1   Thumb Code   616  stm32f1xx_hal_uart.o(i.HAL_UART_IRQHandler)
    HAL_UART_Init                            0x08001e5d   Thumb Code   100  stm32f1xx_hal_uart.o(i.HAL_UART_Init)
    HAL_UART_MspInit                         0x08001ec1   Thumb Code   114  usart.o(i.HAL_UART_MspInit)
    HAL_UART_Receive_IT                      0x08001f41   Thumb Code    28  stm32f1xx_hal_uart.o(i.HAL_UART_Receive_IT)
    HAL_UART_RxCpltCallback                  0x08001f5d   Thumb Code    24  vofa.o(i.HAL_UART_RxCpltCallback)
    HAL_UART_Transmit                        0x08001f7d   Thumb Code   160  stm32f1xx_hal_uart.o(i.HAL_UART_Transmit)
    HAL_UART_TxCpltCallback                  0x0800201d   Thumb Code     2  stm32f1xx_hal_uart.o(i.HAL_UART_TxCpltCallback)
    HardFault_Handler                        0x0800201f   Thumb Code     2  stm32f1xx_it.o(i.HardFault_Handler)
    MPU6050_DMP_Get_Date                     0x08002461   Thumb Code   406  mpu6050.o(i.MPU6050_DMP_Get_Date)
    MPU6050_DMP_init                         0x080025fd   Thumb Code   152  mpu6050.o(i.MPU6050_DMP_init)
    MX_FREERTOS_Init                         0x08002699   Thumb Code    74  freertos.o(i.MX_FREERTOS_Init)
    MX_GPIO_Init                             0x080026ed   Thumb Code   154  gpio.o(i.MX_GPIO_Init)
    MX_I2C2_Init                             0x08002795   Thumb Code    50  i2c.o(i.MX_I2C2_Init)
    MX_TIM2_Init                             0x080027d5   Thumb Code   160  tim.o(i.MX_TIM2_Init)
    MX_TIM3_Init                             0x08002879   Thumb Code   106  tim.o(i.MX_TIM3_Init)
    MX_TIM4_Init                             0x080028ed   Thumb Code   106  tim.o(i.MX_TIM4_Init)
    MX_USART2_UART_Init                      0x08002961   Thumb Code    48  usart.o(i.MX_USART2_UART_Init)
    MemManage_Handler                        0x08002999   Thumb Code     2  stm32f1xx_it.o(i.MemManage_Handler)
    NMI_Handler                              0x0800299b   Thumb Code     2  stm32f1xx_it.o(i.NMI_Handler)
    OLED_Clear                               0x0800299d   Thumb Code    38  oled.o(i.OLED_Clear)
    OLED_I2C_Init                            0x080029c5   Thumb Code    28  oled.o(i.OLED_I2C_Init)
    OLED_I2C_SendByte                        0x080029e5   Thumb Code    86  oled.o(i.OLED_I2C_SendByte)
    OLED_I2C_Start                           0x08002a41   Thumb Code    52  oled.o(i.OLED_I2C_Start)
    OLED_I2C_Stop                            0x08002a79   Thumb Code    42  oled.o(i.OLED_I2C_Stop)
    OLED_Init                                0x08002aa9   Thumb Code   172  oled.o(i.OLED_Init)
    OLED_SetCursor                           0x08002b55   Thumb Code    34  oled.o(i.OLED_SetCursor)
    OLED_WriteCommand                        0x08002b77   Thumb Code    34  oled.o(i.OLED_WriteCommand)
    OLED_WriteData                           0x08002b99   Thumb Code    34  oled.o(i.OLED_WriteData)
    PID_incremental_PID_calculation          0x08002bbb   Thumb Code   198  pid.o(i.PID_incremental_PID_calculation)
    PID_parameter_init                       0x08002c81   Thumb Code    34  pid.o(i.PID_parameter_init)
    PID_position_PID_calculation_by_error    0x08002ca3   Thumb Code   170  pid.o(i.PID_position_PID_calculation_by_error)
    PID_reset_PID                            0x08002d4d   Thumb Code     6  pid.o(i.PID_reset_PID)
    StartDebug                               0x08002d55   Thumb Code    20  freertos.o(i.StartDebug)
    StartMotorCtrl                           0x08002d6d   Thumb Code   414  freertos.o(i.StartMotorCtrl)
    StartRPMGet                              0x08002f49   Thumb Code   148  freertos.o(i.StartRPMGet)
    StartUartReceiveIT                       0x08003001   Thumb Code    10  vofa.o(i.StartUartReceiveIT)
    SysTick_Handler                          0x08003015   Thumb Code    38  port.o(i.SysTick_Handler)
    SystemClock_Config                       0x08003041   Thumb Code    94  main.o(i.SystemClock_Config)
    SystemInit                               0x0800309f   Thumb Code     2  system_stm32f1xx.o(i.SystemInit)
    TIM1_UP_IRQHandler                       0x080030a1   Thumb Code     6  stm32f1xx_it.o(i.TIM1_UP_IRQHandler)
    TIM_Base_SetConfig                       0x080030ad   Thumb Code   108  stm32f1xx_hal_tim.o(i.TIM_Base_SetConfig)
    TIM_CCxChannelCmd                        0x08003125   Thumb Code    26  stm32f1xx_hal_tim.o(i.TIM_CCxChannelCmd)
    TIM_ETR_SetConfig                        0x0800313f   Thumb Code    20  stm32f1xx_hal_tim.o(i.TIM_ETR_SetConfig)
    TIM_OC2_SetConfig                        0x080031b5   Thumb Code    84  stm32f1xx_hal_tim.o(i.TIM_OC2_SetConfig)
    UART_Start_Receive_IT                    0x080034c9   Thumb Code    54  stm32f1xx_hal_uart.o(i.UART_Start_Receive_IT)
    USART2_IRQHandler                        0x08003571   Thumb Code     6  stm32f1xx_it.o(i.USART2_IRQHandler)
    UsageFault_Handler                       0x0800357d   Thumb Code     2  stm32f1xx_it.o(i.UsageFault_Handler)
    Vofa_Handle_Receive                      0x08003581   Thumb Code   116  vofa.o(i.Vofa_Handle_Receive)
    Vofa_SendFloat                           0x080035f9   Thumb Code    20  vofa.o(i.Vofa_SendFloat)
    Vofa_Tail                                0x08003611   Thumb Code    24  vofa.o(i.Vofa_Tail)
    __ARM_fpclassify                         0x08003631   Thumb Code    40  fpclassify.o(i.__ARM_fpclassify)
    __kernel_poly                            0x08003679   Thumb Code   170  poly.o(i.__kernel_poly)
    __mathlib_dbl_infnan                     0x08003723   Thumb Code     6  dunder.o(i.__mathlib_dbl_infnan)
    __mathlib_dbl_infnan2                    0x08003729   Thumb Code     4  dunder.o(i.__mathlib_dbl_infnan2)
    __mathlib_dbl_invalid                    0x0800372d   Thumb Code    12  dunder.o(i.__mathlib_dbl_invalid)
    __mathlib_dbl_underflow                  0x08003739   Thumb Code    10  dunder.o(i.__mathlib_dbl_underflow)
    asin                                     0x080037c9   Thumb Code   572  asin.o(i.asin)
    atan                                     0x08003a39   Thumb Code   474  atan.o(i.atan)
    atan2                                    0x08003c59   Thumb Code   346  atan2.o(i.atan2)
    dmp_enable_6x_lp_quat                    0x08003dd9   Thumb Code    58  inv_mpu_dmp_motion_driver.o(i.dmp_enable_6x_lp_quat)
    dmp_enable_feature                       0x08003e15   Thumb Code   464  inv_mpu_dmp_motion_driver.o(i.dmp_enable_feature)
    dmp_enable_gyro_cal                      0x08003fed   Thumb Code    34  inv_mpu_dmp_motion_driver.o(i.dmp_enable_gyro_cal)
    dmp_enable_lp_quat                       0x08004029   Thumb Code    58  inv_mpu_dmp_motion_driver.o(i.dmp_enable_lp_quat)
    dmp_load_motion_driver_firmware          0x08004065   Thumb Code    16  inv_mpu_dmp_motion_driver.o(i.dmp_load_motion_driver_firmware)
    dmp_read_fifo                            0x08004079   Thumb Code   322  inv_mpu_dmp_motion_driver.o(i.dmp_read_fifo)
    dmp_set_accel_bias                       0x080041c1   Thumb Code   212  inv_mpu_dmp_motion_driver.o(i.dmp_set_accel_bias)
    dmp_set_fifo_rate                        0x08004299   Thumb Code    82  inv_mpu_dmp_motion_driver.o(i.dmp_set_fifo_rate)
    dmp_set_gyro_bias                        0x080042fd   Thumb Code   196  inv_mpu_dmp_motion_driver.o(i.dmp_set_gyro_bias)
    dmp_set_orientation                      0x080043c9   Thumb Code   246  inv_mpu_dmp_motion_driver.o(i.dmp_set_orientation)
    dmp_set_shake_reject_thresh              0x080044d5   Thumb Code    48  inv_mpu_dmp_motion_driver.o(i.dmp_set_shake_reject_thresh)
    dmp_set_shake_reject_time                0x08004505   Thumb Code    32  inv_mpu_dmp_motion_driver.o(i.dmp_set_shake_reject_time)
    dmp_set_shake_reject_timeout             0x08004525   Thumb Code    32  inv_mpu_dmp_motion_driver.o(i.dmp_set_shake_reject_timeout)
    dmp_set_tap_axes                         0x08004545   Thumb Code    64  inv_mpu_dmp_motion_driver.o(i.dmp_set_tap_axes)
    dmp_set_tap_count                        0x08004585   Thumb Code    34  inv_mpu_dmp_motion_driver.o(i.dmp_set_tap_count)
    dmp_set_tap_thresh                       0x080045a9   Thumb Code   274  inv_mpu_dmp_motion_driver.o(i.dmp_set_tap_thresh)
    dmp_set_tap_time                         0x080046d1   Thumb Code    32  inv_mpu_dmp_motion_driver.o(i.dmp_set_tap_time)
    dmp_set_tap_time_multi                   0x080046f1   Thumb Code    32  inv_mpu_dmp_motion_driver.o(i.dmp_set_tap_time_multi)
    main                                     0x08004cf1   Thumb Code    54  main.o(i.main)
    mpu_configure_fifo                       0x08004d35   Thumb Code    78  inv_mpu.o(i.mpu_configure_fifo)
    mpu_get_accel_fsr                        0x08004d89   Thumb Code    54  inv_mpu.o(i.mpu_get_accel_fsr)
    mpu_get_accel_sens                       0x08004dc5   Thumb Code    62  inv_mpu.o(i.mpu_get_accel_sens)
    mpu_get_gyro_fsr                         0x08004e09   Thumb Code    48  inv_mpu.o(i.mpu_get_gyro_fsr)
    mpu_get_gyro_sens                        0x08004e3d   Thumb Code    44  inv_mpu.o(i.mpu_get_gyro_sens)
    mpu_get_lpf                              0x08004e7d   Thumb Code    52  inv_mpu.o(i.mpu_get_lpf)
    mpu_get_sample_rate                      0x08004eb5   Thumb Code    22  inv_mpu.o(i.mpu_get_sample_rate)
    mpu_init                                 0x08004ed1   Thumb Code   332  inv_mpu.o(i.mpu_init)
    mpu_load_firmware                        0x08005025   Thumb Code   166  inv_mpu.o(i.mpu_load_firmware)
    mpu_lp_accel_mode                        0x080050d5   Thumb Code   204  inv_mpu.o(i.mpu_lp_accel_mode)
    mpu_read_fifo_stream                     0x080051a9   Thumb Code   182  inv_mpu.o(i.mpu_read_fifo_stream)
    mpu_read_mem                             0x08005269   Thumb Code   106  inv_mpu.o(i.mpu_read_mem)
    mpu_reset_fifo                           0x080052dd   Thumb Code   438  inv_mpu.o(i.mpu_reset_fifo)
    mpu_run_self_test                        0x0800549d   Thumb Code   234  inv_mpu.o(i.mpu_run_self_test)
    mpu_set_accel_fsr                        0x0800558d   Thumb Code   112  inv_mpu.o(i.mpu_set_accel_fsr)
    mpu_set_bypass                           0x08005605   Thumb Code   302  inv_mpu.o(i.mpu_set_bypass)
    mpu_set_dmp_state                        0x0800573d   Thumb Code   140  inv_mpu.o(i.mpu_set_dmp_state)
    mpu_set_gyro_fsr                         0x080057d1   Thumb Code   118  inv_mpu.o(i.mpu_set_gyro_fsr)
    mpu_set_int_latched                      0x08005851   Thumb Code   108  inv_mpu.o(i.mpu_set_int_latched)
    mpu_set_lpf                              0x080058c5   Thumb Code   120  inv_mpu.o(i.mpu_set_lpf)
    mpu_set_sample_rate                      0x08005945   Thumb Code   142  inv_mpu.o(i.mpu_set_sample_rate)
    mpu_set_sensors                          0x080059dd   Thumb Code   212  inv_mpu.o(i.mpu_set_sensors)
    mpu_write_mem                            0x08005ab9   Thumb Code   106  inv_mpu.o(i.mpu_write_mem)
    osDelay                                  0x08005b2d   Thumb Code    14  cmsis_os.o(i.osDelay)
    osDelayUntil                             0x08005b3b   Thumb Code    14  cmsis_os.o(i.osDelayUntil)
    osKernelStart                            0x08005b49   Thumb Code    10  cmsis_os.o(i.osKernelStart)
    osThreadCreate                           0x08005b53   Thumb Code    84  cmsis_os.o(i.osThreadCreate)
    pvPortMalloc                             0x08005ef5   Thumb Code   216  heap_4.o(i.pvPortMalloc)
    pxPortInitialiseStack                    0x08005fd1   Thumb Code    32  port.o(i.pxPortInitialiseStack)
    sqrt                                     0x080060f5   Thumb Code    76  sqrt.o(i.sqrt)
    uxListRemove                             0x08006141   Thumb Code    38  list.o(i.uxListRemove)
    vApplicationGetIdleTaskMemory            0x08006169   Thumb Code    16  freertos.o(i.vApplicationGetIdleTaskMemory)
    vListInitialise                          0x0800617d   Thumb Code    22  list.o(i.vListInitialise)
    vListInitialiseItem                      0x08006193   Thumb Code     6  list.o(i.vListInitialiseItem)
    vListInsert                              0x08006199   Thumb Code    48  list.o(i.vListInsert)
    vListInsertEnd                           0x080061c9   Thumb Code    24  list.o(i.vListInsertEnd)
    vPortEnterCritical                       0x080061e1   Thumb Code    54  port.o(i.vPortEnterCritical)
    vPortExitCritical                        0x08006221   Thumb Code    34  port.o(i.vPortExitCritical)
    vPortFree                                0x08006249   Thumb Code    94  heap_4.o(i.vPortFree)
    vPortSetupTimerInterrupt                 0x080062ad   Thumb Code    32  port.o(i.vPortSetupTimerInterrupt)
    vTaskDelay                               0x080062d1   Thumb Code    66  tasks.o(i.vTaskDelay)
    vTaskDelayUntil                          0x0800631d   Thumb Code   132  tasks.o(i.vTaskDelayUntil)
    vTaskStartScheduler                      0x080063a9   Thumb Code    90  tasks.o(i.vTaskStartScheduler)
    vTaskSuspendAll                          0x08006415   Thumb Code    10  tasks.o(i.vTaskSuspendAll)
    vTaskSwitchContext                       0x08006425   Thumb Code    82  tasks.o(i.vTaskSwitchContext)
    xPortStartScheduler                      0x08006481   Thumb Code   154  port.o(i.xPortStartScheduler)
    xTaskCreate                              0x08006529   Thumb Code    90  tasks.o(i.xTaskCreate)
    xTaskCreateStatic                        0x08006583   Thumb Code    86  tasks.o(i.xTaskCreateStatic)
    xTaskGetTickCount                        0x080065d9   Thumb Code     6  tasks.o(i.xTaskGetTickCount)
    xTaskIncrementTick                       0x080065e5   Thumb Code   194  tasks.o(i.xTaskIncrementTick)
    xTaskResumeAll                           0x080066b1   Thumb Code   182  tasks.o(i.xTaskResumeAll)
    __aeabi_d2f                              0x08006775   Thumb Code     0  d2f.o(x$fpl$d2f)
    _d2f                                     0x08006775   Thumb Code    98  d2f.o(x$fpl$d2f)
    __aeabi_dadd                             0x080067d9   Thumb Code     0  daddsub_clz.o(x$fpl$dadd)
    _dadd                                    0x080067d9   Thumb Code   332  daddsub_clz.o(x$fpl$dadd)
    __fpl_dcheck_NaN1                        0x08006929   Thumb Code    10  dcheck1.o(x$fpl$dcheck1)
    __aeabi_ddiv                             0x08006939   Thumb Code     0  ddiv.o(x$fpl$ddiv)
    _ddiv                                    0x08006939   Thumb Code   552  ddiv.o(x$fpl$ddiv)
    __aeabi_dmul                             0x08006be9   Thumb Code     0  dmul.o(x$fpl$dmul)
    _dmul                                    0x08006be9   Thumb Code   332  dmul.o(x$fpl$dmul)
    __fpl_dnaninf                            0x08006d3d   Thumb Code   156  dnaninf.o(x$fpl$dnaninf)
    __fpl_dretinf                            0x08006dd9   Thumb Code    12  dretinf.o(x$fpl$dretinf)
    __aeabi_drsub                            0x08006de5   Thumb Code     0  daddsub_clz.o(x$fpl$drsb)
    _drsb                                    0x08006de5   Thumb Code    22  daddsub_clz.o(x$fpl$drsb)
    _dsqrt                                   0x08006dfd   Thumb Code   456  dsqrt_noumaal.o(x$fpl$dsqrt)
    __aeabi_dsub                             0x08006fc9   Thumb Code     0  daddsub_clz.o(x$fpl$dsub)
    _dsub                                    0x08006fc9   Thumb Code   464  daddsub_clz.o(x$fpl$dsub)
    __aeabi_f2d                              0x0800719d   Thumb Code     0  f2d.o(x$fpl$f2d)
    _f2d                                     0x0800719d   Thumb Code    86  f2d.o(x$fpl$f2d)
    __aeabi_fadd                             0x080071f5   Thumb Code     0  faddsub_clz.o(x$fpl$fadd)
    _fadd                                    0x080071f5   Thumb Code   196  faddsub_clz.o(x$fpl$fadd)
    __fpl_fcheck_NaN1                        0x080072b9   Thumb Code     6  fcheck1.o(x$fpl$fcheck1)
    __fpl_fcmp_Inf                           0x080072c5   Thumb Code    24  fcmpi.o(x$fpl$fcmpinf)
    __aeabi_fdiv                             0x080072dd   Thumb Code     0  fdiv.o(x$fpl$fdiv)
    _fdiv                                    0x080072dd   Thumb Code   384  fdiv.o(x$fpl$fdiv)
    __aeabi_f2iz                             0x08007461   Thumb Code     0  ffix.o(x$fpl$ffix)
    _ffix                                    0x08007461   Thumb Code    54  ffix.o(x$fpl$ffix)
    __aeabi_f2uiz                            0x08007499   Thumb Code     0  ffixu.o(x$fpl$ffixu)
    _ffixu                                   0x08007499   Thumb Code    62  ffixu.o(x$fpl$ffixu)
    __aeabi_i2f                              0x080074d9   Thumb Code     0  fflt_clz.o(x$fpl$fflt)
    _fflt                                    0x080074d9   Thumb Code    48  fflt_clz.o(x$fpl$fflt)
    __aeabi_ui2f                             0x08007509   Thumb Code     0  fflt_clz.o(x$fpl$ffltu)
    _ffltu                                   0x08007509   Thumb Code    38  fflt_clz.o(x$fpl$ffltu)
    __aeabi_cfcmple                          0x08007531   Thumb Code     0  fleqf.o(x$fpl$fleqf)
    _fcmple                                  0x08007531   Thumb Code   104  fleqf.o(x$fpl$fleqf)
    __fpl_fcmple_InfNaN                      0x08007583   Thumb Code     0  fleqf.o(x$fpl$fleqf)
    __aeabi_fmul                             0x08007599   Thumb Code     0  fmul.o(x$fpl$fmul)
    _fmul                                    0x08007599   Thumb Code   258  fmul.o(x$fpl$fmul)
    __fpl_fnaninf                            0x0800769b   Thumb Code   140  fnaninf.o(x$fpl$fnaninf)
    __fpl_fretinf                            0x08007727   Thumb Code    10  fretinf.o(x$fpl$fretinf)
    __aeabi_cfrcmple                         0x08007731   Thumb Code     0  frleqf.o(x$fpl$frleqf)
    _frcmple                                 0x08007731   Thumb Code    98  frleqf.o(x$fpl$frleqf)
    __aeabi_fsub                             0x08007795   Thumb Code     0  faddsub_clz.o(x$fpl$fsub)
    _fsub                                    0x08007795   Thumb Code   234  faddsub_clz.o(x$fpl$fsub)
    __fpl_return_NaN                         0x0800787f   Thumb Code   100  retnan.o(x$fpl$retnan)
    __ARM_scalbn                             0x080078e3   Thumb Code    92  scalbn.o(x$fpl$scalbn)
    __ARM_scalbnf                            0x0800793f   Thumb Code    76  scalbnf.o(x$fpl$scalbnf)
    __fpl_cmpreturn                          0x0800798b   Thumb Code    48  trapv.o(x$fpl$trapveneer)
    __I$use$fp                               0x080079ba   Number         0  usenofp.o(x$fpl$usenofp)
    reg                                      0x08007a10   Data          30  inv_mpu.o(.constdata)
    hw                                       0x08007a2e   Data          12  inv_mpu.o(.constdata)
    test                                     0x08007a3c   Data          40  inv_mpu.o(.constdata)
    AHBPrescTable                            0x0800866c   Data          16  system_stm32f1xx.o(.constdata)
    APBPrescTable                            0x0800867c   Data           8  system_stm32f1xx.o(.constdata)
    __mathlib_zero                           0x08008770   Data           8  qnan.o(.constdata)
    Region$$Table$$Base                      0x080087a0   Number         0  anon$$obj.o(Region$$Table)
    Region$$Table$$Limit                     0x080087c0   Number         0  anon$$obj.o(Region$$Table)
    i                                        0x20000000   Data           1  vofa.o(.data)
    state                                    0x20000001   Data           1  vofa.o(.data)
    RxBuffer                                 0x20000002   Data           1  vofa.o(.data)
    id                                       0x20000003   Data           1  vofa.o(.data)
    kp                                       0x20000004   Data           4  vofa.o(.data)
    ki                                       0x20000008   Data           4  vofa.o(.data)
    kd                                       0x2000000c   Data           4  vofa.o(.data)
    Target                                   0x20000010   Data           4  vofa.o(.data)
    TIM3_CNT                                 0x20000014   Data           2  freertos.o(.data)
    TIM4_CNT                                 0x20000016   Data           2  freertos.o(.data)
    L_RPM                                    0x20000018   Data           4  freertos.o(.data)
    R_RPM                                    0x2000001c   Data           4  freertos.o(.data)
    Target_RPM                               0x20000020   Data           4  freertos.o(.data)
    Roll                                     0x20000024   Data           4  freertos.o(.data)
    Pitch                                    0x20000028   Data           4  freertos.o(.data)
    Yaw                                      0x2000002c   Data           4  freertos.o(.data)
    DebugTaskHandle                          0x20000030   Data           4  freertos.o(.data)
    MotorCtrlTaskHandle                      0x20000034   Data           4  freertos.o(.data)
    RPMGetTaskHandle                         0x20000038   Data           4  freertos.o(.data)
    uwTickFreq                               0x20000074   Data           1  stm32f1xx_hal.o(.data)
    uwTickPrio                               0x20000078   Data           4  stm32f1xx_hal.o(.data)
    uwTick                                   0x2000007c   Data           4  stm32f1xx_hal.o(.data)
    SystemCoreClock                          0x20000080   Data           4  system_stm32f1xx.o(.data)
    pxCurrentTCB                             0x20000084   Data           4  tasks.o(.data)
    L_pid_Speed                              0x200000ec   Data          60  freertos.o(.bss)
    R_pid_Speed                              0x20000128   Data          60  freertos.o(.bss)
    Pid_Angle                                0x20000164   Data          60  freertos.o(.bss)
    hi2c2                                    0x200003f4   Data          84  i2c.o(.bss)
    htim2                                    0x20000448   Data          72  tim.o(.bss)
    htim3                                    0x20000490   Data          72  tim.o(.bss)
    htim4                                    0x200004d8   Data          72  tim.o(.bss)
    huart2                                   0x20000520   Data          72  usart.o(.bss)
    htim1                                    0x20000568   Data          72  stm32f1xx_hal_timebase_tim.o(.bss)
    __libspace_start                         0x200012b0   Data          96  libspace.o(.bss)
    __temporary_stack_top$libspace           0x20001310   Data           0  libspace.o(.bss)



==============================================================================

Memory Map of the image

  Image Entry point : 0x080000ed

  Load Region LR_IROM1 (Base: 0x08000000, Size: 0x000088ac, Max: 0x00010000, ABSOLUTE)

    Execution Region ER_IROM1 (Exec base: 0x08000000, Load base: 0x08000000, Size: 0x000087c0, Max: 0x00010000, ABSOLUTE)

    Exec Addr    Load Addr    Size         Type   Attr      Idx    E Section Name        Object

    0x08000000   0x08000000   0x000000ec   Data   RO            3    RESET               startup_stm32f103xb.o
    0x080000ec   0x080000ec   0x00000008   Code   RO         5475  * !!!main             c_w.l(__main.o)
    0x080000f4   0x080000f4   0x00000034   Code   RO         5783    !!!scatter          c_w.l(__scatter.o)
    0x08000128   0x08000128   0x0000001a   Code   RO         5785    !!handler_copy      c_w.l(__scatter_copy.o)
    0x08000142   0x08000142   0x00000002   PAD
    0x08000144   0x08000144   0x0000001c   Code   RO         5787    !!handler_zi        c_w.l(__scatter_zi.o)
    0x08000160   0x08000160   0x00000002   Code   RO         5648    .ARM.Collect$$libinit$$00000000  c_w.l(libinit.o)
    0x08000162   0x08000162   0x00000000   Code   RO         5660    .ARM.Collect$$libinit$$00000002  c_w.l(libinit2.o)
    0x08000162   0x08000162   0x00000000   Code   RO         5662    .ARM.Collect$$libinit$$00000004  c_w.l(libinit2.o)
    0x08000162   0x08000162   0x00000000   Code   RO         5665    .ARM.Collect$$libinit$$0000000A  c_w.l(libinit2.o)
    0x08000162   0x08000162   0x00000000   Code   RO         5667    .ARM.Collect$$libinit$$0000000C  c_w.l(libinit2.o)
    0x08000162   0x08000162   0x00000000   Code   RO         5669    .ARM.Collect$$libinit$$0000000E  c_w.l(libinit2.o)
    0x08000162   0x08000162   0x00000000   Code   RO         5672    .ARM.Collect$$libinit$$00000011  c_w.l(libinit2.o)
    0x08000162   0x08000162   0x00000000   Code   RO         5674    .ARM.Collect$$libinit$$00000013  c_w.l(libinit2.o)
    0x08000162   0x08000162   0x00000000   Code   RO         5676    .ARM.Collect$$libinit$$00000015  c_w.l(libinit2.o)
    0x08000162   0x08000162   0x00000000   Code   RO         5678    .ARM.Collect$$libinit$$00000017  c_w.l(libinit2.o)
    0x08000162   0x08000162   0x00000000   Code   RO         5680    .ARM.Collect$$libinit$$00000019  c_w.l(libinit2.o)
    0x08000162   0x08000162   0x00000000   Code   RO         5682    .ARM.Collect$$libinit$$0000001B  c_w.l(libinit2.o)
    0x08000162   0x08000162   0x00000000   Code   RO         5684    .ARM.Collect$$libinit$$0000001D  c_w.l(libinit2.o)
    0x08000162   0x08000162   0x00000000   Code   RO         5686    .ARM.Collect$$libinit$$0000001F  c_w.l(libinit2.o)
    0x08000162   0x08000162   0x00000000   Code   RO         5688    .ARM.Collect$$libinit$$00000021  c_w.l(libinit2.o)
    0x08000162   0x08000162   0x00000000   Code   RO         5690    .ARM.Collect$$libinit$$00000023  c_w.l(libinit2.o)
    0x08000162   0x08000162   0x00000000   Code   RO         5692    .ARM.Collect$$libinit$$00000025  c_w.l(libinit2.o)
    0x08000162   0x08000162   0x00000000   Code   RO         5696    .ARM.Collect$$libinit$$0000002C  c_w.l(libinit2.o)
    0x08000162   0x08000162   0x00000000   Code   RO         5698    .ARM.Collect$$libinit$$0000002E  c_w.l(libinit2.o)
    0x08000162   0x08000162   0x00000000   Code   RO         5700    .ARM.Collect$$libinit$$00000030  c_w.l(libinit2.o)
    0x08000162   0x08000162   0x00000000   Code   RO         5702    .ARM.Collect$$libinit$$00000032  c_w.l(libinit2.o)
    0x08000162   0x08000162   0x00000002   Code   RO         5703    .ARM.Collect$$libinit$$00000033  c_w.l(libinit2.o)
    0x08000164   0x08000164   0x00000002   Code   RO         5733    .ARM.Collect$$libshutdown$$00000000  c_w.l(libshutdown.o)
    0x08000166   0x08000166   0x00000000   Code   RO         5750    .ARM.Collect$$libshutdown$$00000002  c_w.l(libshutdown2.o)
    0x08000166   0x08000166   0x00000000   Code   RO         5752    .ARM.Collect$$libshutdown$$00000004  c_w.l(libshutdown2.o)
    0x08000166   0x08000166   0x00000000   Code   RO         5755    .ARM.Collect$$libshutdown$$00000007  c_w.l(libshutdown2.o)
    0x08000166   0x08000166   0x00000000   Code   RO         5758    .ARM.Collect$$libshutdown$$0000000A  c_w.l(libshutdown2.o)
    0x08000166   0x08000166   0x00000000   Code   RO         5760    .ARM.Collect$$libshutdown$$0000000C  c_w.l(libshutdown2.o)
    0x08000166   0x08000166   0x00000000   Code   RO         5763    .ARM.Collect$$libshutdown$$0000000F  c_w.l(libshutdown2.o)
    0x08000166   0x08000166   0x00000002   Code   RO         5764    .ARM.Collect$$libshutdown$$00000010  c_w.l(libshutdown2.o)
    0x08000168   0x08000168   0x00000000   Code   RO         5533    .ARM.Collect$$rtentry$$00000000  c_w.l(__rtentry.o)
    0x08000168   0x08000168   0x00000000   Code   RO         5603    .ARM.Collect$$rtentry$$00000002  c_w.l(__rtentry2.o)
    0x08000168   0x08000168   0x00000006   Code   RO         5615    .ARM.Collect$$rtentry$$00000004  c_w.l(__rtentry4.o)
    0x0800016e   0x0800016e   0x00000000   Code   RO         5605    .ARM.Collect$$rtentry$$00000009  c_w.l(__rtentry2.o)
    0x0800016e   0x0800016e   0x00000004   Code   RO         5606    .ARM.Collect$$rtentry$$0000000A  c_w.l(__rtentry2.o)
    0x08000172   0x08000172   0x00000000   Code   RO         5608    .ARM.Collect$$rtentry$$0000000C  c_w.l(__rtentry2.o)
    0x08000172   0x08000172   0x00000008   Code   RO         5609    .ARM.Collect$$rtentry$$0000000D  c_w.l(__rtentry2.o)
    0x0800017a   0x0800017a   0x00000002   Code   RO         5653    .ARM.Collect$$rtexit$$00000000  c_w.l(rtexit.o)
    0x0800017c   0x0800017c   0x00000000   Code   RO         5705    .ARM.Collect$$rtexit$$00000002  c_w.l(rtexit2.o)
    0x0800017c   0x0800017c   0x00000004   Code   RO         5706    .ARM.Collect$$rtexit$$00000003  c_w.l(rtexit2.o)
    0x08000180   0x08000180   0x00000006   Code   RO         5707    .ARM.Collect$$rtexit$$00000004  c_w.l(rtexit2.o)
    0x08000186   0x08000186   0x00000002   PAD
    0x08000188   0x08000188   0x00000096   Code   RO         5378    .emb_text           port.o
    0x0800021e   0x0800021e   0x00000002   PAD
    0x08000220   0x08000220   0x00000040   Code   RO            4    .text               startup_stm32f103xb.o
    0x08000260   0x08000260   0x00000048   Code   RO         5459    .text               c_w.l(llsdiv.o)
    0x080002a8   0x080002a8   0x00000058   Code   RO         5461    .text               c_w.l(memcmp.o)
    0x08000300   0x08000300   0x00000064   Code   RO         5465    .text               c_w.l(rt_memcpy_w.o)
    0x08000364   0x08000364   0x00000010   Code   RO         5469    .text               c_w.l(aeabi_memset.o)
    0x08000374   0x08000374   0x0000004e   Code   RO         5471    .text               c_w.l(rt_memclr_w.o)
    0x080003c2   0x080003c2   0x00000006   Code   RO         5473    .text               c_w.l(heapauxi.o)
    0x080003c8   0x080003c8   0x000000ee   Code   RO         5534    .text               c_w.l(lludivv7m.o)
    0x080004b6   0x080004b6   0x00000016   Code   RO         5536    .text               c_w.l(_rserrno.o)
    0x080004cc   0x080004cc   0x00000044   Code   RO         5538    .text               c_w.l(rt_memclr.o)
    0x08000510   0x08000510   0x00000008   Code   RO         5624    .text               c_w.l(rt_errno_addr_intlibspace.o)
    0x08000518   0x08000518   0x00000008   Code   RO         5634    .text               c_w.l(libspace.o)
    0x08000520   0x08000520   0x0000004a   Code   RO         5637    .text               c_w.l(sys_stackheap_outer.o)
    0x0800056a   0x0800056a   0x00000012   Code   RO         5641    .text               c_w.l(exit.o)
    0x0800057c   0x0800057c   0x0000000c   Code   RO         5721    .text               c_w.l(sys_exit.o)
    0x08000588   0x08000588   0x00000002   Code   RO         5738    .text               c_w.l(use_no_semi.o)
    0x0800058a   0x0800058a   0x00000000   Code   RO         5740    .text               c_w.l(indicate_semi.o)
    0x0800058a   0x0800058a   0x00000002   Code   RO          669    i.BusFault_Handler  stm32f1xx_it.o
    0x0800058c   0x0800058c   0x00000002   Code   RO          670    i.DebugMon_Handler  stm32f1xx_it.o
    0x0800058e   0x0800058e   0x00000004   Code   RO          316    i.Error_Handler     main.o
    0x08000592   0x08000592   0x00000046   Code   RO         1748    i.HAL_DMA_Abort     stm32f1xx_hal_dma.o
    0x080005d8   0x080005d8   0x00000098   Code   RO         1749    i.HAL_DMA_Abort_IT  stm32f1xx_hal_dma.o
    0x08000670   0x08000670   0x00000024   Code   RO         1374    i.HAL_Delay         stm32f1xx_hal.o
    0x08000694   0x08000694   0x000001e0   Code   RO         1684    i.HAL_GPIO_Init     stm32f1xx_hal_gpio.o
    0x08000874   0x08000874   0x0000000a   Code   RO         1688    i.HAL_GPIO_WritePin  stm32f1xx_hal_gpio.o
    0x0800087e   0x0800087e   0x00000002   PAD
    0x08000880   0x08000880   0x0000000c   Code   RO         1378    i.HAL_GetTick       stm32f1xx_hal.o
    0x0800088c   0x0800088c   0x00000188   Code   RO         2355    i.HAL_I2C_Init      stm32f1xx_hal_i2c.o
    0x08000a14   0x08000a14   0x0000025c   Code   RO         2373    i.HAL_I2C_Mem_Read  stm32f1xx_hal_i2c.o
    0x08000c70   0x08000c70   0x00000130   Code   RO         2376    i.HAL_I2C_Mem_Write  stm32f1xx_hal_i2c.o
    0x08000da0   0x08000da0   0x00000060   Code   RO          514    i.HAL_I2C_MspInit   i2c.o
    0x08000e00   0x08000e00   0x00000010   Code   RO         1384    i.HAL_IncTick       stm32f1xx_hal.o
    0x08000e10   0x08000e10   0x00000024   Code   RO         1385    i.HAL_Init          stm32f1xx_hal.o
    0x08000e34   0x08000e34   0x0000008c   Code   RO          763    i.HAL_InitTick      stm32f1xx_hal_timebase_tim.o
    0x08000ec0   0x08000ec0   0x00000048   Code   RO          739    i.HAL_MspInit       stm32f1xx_hal_msp.o
    0x08000f08   0x08000f08   0x0000001a   Code   RO         1844    i.HAL_NVIC_EnableIRQ  stm32f1xx_hal_cortex.o
    0x08000f22   0x08000f22   0x00000002   PAD
    0x08000f24   0x08000f24   0x00000040   Code   RO         1850    i.HAL_NVIC_SetPriority  stm32f1xx_hal_cortex.o
    0x08000f64   0x08000f64   0x00000024   Code   RO         1851    i.HAL_NVIC_SetPriorityGrouping  stm32f1xx_hal_cortex.o
    0x08000f88   0x08000f88   0x0000012c   Code   RO         1542    i.HAL_RCC_ClockConfig  stm32f1xx_hal_rcc.o
    0x080010b4   0x080010b4   0x00000040   Code   RO         1546    i.HAL_RCC_GetClockConfig  stm32f1xx_hal_rcc.o
    0x080010f4   0x080010f4   0x00000020   Code   RO         1549    i.HAL_RCC_GetPCLK1Freq  stm32f1xx_hal_rcc.o
    0x08001114   0x08001114   0x00000020   Code   RO         1550    i.HAL_RCC_GetPCLK2Freq  stm32f1xx_hal_rcc.o
    0x08001134   0x08001134   0x0000004c   Code   RO         1551    i.HAL_RCC_GetSysClockFreq  stm32f1xx_hal_rcc.o
    0x08001180   0x08001180   0x00000320   Code   RO         1554    i.HAL_RCC_OscConfig  stm32f1xx_hal_rcc.o
    0x080014a0   0x080014a0   0x00000002   Code   RO         3487    i.HAL_TIMEx_BreakCallback  stm32f1xx_hal_tim_ex.o
    0x080014a2   0x080014a2   0x00000002   Code   RO         3488    i.HAL_TIMEx_CommutCallback  stm32f1xx_hal_tim_ex.o
    0x080014a4   0x080014a4   0x00000068   Code   RO         3506    i.HAL_TIMEx_MasterConfigSynchronization  stm32f1xx_hal_tim_ex.o
    0x0800150c   0x0800150c   0x0000005a   Code   RO         2783    i.HAL_TIM_Base_Init  stm32f1xx_hal_tim.o
    0x08001566   0x08001566   0x00000002   PAD
    0x08001568   0x08001568   0x00000024   Code   RO          556    i.HAL_TIM_Base_MspInit  tim.o
    0x0800158c   0x0800158c   0x00000058   Code   RO         2788    i.HAL_TIM_Base_Start_IT  stm32f1xx_hal_tim.o
    0x080015e4   0x080015e4   0x000000dc   Code   RO         2792    i.HAL_TIM_ConfigClockSource  stm32f1xx_hal_tim.o
    0x080016c0   0x080016c0   0x000000a4   Code   RO         2804    i.HAL_TIM_Encoder_Init  stm32f1xx_hal_tim.o
    0x08001764   0x08001764   0x0000008c   Code   RO          558    i.HAL_TIM_Encoder_MspInit  tim.o
    0x080017f0   0x080017f0   0x0000008e   Code   RO         2807    i.HAL_TIM_Encoder_Start  stm32f1xx_hal_tim.o
    0x0800187e   0x0800187e   0x00000002   Code   RO         2817    i.HAL_TIM_IC_CaptureCallback  stm32f1xx_hal_tim.o
    0x08001880   0x08001880   0x00000130   Code   RO         2831    i.HAL_TIM_IRQHandler  stm32f1xx_hal_tim.o
    0x080019b0   0x080019b0   0x0000005c   Code   RO          559    i.HAL_TIM_MspPostInit  tim.o
    0x08001a0c   0x08001a0c   0x00000002   Code   RO         2834    i.HAL_TIM_OC_DelayElapsedCallback  stm32f1xx_hal_tim.o
    0x08001a0e   0x08001a0e   0x000000cc   Code   RO         2855    i.HAL_TIM_PWM_ConfigChannel  stm32f1xx_hal_tim.o
    0x08001ada   0x08001ada   0x0000005a   Code   RO         2858    i.HAL_TIM_PWM_Init  stm32f1xx_hal_tim.o
    0x08001b34   0x08001b34   0x00000002   Code   RO         2860    i.HAL_TIM_PWM_MspInit  stm32f1xx_hal_tim.o
    0x08001b36   0x08001b36   0x00000002   Code   RO         2861    i.HAL_TIM_PWM_PulseFinishedCallback  stm32f1xx_hal_tim.o
    0x08001b38   0x08001b38   0x0000009c   Code   RO         2863    i.HAL_TIM_PWM_Start  stm32f1xx_hal_tim.o
    0x08001bd4   0x08001bd4   0x00000014   Code   RO          317    i.HAL_TIM_PeriodElapsedCallback  main.o
    0x08001be8   0x08001be8   0x00000002   Code   RO         2874    i.HAL_TIM_TriggerCallback  stm32f1xx_hal_tim.o
    0x08001bea   0x08001bea   0x00000002   Code   RO         3766    i.HAL_UARTEx_RxEventCallback  stm32f1xx_hal_uart.o
    0x08001bec   0x08001bec   0x00000002   Code   RO         3780    i.HAL_UART_ErrorCallback  stm32f1xx_hal_uart.o
    0x08001bee   0x08001bee   0x00000002   PAD
    0x08001bf0   0x08001bf0   0x0000026c   Code   RO         3783    i.HAL_UART_IRQHandler  stm32f1xx_hal_uart.o
    0x08001e5c   0x08001e5c   0x00000064   Code   RO         3784    i.HAL_UART_Init     stm32f1xx_hal_uart.o
    0x08001ec0   0x08001ec0   0x00000080   Code   RO          628    i.HAL_UART_MspInit  usart.o
    0x08001f40   0x08001f40   0x0000001c   Code   RO         3789    i.HAL_UART_Receive_IT  stm32f1xx_hal_uart.o
    0x08001f5c   0x08001f5c   0x00000020   Code   RO           51    i.HAL_UART_RxCpltCallback  vofa.o
    0x08001f7c   0x08001f7c   0x000000a0   Code   RO         3792    i.HAL_UART_Transmit  stm32f1xx_hal_uart.o
    0x0800201c   0x0800201c   0x00000002   Code   RO         3795    i.HAL_UART_TxCpltCallback  stm32f1xx_hal_uart.o
    0x0800201e   0x0800201e   0x00000002   Code   RO          671    i.HardFault_Handler  stm32f1xx_it.o
    0x08002020   0x08002020   0x0000002e   Code   RO         2398    i.I2C_IsAcknowledgeFailed  stm32f1xx_hal_i2c.o
    0x0800204e   0x0800204e   0x00000002   PAD
    0x08002050   0x08002050   0x000000fc   Code   RO         2408    i.I2C_RequestMemoryRead  stm32f1xx_hal_i2c.o
    0x0800214c   0x0800214c   0x000000a8   Code   RO         2409    i.I2C_RequestMemoryWrite  stm32f1xx_hal_i2c.o
    0x080021f4   0x080021f4   0x00000056   Code   RO         2413    i.I2C_WaitOnBTFFlagUntilTimeout  stm32f1xx_hal_i2c.o
    0x0800224a   0x0800224a   0x00000002   PAD
    0x0800224c   0x0800224c   0x00000090   Code   RO         2414    i.I2C_WaitOnFlagUntilTimeout  stm32f1xx_hal_i2c.o
    0x080022dc   0x080022dc   0x000000bc   Code   RO         2415    i.I2C_WaitOnMasterAddressFlagUntilTimeout  stm32f1xx_hal_i2c.o
    0x08002398   0x08002398   0x00000070   Code   RO         2416    i.I2C_WaitOnRXNEFlagUntilTimeout  stm32f1xx_hal_i2c.o
    0x08002408   0x08002408   0x00000056   Code   RO         2417    i.I2C_WaitOnTXEFlagUntilTimeout  stm32f1xx_hal_i2c.o
    0x0800245e   0x0800245e   0x00000002   PAD
    0x08002460   0x08002460   0x0000019c   Code   RO         1295    i.MPU6050_DMP_Get_Date  mpu6050.o
    0x080025fc   0x080025fc   0x0000009c   Code   RO         1296    i.MPU6050_DMP_init  mpu6050.o
    0x08002698   0x08002698   0x00000054   Code   RO          441    i.MX_FREERTOS_Init  freertos.o
    0x080026ec   0x080026ec   0x000000a8   Code   RO          417    i.MX_GPIO_Init      gpio.o
    0x08002794   0x08002794   0x00000040   Code   RO          515    i.MX_I2C2_Init      i2c.o
    0x080027d4   0x080027d4   0x000000a4   Code   RO          560    i.MX_TIM2_Init      tim.o
    0x08002878   0x08002878   0x00000074   Code   RO          561    i.MX_TIM3_Init      tim.o
    0x080028ec   0x080028ec   0x00000074   Code   RO          562    i.MX_TIM4_Init      tim.o
    0x08002960   0x08002960   0x00000038   Code   RO          629    i.MX_USART2_UART_Init  usart.o
    0x08002998   0x08002998   0x00000002   Code   RO          672    i.MemManage_Handler  stm32f1xx_it.o
    0x0800299a   0x0800299a   0x00000002   Code   RO          673    i.NMI_Handler       stm32f1xx_it.o
    0x0800299c   0x0800299c   0x00000026   Code   RO          199    i.OLED_Clear        oled.o
    0x080029c2   0x080029c2   0x00000002   PAD
    0x080029c4   0x080029c4   0x00000020   Code   RO          200    i.OLED_I2C_Init     oled.o
    0x080029e4   0x080029e4   0x0000005c   Code   RO          201    i.OLED_I2C_SendByte  oled.o
    0x08002a40   0x08002a40   0x00000038   Code   RO          202    i.OLED_I2C_Start    oled.o
    0x08002a78   0x08002a78   0x00000030   Code   RO          203    i.OLED_I2C_Stop     oled.o
    0x08002aa8   0x08002aa8   0x000000ac   Code   RO          204    i.OLED_Init         oled.o
    0x08002b54   0x08002b54   0x00000022   Code   RO          206    i.OLED_SetCursor    oled.o
    0x08002b76   0x08002b76   0x00000022   Code   RO          213    i.OLED_WriteCommand  oled.o
    0x08002b98   0x08002b98   0x00000022   Code   RO          214    i.OLED_WriteData    oled.o
    0x08002bba   0x08002bba   0x000000c6   Code   RO           10    i.PID_incremental_PID_calculation  pid.o
    0x08002c80   0x08002c80   0x00000022   Code   RO           11    i.PID_parameter_init  pid.o
    0x08002ca2   0x08002ca2   0x000000aa   Code   RO           12    i.PID_position_PID_calculation_by_error  pid.o
    0x08002d4c   0x08002d4c   0x00000006   Code   RO           13    i.PID_reset_PID     pid.o
    0x08002d52   0x08002d52   0x00000002   PAD
    0x08002d54   0x08002d54   0x00000018   Code   RO          442    i.StartDebug        freertos.o
    0x08002d6c   0x08002d6c   0x000001dc   Code   RO          443    i.StartMotorCtrl    freertos.o
    0x08002f48   0x08002f48   0x000000b8   Code   RO          444    i.StartRPMGet       freertos.o
    0x08003000   0x08003000   0x00000014   Code   RO           52    i.StartUartReceiveIT  vofa.o
    0x08003014   0x08003014   0x0000002c   Code   RO         5379    i.SysTick_Handler   port.o
    0x08003040   0x08003040   0x0000005e   Code   RO          318    i.SystemClock_Config  main.o
    0x0800309e   0x0800309e   0x00000002   Code   RO         4118    i.SystemInit        system_stm32f1xx.o
    0x080030a0   0x080030a0   0x0000000c   Code   RO          674    i.TIM1_UP_IRQHandler  stm32f1xx_it.o
    0x080030ac   0x080030ac   0x00000078   Code   RO         2876    i.TIM_Base_SetConfig  stm32f1xx_hal_tim.o
    0x08003124   0x08003124   0x0000001a   Code   RO         2877    i.TIM_CCxChannelCmd  stm32f1xx_hal_tim.o
    0x0800313e   0x0800313e   0x00000014   Code   RO         2887    i.TIM_ETR_SetConfig  stm32f1xx_hal_tim.o
    0x08003152   0x08003152   0x00000010   Code   RO         2888    i.TIM_ITRx_SetConfig  stm32f1xx_hal_tim.o
    0x08003162   0x08003162   0x00000002   PAD
    0x08003164   0x08003164   0x00000050   Code   RO         2889    i.TIM_OC1_SetConfig  stm32f1xx_hal_tim.o
    0x080031b4   0x080031b4   0x00000058   Code   RO         2890    i.TIM_OC2_SetConfig  stm32f1xx_hal_tim.o
    0x0800320c   0x0800320c   0x00000058   Code   RO         2891    i.TIM_OC3_SetConfig  stm32f1xx_hal_tim.o
    0x08003264   0x08003264   0x00000044   Code   RO         2892    i.TIM_OC4_SetConfig  stm32f1xx_hal_tim.o
    0x080032a8   0x080032a8   0x00000022   Code   RO         2894    i.TIM_TI1_ConfigInputStage  stm32f1xx_hal_tim.o
    0x080032ca   0x080032ca   0x00000024   Code   RO         2896    i.TIM_TI2_ConfigInputStage  stm32f1xx_hal_tim.o
    0x080032ee   0x080032ee   0x00000010   Code   RO         3797    i.UART_DMAAbortOnError  stm32f1xx_hal_uart.o
    0x080032fe   0x080032fe   0x0000004e   Code   RO         3807    i.UART_EndRxTransfer  stm32f1xx_hal_uart.o
    0x0800334c   0x0800334c   0x000000c2   Code   RO         3809    i.UART_Receive_IT   stm32f1xx_hal_uart.o
    0x0800340e   0x0800340e   0x00000002   PAD
    0x08003410   0x08003410   0x000000b8   Code   RO         3810    i.UART_SetConfig    stm32f1xx_hal_uart.o
    0x080034c8   0x080034c8   0x00000036   Code   RO         3812    i.UART_Start_Receive_IT  stm32f1xx_hal_uart.o
    0x080034fe   0x080034fe   0x00000072   Code   RO         3813    i.UART_WaitOnFlagUntilTimeout  stm32f1xx_hal_uart.o
    0x08003570   0x08003570   0x0000000c   Code   RO          675    i.USART2_IRQHandler  stm32f1xx_it.o
    0x0800357c   0x0800357c   0x00000002   Code   RO          676    i.UsageFault_Handler  stm32f1xx_it.o
    0x0800357e   0x0800357e   0x00000002   PAD
    0x08003580   0x08003580   0x00000078   Code   RO           53    i.Vofa_Handle_Receive  vofa.o
    0x080035f8   0x080035f8   0x00000018   Code   RO           54    i.Vofa_SendFloat    vofa.o
    0x08003610   0x08003610   0x00000020   Code   RO           55    i.Vofa_Tail         vofa.o
    0x08003630   0x08003630   0x00000028   Code   RO         5589    i.__ARM_fpclassify  m_ws.l(fpclassify.o)
    0x08003658   0x08003658   0x00000020   Code   RO         1857    i.__NVIC_SetPriority  stm32f1xx_hal_cortex.o
    0x08003678   0x08003678   0x000000aa   Code   RO         5591    i.__kernel_poly     m_ws.l(poly.o)
    0x08003722   0x08003722   0x00000006   Code   RO         5576    i.__mathlib_dbl_infnan  m_ws.l(dunder.o)
    0x08003728   0x08003728   0x00000004   Code   RO         5577    i.__mathlib_dbl_infnan2  m_ws.l(dunder.o)
    0x0800372c   0x0800372c   0x0000000c   Code   RO         5578    i.__mathlib_dbl_invalid  m_ws.l(dunder.o)
    0x08003738   0x08003738   0x00000010   Code   RO         5581    i.__mathlib_dbl_underflow  m_ws.l(dunder.o)
    0x08003748   0x08003748   0x00000080   Code   RO          802    i.accel_self_test   inv_mpu.o
    0x080037c8   0x080037c8   0x00000270   Code   RO         5516    i.asin              m_ws.l(asin.o)
    0x08003a38   0x08003a38   0x00000220   Code   RO         5566    i.atan              m_ws.l(atan.o)
    0x08003c58   0x08003c58   0x00000180   Code   RO         5526    i.atan2             m_ws.l(atan2.o)
    0x08003dd8   0x08003dd8   0x0000003a   Code   RO         1110    i.dmp_enable_6x_lp_quat  inv_mpu_dmp_motion_driver.o
    0x08003e12   0x08003e12   0x00000002   PAD
    0x08003e14   0x08003e14   0x000001d8   Code   RO         1111    i.dmp_enable_feature  inv_mpu_dmp_motion_driver.o
    0x08003fec   0x08003fec   0x0000003c   Code   RO         1112    i.dmp_enable_gyro_cal  inv_mpu_dmp_motion_driver.o
    0x08004028   0x08004028   0x0000003a   Code   RO         1113    i.dmp_enable_lp_quat  inv_mpu_dmp_motion_driver.o
    0x08004062   0x08004062   0x00000002   PAD
    0x08004064   0x08004064   0x00000014   Code   RO         1118    i.dmp_load_motion_driver_firmware  inv_mpu_dmp_motion_driver.o
    0x08004078   0x08004078   0x00000148   Code   RO         1119    i.dmp_read_fifo     inv_mpu_dmp_motion_driver.o
    0x080041c0   0x080041c0   0x000000d8   Code   RO         1122    i.dmp_set_accel_bias  inv_mpu_dmp_motion_driver.o
    0x08004298   0x08004298   0x00000064   Code   RO         1123    i.dmp_set_fifo_rate  inv_mpu_dmp_motion_driver.o
    0x080042fc   0x080042fc   0x000000cc   Code   RO         1124    i.dmp_set_gyro_bias  inv_mpu_dmp_motion_driver.o
    0x080043c8   0x080043c8   0x0000010c   Code   RO         1126    i.dmp_set_orientation  inv_mpu_dmp_motion_driver.o
    0x080044d4   0x080044d4   0x00000030   Code   RO         1129    i.dmp_set_shake_reject_thresh  inv_mpu_dmp_motion_driver.o
    0x08004504   0x08004504   0x00000020   Code   RO         1130    i.dmp_set_shake_reject_time  inv_mpu_dmp_motion_driver.o
    0x08004524   0x08004524   0x00000020   Code   RO         1131    i.dmp_set_shake_reject_timeout  inv_mpu_dmp_motion_driver.o
    0x08004544   0x08004544   0x00000040   Code   RO         1132    i.dmp_set_tap_axes  inv_mpu_dmp_motion_driver.o
    0x08004584   0x08004584   0x00000022   Code   RO         1133    i.dmp_set_tap_count  inv_mpu_dmp_motion_driver.o
    0x080045a6   0x080045a6   0x00000002   PAD
    0x080045a8   0x080045a8   0x00000128   Code   RO         1134    i.dmp_set_tap_thresh  inv_mpu_dmp_motion_driver.o
    0x080046d0   0x080046d0   0x00000020   Code   RO         1135    i.dmp_set_tap_time  inv_mpu_dmp_motion_driver.o
    0x080046f0   0x080046f0   0x00000020   Code   RO         1136    i.dmp_set_tap_time_multi  inv_mpu_dmp_motion_driver.o
    0x08004710   0x08004710   0x000000c0   Code   RO          803    i.get_accel_prod_shift  inv_mpu.o
    0x080047d0   0x080047d0   0x000003f4   Code   RO          804    i.get_st_biases     inv_mpu.o
    0x08004bc4   0x08004bc4   0x000000e4   Code   RO          805    i.gyro_self_test    inv_mpu.o
    0x08004ca8   0x08004ca8   0x00000048   Code   RO         1297    i.inv_row_2_scale   mpu6050.o
    0x08004cf0   0x08004cf0   0x00000036   Code   RO          319    i.main              main.o
    0x08004d26   0x08004d26   0x0000000c   Code   RO         4944    i.makeFreeRtosPriority  cmsis_os.o
    0x08004d32   0x08004d32   0x00000002   PAD
    0x08004d34   0x08004d34   0x00000054   Code   RO          806    i.mpu_configure_fifo  inv_mpu.o
    0x08004d88   0x08004d88   0x0000003c   Code   RO          807    i.mpu_get_accel_fsr  inv_mpu.o
    0x08004dc4   0x08004dc4   0x00000044   Code   RO          809    i.mpu_get_accel_sens  inv_mpu.o
    0x08004e08   0x08004e08   0x00000034   Code   RO          815    i.mpu_get_gyro_fsr  inv_mpu.o
    0x08004e3c   0x08004e3c   0x00000040   Code   RO          817    i.mpu_get_gyro_sens  inv_mpu.o
    0x08004e7c   0x08004e7c   0x00000038   Code   RO          819    i.mpu_get_lpf       inv_mpu.o
    0x08004eb4   0x08004eb4   0x0000001c   Code   RO          821    i.mpu_get_sample_rate  inv_mpu.o
    0x08004ed0   0x08004ed0   0x00000154   Code   RO          823    i.mpu_init          inv_mpu.o
    0x08005024   0x08005024   0x000000b0   Code   RO          824    i.mpu_load_firmware  inv_mpu.o
    0x080050d4   0x080050d4   0x000000d4   Code   RO          825    i.mpu_lp_accel_mode  inv_mpu.o
    0x080051a8   0x080051a8   0x000000c0   Code   RO          828    i.mpu_read_fifo_stream  inv_mpu.o
    0x08005268   0x08005268   0x00000074   Code   RO          829    i.mpu_read_mem      inv_mpu.o
    0x080052dc   0x080052dc   0x000001c0   Code   RO          832    i.mpu_reset_fifo    inv_mpu.o
    0x0800549c   0x0800549c   0x000000f0   Code   RO          833    i.mpu_run_self_test  inv_mpu.o
    0x0800558c   0x0800558c   0x00000078   Code   RO          835    i.mpu_set_accel_fsr  inv_mpu.o
    0x08005604   0x08005604   0x00000138   Code   RO          836    i.mpu_set_bypass    inv_mpu.o
    0x0800573c   0x0800573c   0x00000094   Code   RO          838    i.mpu_set_dmp_state  inv_mpu.o
    0x080057d0   0x080057d0   0x00000080   Code   RO          839    i.mpu_set_gyro_fsr  inv_mpu.o
    0x08005850   0x08005850   0x00000074   Code   RO          840    i.mpu_set_int_latched  inv_mpu.o
    0x080058c4   0x080058c4   0x00000080   Code   RO          842    i.mpu_set_lpf       inv_mpu.o
    0x08005944   0x08005944   0x00000098   Code   RO          843    i.mpu_set_sample_rate  inv_mpu.o
    0x080059dc   0x080059dc   0x000000dc   Code   RO          844    i.mpu_set_sensors   inv_mpu.o
    0x08005ab8   0x08005ab8   0x00000074   Code   RO          845    i.mpu_write_mem     inv_mpu.o
    0x08005b2c   0x08005b2c   0x0000000e   Code   RO         4946    i.osDelay           cmsis_os.o
    0x08005b3a   0x08005b3a   0x0000000e   Code   RO         4947    i.osDelayUntil      cmsis_os.o
    0x08005b48   0x08005b48   0x0000000a   Code   RO         4949    i.osKernelStart     cmsis_os.o
    0x08005b52   0x08005b52   0x00000054   Code   RO         4983    i.osThreadCreate    cmsis_os.o
    0x08005ba6   0x08005ba6   0x00000002   PAD
    0x08005ba8   0x08005ba8   0x00000070   Code   RO         4620    i.prvAddCurrentTaskToDelayedList  tasks.o
    0x08005c18   0x08005c18   0x000000d0   Code   RO         4621    i.prvAddNewTaskToReadyList  tasks.o
    0x08005ce8   0x08005ce8   0x00000034   Code   RO         4622    i.prvDeleteTCB      tasks.o
    0x08005d1c   0x08005d1c   0x0000004c   Code   RO         5311    i.prvHeapInit       heap_4.o
    0x08005d68   0x08005d68   0x00000060   Code   RO         4623    i.prvIdleTask       tasks.o
    0x08005dc8   0x08005dc8   0x00000098   Code   RO         4624    i.prvInitialiseNewTask  tasks.o
    0x08005e60   0x08005e60   0x0000004c   Code   RO         5312    i.prvInsertBlockIntoFreeList  heap_4.o
    0x08005eac   0x08005eac   0x00000020   Code   RO         4625    i.prvResetNextTaskUnblockTime  tasks.o
    0x08005ecc   0x08005ecc   0x00000028   Code   RO         5380    i.prvTaskExitError  port.o
    0x08005ef4   0x08005ef4   0x000000dc   Code   RO         5313    i.pvPortMalloc      heap_4.o
    0x08005fd0   0x08005fd0   0x00000024   Code   RO         5381    i.pxPortInitialiseStack  port.o
    0x08005ff4   0x08005ff4   0x00000082   Code   RO         1298    i.run_self_test     mpu6050.o
    0x08006076   0x08006076   0x00000002   PAD
    0x08006078   0x08006078   0x0000007c   Code   RO          846    i.set_int_enable    inv_mpu.o
    0x080060f4   0x080060f4   0x0000004c   Code   RO         5595    i.sqrt              m_ws.l(sqrt.o)
    0x08006140   0x08006140   0x00000026   Code   RO         4256    i.uxListRemove      list.o
    0x08006166   0x08006166   0x00000002   PAD
    0x08006168   0x08006168   0x00000014   Code   RO          445    i.vApplicationGetIdleTaskMemory  freertos.o
    0x0800617c   0x0800617c   0x00000016   Code   RO         4257    i.vListInitialise   list.o
    0x08006192   0x08006192   0x00000006   Code   RO         4258    i.vListInitialiseItem  list.o
    0x08006198   0x08006198   0x00000030   Code   RO         4259    i.vListInsert       list.o
    0x080061c8   0x080061c8   0x00000018   Code   RO         4260    i.vListInsertEnd    list.o
    0x080061e0   0x080061e0   0x00000040   Code   RO         5383    i.vPortEnterCritical  port.o
    0x08006220   0x08006220   0x00000028   Code   RO         5384    i.vPortExitCritical  port.o
    0x08006248   0x08006248   0x00000064   Code   RO         5314    i.vPortFree         heap_4.o
    0x080062ac   0x080062ac   0x00000024   Code   RO         5385    i.vPortSetupTimerInterrupt  port.o
    0x080062d0   0x080062d0   0x0000004c   Code   RO         4634    i.vTaskDelay        tasks.o
    0x0800631c   0x0800631c   0x0000008c   Code   RO         4635    i.vTaskDelayUntil   tasks.o
    0x080063a8   0x080063a8   0x0000006c   Code   RO         4648    i.vTaskStartScheduler  tasks.o
    0x08006414   0x08006414   0x00000010   Code   RO         4650    i.vTaskSuspendAll   tasks.o
    0x08006424   0x08006424   0x0000005c   Code   RO         4651    i.vTaskSwitchContext  tasks.o
    0x08006480   0x08006480   0x000000a8   Code   RO         5387    i.xPortStartScheduler  port.o
    0x08006528   0x08006528   0x0000005a   Code   RO         4654    i.xTaskCreate       tasks.o
    0x08006582   0x08006582   0x00000056   Code   RO         4655    i.xTaskCreateStatic  tasks.o
    0x080065d8   0x080065d8   0x0000000c   Code   RO         4660    i.xTaskGetTickCount  tasks.o
    0x080065e4   0x080065e4   0x000000cc   Code   RO         4662    i.xTaskIncrementTick  tasks.o
    0x080066b0   0x080066b0   0x000000c4   Code   RO         4668    i.xTaskResumeAll    tasks.o
    0x08006774   0x08006774   0x00000062   Code   RO         5477    x$fpl$d2f           fz_ws.l(d2f.o)
    0x080067d6   0x080067d6   0x00000002   PAD
    0x080067d8   0x080067d8   0x00000150   Code   RO         5540    x$fpl$dadd          fz_ws.l(daddsub_clz.o)
    0x08006928   0x08006928   0x00000010   Code   RO         5626    x$fpl$dcheck1       fz_ws.l(dcheck1.o)
    0x08006938   0x08006938   0x000002b0   Code   RO         5547    x$fpl$ddiv          fz_ws.l(ddiv.o)
    0x08006be8   0x08006be8   0x00000154   Code   RO         5479    x$fpl$dmul          fz_ws.l(dmul.o)
    0x08006d3c   0x08006d3c   0x0000009c   Code   RO         5550    x$fpl$dnaninf       fz_ws.l(dnaninf.o)
    0x08006dd8   0x08006dd8   0x0000000c   Code   RO         5552    x$fpl$dretinf       fz_ws.l(dretinf.o)
    0x08006de4   0x08006de4   0x00000016   Code   RO         5541    x$fpl$drsb          fz_ws.l(daddsub_clz.o)
    0x08006dfa   0x08006dfa   0x00000002   PAD
    0x08006dfc   0x08006dfc   0x000001cc   Code   RO         5630    x$fpl$dsqrt         fz_ws.l(dsqrt_noumaal.o)
    0x08006fc8   0x08006fc8   0x000001d4   Code   RO         5542    x$fpl$dsub          fz_ws.l(daddsub_clz.o)
    0x0800719c   0x0800719c   0x00000056   Code   RO         5481    x$fpl$f2d           fz_ws.l(f2d.o)
    0x080071f2   0x080071f2   0x00000002   PAD
    0x080071f4   0x080071f4   0x000000c4   Code   RO         5483    x$fpl$fadd          fz_ws.l(faddsub_clz.o)
    0x080072b8   0x080072b8   0x0000000c   Code   RO         5554    x$fpl$fcheck1       fz_ws.l(fcheck1.o)
    0x080072c4   0x080072c4   0x00000018   Code   RO         5556    x$fpl$fcmpinf       fz_ws.l(fcmpi.o)
    0x080072dc   0x080072dc   0x00000184   Code   RO         5490    x$fpl$fdiv          fz_ws.l(fdiv.o)
    0x08007460   0x08007460   0x00000036   Code   RO         5493    x$fpl$ffix          fz_ws.l(ffix.o)
    0x08007496   0x08007496   0x00000002   PAD
    0x08007498   0x08007498   0x0000003e   Code   RO         5497    x$fpl$ffixu         fz_ws.l(ffixu.o)
    0x080074d6   0x080074d6   0x00000002   PAD
    0x080074d8   0x080074d8   0x00000030   Code   RO         5502    x$fpl$fflt          fz_ws.l(fflt_clz.o)
    0x08007508   0x08007508   0x00000026   Code   RO         5501    x$fpl$ffltu         fz_ws.l(fflt_clz.o)
    0x0800752e   0x0800752e   0x00000002   PAD
    0x08007530   0x08007530   0x00000068   Code   RO         5507    x$fpl$fleqf         fz_ws.l(fleqf.o)
    0x08007598   0x08007598   0x00000102   Code   RO         5509    x$fpl$fmul          fz_ws.l(fmul.o)
    0x0800769a   0x0800769a   0x0000008c   Code   RO         5558    x$fpl$fnaninf       fz_ws.l(fnaninf.o)
    0x08007726   0x08007726   0x0000000a   Code   RO         5560    x$fpl$fretinf       fz_ws.l(fretinf.o)
    0x08007730   0x08007730   0x00000062   Code   RO         5511    x$fpl$frleqf        fz_ws.l(frleqf.o)
    0x08007792   0x08007792   0x00000002   PAD
    0x08007794   0x08007794   0x000000ea   Code   RO         5485    x$fpl$fsub          fz_ws.l(faddsub_clz.o)
    0x0800787e   0x0800787e   0x00000064   Code   RO         5632    x$fpl$retnan        fz_ws.l(retnan.o)
    0x080078e2   0x080078e2   0x0000005c   Code   RO         5562    x$fpl$scalbn        fz_ws.l(scalbn.o)
    0x0800793e   0x0800793e   0x0000004c   Code   RO         5513    x$fpl$scalbnf       fz_ws.l(scalbnf.o)
    0x0800798a   0x0800798a   0x00000030   Code   RO         5651    x$fpl$trapveneer    fz_ws.l(trapv.o)
    0x080079ba   0x080079ba   0x00000000   Code   RO         5564    x$fpl$usenofp       fz_ws.l(usenofp.o)
    0x080079ba   0x080079ba   0x00000002   PAD
    0x080079bc   0x080079bc   0x00000054   Data   RO          449    .constdata          freertos.o
    0x08007a10   0x08007a10   0x0000001e   Data   RO          847    .constdata          inv_mpu.o
    0x08007a2e   0x08007a2e   0x0000000c   Data   RO          848    .constdata          inv_mpu.o
    0x08007a3a   0x08007a3a   0x00000002   PAD
    0x08007a3c   0x08007a3c   0x00000028   Data   RO          849    .constdata          inv_mpu.o
    0x08007a64   0x08007a64   0x00000bf6   Data   RO         1138    .constdata          inv_mpu_dmp_motion_driver.o
    0x0800865a   0x0800865a   0x00000012   Data   RO         1555    .constdata          stm32f1xx_hal_rcc.o
    0x0800866c   0x0800866c   0x00000010   Data   RO         4119    .constdata          system_stm32f1xx.o
    0x0800867c   0x0800867c   0x00000008   Data   RO         4120    .constdata          system_stm32f1xx.o
    0x08008684   0x08008684   0x00000004   PAD
    0x08008688   0x08008688   0x00000050   Data   RO         5517    .constdata          m_ws.l(asin.o)
    0x080086d8   0x080086d8   0x00000098   Data   RO         5567    .constdata          m_ws.l(atan.o)
    0x08008770   0x08008770   0x00000008   Data   RO         5593    .constdata          m_ws.l(qnan.o)
    0x08008778   0x08008778   0x00000027   Data   RO          450    .conststring        freertos.o
    0x0800879f   0x0800879f   0x00000001   PAD
    0x080087a0   0x080087a0   0x00000020   Data   RO         5781    Region$$Table       anon$$obj.o


    Execution Region RW_IRAM1 (Exec base: 0x20000000, Load base: 0x080087c0, Size: 0x00001910, Max: 0x00005000, ABSOLUTE)

    Exec Addr    Load Addr    Size         Type   Attr      Idx    E Section Name        Object

    0x20000000   0x080087c0   0x00000014   Data   RW           56    .data               vofa.o
    0x20000014   0x080087d4   0x00000028   Data   RW          451    .data               freertos.o
    0x2000003c   0x080087fc   0x0000002c   Data   RW          850    .data               inv_mpu.o
    0x20000068   0x08008828   0x00000009   Data   RW         1299    .data               mpu6050.o
    0x20000071   0x08008831   0x00000003   PAD
    0x20000074   0x08008834   0x0000000c   Data   RW         1392    .data               stm32f1xx_hal.o
    0x20000080   0x08008840   0x00000004   Data   RW         4121    .data               system_stm32f1xx.o
    0x20000084   0x08008844   0x0000003c   Data   RW         4671    .data               tasks.o
    0x200000c0   0x08008880   0x00000020   Data   RW         5320    .data               heap_4.o
    0x200000e0   0x080088a0   0x0000000c   Data   RW         5388    .data               port.o
    0x200000ec        -       0x00000308   Zero   RW          446    .bss                freertos.o
    0x200003f4        -       0x00000054   Zero   RW          516    .bss                i2c.o
    0x20000448        -       0x000000d8   Zero   RW          563    .bss                tim.o
    0x20000520        -       0x00000048   Zero   RW          630    .bss                usart.o
    0x20000568        -       0x00000048   Zero   RW          766    .bss                stm32f1xx_hal_timebase_tim.o
    0x200005b0        -       0x00000010   Zero   RW         1137    .bss                inv_mpu_dmp_motion_driver.o
    0x200005c0        -       0x000000f0   Zero   RW         4670    .bss                tasks.o
    0x200006b0        -       0x00000c00   Zero   RW         5319    .bss                heap_4.o
    0x200012b0        -       0x00000060   Zero   RW         5635    .bss                c_w.l(libspace.o)
    0x20001310        -       0x00000200   Zero   RW            2    HEAP                startup_stm32f103xb.o
    0x20001510        -       0x00000400   Zero   RW            1    STACK               startup_stm32f103xb.o


==============================================================================

Image component sizes


      Code (inc. data)   RO Data    RW Data    ZI Data      Debug   Object Name

       134          0          0          0          0      23724   cmsis_os.o
         0          0          0          0          0      16916   event_groups.o
       788        116        123         40        776       5704   freertos.o
       168         14          0          0          0        875   gpio.o
       472         24          0         32       3072       7127   heap_4.o
       160         28          0          0         84       1517   i2c.o
      5260        278         82         44          0      25979   inv_mpu.o
      2354        118       3062          0         16      18964   inv_mpu_dmp_motion_driver.o
       138          0          0          0          0       3218   list.o
       172          6          0          0          0      33976   main.o
       770         10          0          9          0       3906   mpu6050.o
       540         20          0          0          0       4983   oled.o
       408          0          0          0          0       4635   pid.o
       578         60          0         12          0       9944   port.o
        64         26        236          0       1536        784   startup_stm32f103xb.o
       100         18          0         12          0       5046   stm32f1xx_hal.o
       158         14          0          0          0      28038   stm32f1xx_hal_cortex.o
       222          4          0          0          0       1687   stm32f1xx_hal_dma.o
       490         34          0          0          0       2808   stm32f1xx_hal_gpio.o
      2382         56          0          0          0      12670   stm32f1xx_hal_i2c.o
        72         10          0          0          0        814   stm32f1xx_hal_msp.o
      1304         94         18          0          0       5541   stm32f1xx_hal_rcc.o
      2044         56          0          0          0      17333   stm32f1xx_hal_tim.o
       108         12          0          0          0       2289   stm32f1xx_hal_tim_ex.o
       140         22          0          0         72       1339   stm32f1xx_hal_timebase_tim.o
      1554         10          0          0          0      10564   stm32f1xx_hal_uart.o
        36         12          0          0          0       3234   stm32f1xx_it.o
         0          0          0          0          0        384   stream_buffer.o
         2          0         24          4          0       1035   system_stm32f1xx.o
      1672        126          0         60        240      20164   tasks.o
       664         66          0          0        216       4076   tim.o
       184         22          0          0         72       1574   usart.o
       228         40          0         20          0     435816   vofa.o

    ----------------------------------------------------------------------
     23406       1296       3584        236       6084     716664   Object Totals
         0          0         32          0          0          0   (incl. Generated)
        40          0          7          3          0          0   (incl. Padding)

    ----------------------------------------------------------------------

      Code (inc. data)   RO Data    RW Data    ZI Data      Debug   Library Member Name

         8          0          0          0          0         68   __main.o
         0          0          0          0          0          0   __rtentry.o
        12          0          0          0          0          0   __rtentry2.o
         6          0          0          0          0          0   __rtentry4.o
        52          8          0          0          0          0   __scatter.o
        26          0          0          0          0          0   __scatter_copy.o
        28          0          0          0          0          0   __scatter_zi.o
        22          0          0          0          0        100   _rserrno.o
        16          0          0          0          0         68   aeabi_memset.o
        18          0          0          0          0         80   exit.o
         6          0          0          0          0        152   heapauxi.o
         0          0          0          0          0          0   indicate_semi.o
         2          0          0          0          0          0   libinit.o
         2          0          0          0          0          0   libinit2.o
         2          0          0          0          0          0   libshutdown.o
         2          0          0          0          0          0   libshutdown2.o
         8          4          0          0         96         68   libspace.o
        72          0          0          0          0         76   llsdiv.o
       238          0          0          0          0        100   lludivv7m.o
        88          0          0          0          0         76   memcmp.o
         8          4          0          0          0         68   rt_errno_addr_intlibspace.o
        68          0          0          0          0         68   rt_memclr.o
        78          0          0          0          0         80   rt_memclr_w.o
       100          0          0          0          0         80   rt_memcpy_w.o
         2          0          0          0          0          0   rtexit.o
        10          0          0          0          0          0   rtexit2.o
        12          4          0          0          0         68   sys_exit.o
        74          0          0          0          0         80   sys_stackheap_outer.o
         2          0          0          0          0         68   use_no_semi.o
        98          4          0          0          0         92   d2f.o
       826         16          0          0          0        348   daddsub_clz.o
        16          4          0          0          0         68   dcheck1.o
       688        140          0          0          0        208   ddiv.o
       340         12          0          0          0        104   dmul.o
       156          4          0          0          0         92   dnaninf.o
        12          0          0          0          0         68   dretinf.o
       460         56          0          0          0        120   dsqrt_noumaal.o
        86          4          0          0          0         84   f2d.o
       430          8          0          0          0        168   faddsub_clz.o
        12          4          0          0          0         68   fcheck1.o
        24          0          0          0          0         68   fcmpi.o
       388         76          0          0          0         96   fdiv.o
        54          4          0          0          0         84   ffix.o
        62          4          0          0          0         84   ffixu.o
        86          0          0          0          0        136   fflt_clz.o
       104          4          0          0          0         84   fleqf.o
       258          4          0          0          0         84   fmul.o
       140          4          0          0          0         84   fnaninf.o
        10          0          0          0          0         68   fretinf.o
        98          0          0          0          0         68   frleqf.o
       100          0          0          0          0         68   retnan.o
        92          0          0          0          0         68   scalbn.o
        76          0          0          0          0         68   scalbnf.o
        48          0          0          0          0         68   trapv.o
         0          0          0          0          0          0   usenofp.o
       624         52         80          0          0        168   asin.o
       544         70        152          0          0        124   atan.o
       384         38          0          0          0        144   atan2.o
        38          6          0          0          0        272   dunder.o
        40          0          0          0          0         68   fpclassify.o
       170          0          0          0          0         96   poly.o
         0          0          8          0          0          0   qnan.o
        76          0          0          0          0         84   sqrt.o

    ----------------------------------------------------------------------
      7522        534        240          0         96       4804   Library Totals
        20          0          0          0          0          0   (incl. Padding)

    ----------------------------------------------------------------------

      Code (inc. data)   RO Data    RW Data    ZI Data      Debug   Library Name

       962         20          0          0         96       1300   c_w.l
      4664        348          0          0          0       2548   fz_ws.l
      1876        166        240          0          0        956   m_ws.l

    ----------------------------------------------------------------------
      7522        534        240          0         96       4804   Library Totals

    ----------------------------------------------------------------------

==============================================================================


      Code (inc. data)   RO Data    RW Data    ZI Data      Debug   

     30928       1830       3824        236       6180     708412   Grand Totals
     30928       1830       3824        236       6180     708412   ELF Image Totals
     30928       1830       3824        236          0          0   ROM Totals

==============================================================================

    Total RO  Size (Code + RO Data)                34752 (  33.94kB)
    Total RW  Size (RW Data + ZI Data)              6416 (   6.27kB)
    Total ROM Size (Code + RO Data + RW Data)      34988 (  34.17kB)

==============================================================================

